
> inventory-app@0.1.0 test
> NODE_OPTIONS='--max-old-space-size=4096' jest

PASS src/app/api/_utils/__tests__/withAuthRoute.test.ts
FAIL src/app/api/connections/__tests__/route.test.ts
  ● /api/connections › GET › should reject GET when org context is missing

    expect(received).toBe(expected) // Object.is equality

    Expected: "Organization context required"
    Received: undefined

      120 |
      121 |       expect(response.status).toBe(403);
    > 122 |       expect(json.error).toBe('Organization context required');
          |                          ^
      123 |       expect(mockUserSupabase.from).not.toHaveBeenCalled();
      124 |     });
      125 |

      at Object.toBe (src/app/api/connections/__tests__/route.test.ts:122:26)

  ● /api/connections › GET › should return 400 for invalid client_id

    expect(received).toBe(expected) // Object.is equality

    Expected: "Invalid client_id format"
    Received: undefined

      212 |
      213 |       expect(response.status).toBe(400);
    > 214 |       expect(json.error).toBe('Invalid client_id format');
          |                          ^
      215 |     });
      216 |   });
      217 |

      at Object.toBe (src/app/api/connections/__tests__/route.test.ts:214:26)

  ● /api/connections › POST › should return 400 for invalid data

    expect(received).toContain(expected) // indexOf

    Matcher error: received value must not be null nor undefined

    Received has value: undefined

      276 |
      277 |       expect(response.status).toBe(400);
    > 278 |       expect(json.error).toContain('Invalid connection data');
          |                          ^
      279 |     });
      280 |   });
      281 |

      at Object.toContain (src/app/api/connections/__tests__/route.test.ts:278:26)

  ● /api/connections › PATCH › should return 400 when id is missing

    expect(received).toBe(expected) // Object.is equality

    Expected: "Connection ID is required"
    Received: undefined

      328 |
      329 |       expect(response.status).toBe(400);
    > 330 |       expect(json.error).toBe('Connection ID is required');
          |                          ^
      331 |     });
      332 |   });
      333 |

      at Object.toBe (src/app/api/connections/__tests__/route.test.ts:330:26)

  ● /api/connections › DELETE › should return 400 when id is missing

    expect(received).toBe(expected) // Object.is equality

    Expected: "Connection ID is required"
    Received: undefined

      362 |
      363 |       expect(response.status).toBe(400);
    > 364 |       expect(json.error).toBe('Connection ID is required');
          |                          ^
      365 |     });
      366 |   });
      367 |

      at Object.toBe (src/app/api/connections/__tests__/route.test.ts:364:26)

  ● /api/connections › PUT › should return 500 and skip follow-up fetch when atomic reorder fails

    expect(received).toBe(expected) // Object.is equality

    Expected: "Failed to reorder connections"
    Received: undefined

      439 |
      440 |       expect(response.status).toBe(500);
    > 441 |       expect(json.error).toBe('Failed to reorder connections');
          |                          ^
      442 |       expect(json.error_code).toBe('CONNECTION_REORDER_FAILED');
      443 |       expect(mockRpc).toHaveBeenCalledWith('reorder_connections_atomic', {
      444 |         p_orders: orders,

      at Object.toBe (src/app/api/connections/__tests__/route.test.ts:441:26)

  ● /api/connections › PUT › should return 400 when orders is not an array

    expect(received).toBe(expected) // Object.is equality

    Expected: "orders must be an array"
    Received: undefined

      456 |
      457 |       expect(response.status).toBe(400);
    > 458 |       expect(json.error).toBe('orders must be an array');
          |                          ^
      459 |     });
      460 |
      461 |     it('should return empty array when orders is empty', async () => {

      at Object.toBe (src/app/api/connections/__tests__/route.test.ts:458:26)

  ● /api/connections › PUT › should return 400 for invalid connection ID in orders

    expect(received).toContain(expected) // indexOf

    Matcher error: received value must not be null nor undefined

    Received has value: undefined

      485 |
      486 |       expect(response.status).toBe(400);
    > 487 |       expect(json.error).toContain('Invalid connection ID');
          |                          ^
      488 |     });
      489 |   });
      490 | });

      at Object.toContain (src/app/api/connections/__tests__/route.test.ts:487:26)

FAIL src/app/api/contacts/__tests__/route.test.ts
  ● Console

    console.error
      API handler error { code: 'PGRST116', message: 'Database error' }

      206 |
      207 |     if (process.env.NODE_ENV === 'test') {
    > 208 |       console.error('API handler error', error);
          |               ^
      209 |     }
      210 |
      211 |     // ✅ supabase가 아닌 에러까지 supabase로 뭉개지지 않도록 정규화

      at error (src/app/api/_utils/apiHandler.ts:208:15)
      at src/app/api/_utils/withSentryRoute.ts:15:14
      at Object.<anonymous> (src/app/api/contacts/__tests__/route.test.ts:1000:24)

  ● /api/contacts › GET › should reject requests without org context

    expect(received).toBe(expected) // Object.is equality

    Expected: "Organization context required"
    Received: undefined

       96 |
       97 |       expect(response.status).toBe(403);
    >  98 |       expect(json.error).toBe('Organization context required');
          |                          ^
       99 |       expect(json.success).toBe(false);
      100 |       expect(mockUserSupabase.from).not.toHaveBeenCalled();
      101 |     });

      at Object.toBe (src/app/api/contacts/__tests__/route.test.ts:98:26)

  ● /api/contacts › GET › should return 400 for invalid date filters

    expect(received).toBe(expected) // Object.is equality

    Expected: "Invalid fromDate format"
    Received: undefined

      407 |
      408 |       expect(response.status).toBe(400);
    > 409 |       expect(json.error).toBe('Invalid fromDate format');
          |                          ^
      410 |       expect(mockUserSupabase.from).not.toHaveBeenCalled();
      411 |     });
      412 |

      at Object.toBe (src/app/api/contacts/__tests__/route.test.ts:409:26)

  ● /api/contacts › GET › should reject clientIds lists larger than 50

    expect(received).toBe(expected) // Object.is equality

    Expected: "clientIds cannot exceed 50 IDs"
    Received: undefined

      427 |
      428 |       expect(response.status).toBe(400);
    > 429 |       expect(json.error).toBe('clientIds cannot exceed 50 IDs');
          |                          ^
      430 |       expect(mockUserSupabase.from).not.toHaveBeenCalled();
      431 |     });
      432 |

      at Object.toBe (src/app/api/contacts/__tests__/route.test.ts:429:26)

  ● /api/contacts › POST › should reject POST without org context

    expect(received).toBe(expected) // Object.is equality

    Expected: "Organization context required"
    Received: undefined

      529 |
      530 |       expect(response.status).toBe(403);
    > 531 |       expect(json.error).toBe('Organization context required');
          |                          ^
      532 |       expect(json.success).toBe(false);
      533 |       expect(mockUserSupabase.from).not.toHaveBeenCalled();
      534 |     });

      at Object.toBe (src/app/api/contacts/__tests__/route.test.ts:531:26)

  ● /api/contacts › POST › should reject instrument_id outside caller org

    expect(received).toBe(expected) // Object.is equality

    Expected: "Instrument not found in organization"
    Received: undefined

      649 |
      650 |       expect(response.status).toBe(400);
    > 651 |       expect(json.error).toBe('Instrument not found in organization');
          |                          ^
      652 |       expect(json.success).toBe(false);
      653 |       expect(mockInstrumentQuery.eq).toHaveBeenNthCalledWith(
      654 |         1,

      at Object.toBe (src/app/api/contacts/__tests__/route.test.ts:651:26)

  ● /api/contacts › POST › should reject client_id outside caller org

    expect(received).toBe(expected) // Object.is equality

    Expected: "Client not found in organization"
    Received: undefined

      752 |
      753 |       expect(response.status).toBe(400);
    > 754 |       expect(json.error).toBe('Client not found in organization');
          |                          ^
      755 |       expect(json.success).toBe(false);
      756 |       expect(mockInsertQuery.insert).not.toHaveBeenCalled();
      757 |     });

      at Object.toBe (src/app/api/contacts/__tests__/route.test.ts:754:26)

  ● /api/contacts › POST › should return 400 when client_id is missing

    expect(received).toContain(expected) // indexOf

    Matcher error: received value must not be null nor undefined

    Received has value: undefined

      770 |
      771 |       expect(response.status).toBe(400);
    > 772 |       expect(json.error).toContain('Valid client_id is required');
          |                          ^
      773 |     });
      774 |
      775 |     it('should return 400 when contact_type is invalid', async () => {

      at Object.toContain (src/app/api/contacts/__tests__/route.test.ts:772:26)

  ● /api/contacts › POST › should return 400 when contact_type is invalid

    expect(received).toContain(expected) // indexOf

    Matcher error: received value must not be null nor undefined

    Received has value: undefined

      787 |
      788 |       expect(response.status).toBe(400);
    > 789 |       expect(json.error).toContain('Valid contact_type is required');
          |                          ^
      790 |     });
      791 |
      792 |     it('should return 400 when content is missing', async () => {

      at Object.toContain (src/app/api/contacts/__tests__/route.test.ts:789:26)

  ● /api/contacts › POST › should return 400 when content is missing

    expect(received).toBe(expected) // Object.is equality

    Expected: "Content is required"
    Received: undefined

      803 |
      804 |       expect(response.status).toBe(400);
    > 805 |       expect(json.error).toBe('Content is required');
          |                          ^
      806 |     });
      807 |   });
      808 |

      at Object.toBe (src/app/api/contacts/__tests__/route.test.ts:805:26)

  ● /api/contacts › PATCH › should return 400 when id is missing

    expect(received).toContain(expected) // indexOf

    Matcher error: received value must not be null nor undefined

    Received has value: undefined

      854 |
      855 |       expect(response.status).toBe(400);
    > 856 |       expect(json.error).toContain('Valid id is required');
          |                          ^
      857 |     });
      858 |
      859 |     it('should trim content when updating', async () => {

      at Object.toContain (src/app/api/contacts/__tests__/route.test.ts:856:26)

  ● /api/contacts › PATCH › should reject invalid contact_date on patch

    expect(received).toBe(expected) // Object.is equality

    Expected: "Invalid contact_date format"
    Received: undefined

      904 |
      905 |       expect(response.status).toBe(400);
    > 906 |       expect(json.error).toBe('Invalid contact_date format');
          |                          ^
      907 |       expect(mockUserSupabase.from).not.toHaveBeenCalled();
      908 |     });
      909 |

      at Object.toBe (src/app/api/contacts/__tests__/route.test.ts:906:26)

  ● /api/contacts › PATCH › should reject invalid next_follow_up_date on patch

    expect(received).toBe(expected) // Object.is equality

    Expected: "Invalid next_follow_up_date format"
    Received: undefined

      926 |
      927 |       expect(response.status).toBe(400);
    > 928 |       expect(json.error).toBe('Invalid next_follow_up_date format');
          |                          ^
      929 |       expect(mockUserSupabase.from).not.toHaveBeenCalled();
      930 |     });
      931 |   });

      at Object.toBe (src/app/api/contacts/__tests__/route.test.ts:928:26)

  ● /api/contacts › DELETE › should delete a contact log

    expect(received).toBe(expected) // Object.is equality

    Expected: 200
    Received: 404

      949 |       const json = await response.json();
      950 |
    > 951 |       expect(response.status).toBe(200);
          |                               ^
      952 |       expect(json.success).toBe(true);
      953 |       expect(mockQuery.eq).toHaveBeenCalledWith('id', mockContactLog.id);
      954 |       expect(mockQuery.eq).toHaveBeenCalledWith('org_id', 'test-org');

      at Object.toBe (src/app/api/contacts/__tests__/route.test.ts:951:31)

  ● /api/contacts › DELETE › should return 400 when id is missing

    expect(received).toContain(expected) // indexOf

    Matcher error: received value must not be null nor undefined

    Received has value: undefined

      962 |
      963 |       expect(response.status).toBe(400);
    > 964 |       expect(json.error).toContain('Valid id is required');
          |                          ^
      965 |     });
      966 |
      967 |     it('should return 400 for invalid UUID', async () => {

      at Object.toContain (src/app/api/contacts/__tests__/route.test.ts:964:26)

  ● /api/contacts › DELETE › should return 400 for invalid UUID

    expect(received).toContain(expected) // indexOf

    Matcher error: received value must not be null nor undefined

    Received has value: undefined

      976 |
      977 |       expect(response.status).toBe(400);
    > 978 |       expect(json.error).toContain('Valid id is required');
          |                          ^
      979 |     });
      980 |
      981 |     it('should handle Supabase errors on delete', async () => {

      at Object.toContain (src/app/api/contacts/__tests__/route.test.ts:978:26)

FAIL src/app/api/instruments/__tests__/route.test.ts
  ● Console

    console.error
      API handler error TypeError: (0 , _inputValidation.sanitizeSearchForOrIlike) is not a function
          at /Users/soyeonhong/HC-Violins-and-Bows/src/app/api/instruments/route.ts:63:46
          at fn (/Users/soyeonhong/HC-Violins-and-Bows/src/app/api/_utils/apiHandler.ts:174:26)
          at getHandler (/Users/soyeonhong/HC-Violins-and-Bows/src/app/api/instruments/route.ts:40:20)
          at handler (/Users/soyeonhong/HC-Violins-and-Bows/src/app/api/instruments/__tests__/route.test.ts:17:7)
          at handler (/Users/soyeonhong/HC-Violins-and-Bows/src/app/api/_utils/withSentryRoute.ts:15:20)
          at Object.<anonymous> (/Users/soyeonhong/HC-Violins-and-Bows/src/app/api/instruments/__tests__/route.test.ts:141:33)
          at Promise.finally.completed (/Users/soyeonhong/HC-Violins-and-Bows/node_modules/jest-circus/build/jestAdapterInit.js:1557:28)
          at new Promise (<anonymous>)
          at callAsyncCircusFn (/Users/soyeonhong/HC-Violins-and-Bows/node_modules/jest-circus/build/jestAdapterInit.js:1497:10)
          at _callCircusTest (/Users/soyeonhong/HC-Violins-and-Bows/node_modules/jest-circus/build/jestAdapterInit.js:1007:40)
          at processTicksAndRejections (node:internal/process/task_queues:95:5)
          at _runTest (/Users/soyeonhong/HC-Violins-and-Bows/node_modules/jest-circus/build/jestAdapterInit.js:947:3)
          at /Users/soyeonhong/HC-Violins-and-Bows/node_modules/jest-circus/build/jestAdapterInit.js:849:7
          at _runTestsForDescribeBlock (/Users/soyeonhong/HC-Violins-and-Bows/node_modules/jest-circus/build/jestAdapterInit.js:862:11)
          at _runTestsForDescribeBlock (/Users/soyeonhong/HC-Violins-and-Bows/node_modules/jest-circus/build/jestAdapterInit.js:857:11)
          at _runTestsForDescribeBlock (/Users/soyeonhong/HC-Violins-and-Bows/node_modules/jest-circus/build/jestAdapterInit.js:857:11)
          at run (/Users/soyeonhong/HC-Violins-and-Bows/node_modules/jest-circus/build/jestAdapterInit.js:761:3)
          at runAndTransformResultsToJestFormat (/Users/soyeonhong/HC-Violins-and-Bows/node_modules/jest-circus/build/jestAdapterInit.js:1918:21)
          at jestAdapter (/Users/soyeonhong/HC-Violins-and-Bows/node_modules/jest-circus/build/runner.js:101:19)
          at runTestInternal (/Users/soyeonhong/HC-Violins-and-Bows/node_modules/jest-runner/build/testWorker.js:275:16)
          at runTest (/Users/soyeonhong/HC-Violins-and-Bows/node_modules/jest-runner/build/testWorker.js:343:7)
          at Object.worker (/Users/soyeonhong/HC-Violins-and-Bows/node_modules/jest-runner/build/testWorker.js:497:12)

      206 |
      207 |     if (process.env.NODE_ENV === 'test') {
    > 208 |       console.error('API handler error', error);
          |               ^
      209 |     }
      210 |
      211 |     // ✅ supabase가 아닌 에러까지 supabase로 뭉개지지 않도록 정규화

      at error (src/app/api/_utils/apiHandler.ts:208:15)

    console.error
      API handler error TypeError: (0 , _inputValidation.sanitizeSearchForOrIlike) is not a function
          at /Users/soyeonhong/HC-Violins-and-Bows/src/app/api/instruments/route.ts:63:46
          at fn (/Users/soyeonhong/HC-Violins-and-Bows/src/app/api/_utils/apiHandler.ts:174:26)
          at getHandler (/Users/soyeonhong/HC-Violins-and-Bows/src/app/api/instruments/route.ts:40:20)
          at handler (/Users/soyeonhong/HC-Violins-and-Bows/src/app/api/instruments/__tests__/route.test.ts:17:7)
          at handler (/Users/soyeonhong/HC-Violins-and-Bows/src/app/api/_utils/withSentryRoute.ts:15:20)
          at Object.<anonymous> (/Users/soyeonhong/HC-Violins-and-Bows/src/app/api/instruments/__tests__/route.test.ts:184:16)
          at Promise.finally.completed (/Users/soyeonhong/HC-Violins-and-Bows/node_modules/jest-circus/build/jestAdapterInit.js:1557:28)
          at new Promise (<anonymous>)
          at callAsyncCircusFn (/Users/soyeonhong/HC-Violins-and-Bows/node_modules/jest-circus/build/jestAdapterInit.js:1497:10)
          at _callCircusTest (/Users/soyeonhong/HC-Violins-and-Bows/node_modules/jest-circus/build/jestAdapterInit.js:1007:40)
          at processTicksAndRejections (node:internal/process/task_queues:95:5)
          at _runTest (/Users/soyeonhong/HC-Violins-and-Bows/node_modules/jest-circus/build/jestAdapterInit.js:947:3)
          at /Users/soyeonhong/HC-Violins-and-Bows/node_modules/jest-circus/build/jestAdapterInit.js:849:7
          at _runTestsForDescribeBlock (/Users/soyeonhong/HC-Violins-and-Bows/node_modules/jest-circus/build/jestAdapterInit.js:862:11)
          at _runTestsForDescribeBlock (/Users/soyeonhong/HC-Violins-and-Bows/node_modules/jest-circus/build/jestAdapterInit.js:857:11)
          at _runTestsForDescribeBlock (/Users/soyeonhong/HC-Violins-and-Bows/node_modules/jest-circus/build/jestAdapterInit.js:857:11)
          at run (/Users/soyeonhong/HC-Violins-and-Bows/node_modules/jest-circus/build/jestAdapterInit.js:761:3)
          at runAndTransformResultsToJestFormat (/Users/soyeonhong/HC-Violins-and-Bows/node_modules/jest-circus/build/jestAdapterInit.js:1918:21)
          at jestAdapter (/Users/soyeonhong/HC-Violins-and-Bows/node_modules/jest-circus/build/runner.js:101:19)
          at runTestInternal (/Users/soyeonhong/HC-Violins-and-Bows/node_modules/jest-runner/build/testWorker.js:275:16)
          at runTest (/Users/soyeonhong/HC-Violins-and-Bows/node_modules/jest-runner/build/testWorker.js:343:7)
          at Object.worker (/Users/soyeonhong/HC-Violins-and-Bows/node_modules/jest-runner/build/testWorker.js:497:12)

      206 |
      207 |     if (process.env.NODE_ENV === 'test') {
    > 208 |       console.error('API handler error', error);
          |               ^
      209 |     }
      210 |
      211 |     // ✅ supabase가 아닌 에러까지 supabase로 뭉개지지 않도록 정규화

      at error (src/app/api/_utils/apiHandler.ts:208:15)

    console.error
      API handler error TypeError: (0 , _inputValidation.sanitizeSearchForOrIlike) is not a function
          at /Users/soyeonhong/HC-Violins-and-Bows/src/app/api/instruments/route.ts:63:46
          at fn (/Users/soyeonhong/HC-Violins-and-Bows/src/app/api/_utils/apiHandler.ts:174:26)
          at getHandler (/Users/soyeonhong/HC-Violins-and-Bows/src/app/api/instruments/route.ts:40:20)
          at handler (/Users/soyeonhong/HC-Violins-and-Bows/src/app/api/instruments/__tests__/route.test.ts:17:7)
          at handler (/Users/soyeonhong/HC-Violins-and-Bows/src/app/api/_utils/withSentryRoute.ts:15:20)
          at Object.<anonymous> (/Users/soyeonhong/HC-Violins-and-Bows/src/app/api/instruments/__tests__/route.test.ts:255:16)
          at Promise.finally.completed (/Users/soyeonhong/HC-Violins-and-Bows/node_modules/jest-circus/build/jestAdapterInit.js:1557:28)
          at new Promise (<anonymous>)
          at callAsyncCircusFn (/Users/soyeonhong/HC-Violins-and-Bows/node_modules/jest-circus/build/jestAdapterInit.js:1497:10)
          at _callCircusTest (/Users/soyeonhong/HC-Violins-and-Bows/node_modules/jest-circus/build/jestAdapterInit.js:1007:40)
          at processTicksAndRejections (node:internal/process/task_queues:95:5)
          at _runTest (/Users/soyeonhong/HC-Violins-and-Bows/node_modules/jest-circus/build/jestAdapterInit.js:947:3)
          at /Users/soyeonhong/HC-Violins-and-Bows/node_modules/jest-circus/build/jestAdapterInit.js:849:7
          at _runTestsForDescribeBlock (/Users/soyeonhong/HC-Violins-and-Bows/node_modules/jest-circus/build/jestAdapterInit.js:862:11)
          at _runTestsForDescribeBlock (/Users/soyeonhong/HC-Violins-and-Bows/node_modules/jest-circus/build/jestAdapterInit.js:857:11)
          at _runTestsForDescribeBlock (/Users/soyeonhong/HC-Violins-and-Bows/node_modules/jest-circus/build/jestAdapterInit.js:857:11)
          at run (/Users/soyeonhong/HC-Violins-and-Bows/node_modules/jest-circus/build/jestAdapterInit.js:761:3)
          at runAndTransformResultsToJestFormat (/Users/soyeonhong/HC-Violins-and-Bows/node_modules/jest-circus/build/jestAdapterInit.js:1918:21)
          at jestAdapter (/Users/soyeonhong/HC-Violins-and-Bows/node_modules/jest-circus/build/runner.js:101:19)
          at runTestInternal (/Users/soyeonhong/HC-Violins-and-Bows/node_modules/jest-runner/build/testWorker.js:275:16)
          at runTest (/Users/soyeonhong/HC-Violins-and-Bows/node_modules/jest-runner/build/testWorker.js:343:7)
          at Object.worker (/Users/soyeonhong/HC-Violins-and-Bows/node_modules/jest-runner/build/testWorker.js:497:12)

      206 |
      207 |     if (process.env.NODE_ENV === 'test') {
    > 208 |       console.error('API handler error', error);
          |               ^
      209 |     }
      210 |
      211 |     // ✅ supabase가 아닌 에러까지 supabase로 뭉개지지 않도록 정규화

      at error (src/app/api/_utils/apiHandler.ts:208:15)

    console.error
      API handler error TypeError: (0 , _inputValidation.sanitizeSearchForOrIlike) is not a function
          at /Users/soyeonhong/HC-Violins-and-Bows/src/app/api/instruments/route.ts:63:46
          at fn (/Users/soyeonhong/HC-Violins-and-Bows/src/app/api/_utils/apiHandler.ts:174:26)
          at getHandler (/Users/soyeonhong/HC-Violins-and-Bows/src/app/api/instruments/route.ts:40:20)
          at handler (/Users/soyeonhong/HC-Violins-and-Bows/src/app/api/instruments/__tests__/route.test.ts:17:7)
          at handler (/Users/soyeonhong/HC-Violins-and-Bows/src/app/api/_utils/withSentryRoute.ts:15:20)
          at Object.<anonymous> (/Users/soyeonhong/HC-Violins-and-Bows/src/app/api/instruments/__tests__/route.test.ts:288:16)
          at Promise.finally.completed (/Users/soyeonhong/HC-Violins-and-Bows/node_modules/jest-circus/build/jestAdapterInit.js:1557:28)
          at new Promise (<anonymous>)
          at callAsyncCircusFn (/Users/soyeonhong/HC-Violins-and-Bows/node_modules/jest-circus/build/jestAdapterInit.js:1497:10)
          at _callCircusTest (/Users/soyeonhong/HC-Violins-and-Bows/node_modules/jest-circus/build/jestAdapterInit.js:1007:40)
          at processTicksAndRejections (node:internal/process/task_queues:95:5)
          at _runTest (/Users/soyeonhong/HC-Violins-and-Bows/node_modules/jest-circus/build/jestAdapterInit.js:947:3)
          at /Users/soyeonhong/HC-Violins-and-Bows/node_modules/jest-circus/build/jestAdapterInit.js:849:7
          at _runTestsForDescribeBlock (/Users/soyeonhong/HC-Violins-and-Bows/node_modules/jest-circus/build/jestAdapterInit.js:862:11)
          at _runTestsForDescribeBlock (/Users/soyeonhong/HC-Violins-and-Bows/node_modules/jest-circus/build/jestAdapterInit.js:857:11)
          at _runTestsForDescribeBlock (/Users/soyeonhong/HC-Violins-and-Bows/node_modules/jest-circus/build/jestAdapterInit.js:857:11)
          at run (/Users/soyeonhong/HC-Violins-and-Bows/node_modules/jest-circus/build/jestAdapterInit.js:761:3)
          at runAndTransformResultsToJestFormat (/Users/soyeonhong/HC-Violins-and-Bows/node_modules/jest-circus/build/jestAdapterInit.js:1918:21)
          at jestAdapter (/Users/soyeonhong/HC-Violins-and-Bows/node_modules/jest-circus/build/runner.js:101:19)
          at runTestInternal (/Users/soyeonhong/HC-Violins-and-Bows/node_modules/jest-runner/build/testWorker.js:275:16)
          at runTest (/Users/soyeonhong/HC-Violins-and-Bows/node_modules/jest-runner/build/testWorker.js:343:7)
          at Object.worker (/Users/soyeonhong/HC-Violins-and-Bows/node_modules/jest-runner/build/testWorker.js:497:12)

      206 |
      207 |     if (process.env.NODE_ENV === 'test') {
    > 208 |       console.error('API handler error', error);
          |               ^
      209 |     }
      210 |
      211 |     // ✅ supabase가 아닌 에러까지 supabase로 뭉개지지 않도록 정규화

      at error (src/app/api/_utils/apiHandler.ts:208:15)

    console.error
      API handler error TypeError: (0 , _inputValidation.sanitizeSearchForOrIlike) is not a function
          at /Users/soyeonhong/HC-Violins-and-Bows/src/app/api/instruments/route.ts:63:46
          at fn (/Users/soyeonhong/HC-Violins-and-Bows/src/app/api/_utils/apiHandler.ts:174:26)
          at getHandler (/Users/soyeonhong/HC-Violins-and-Bows/src/app/api/instruments/route.ts:40:20)
          at handler (/Users/soyeonhong/HC-Violins-and-Bows/src/app/api/instruments/__tests__/route.test.ts:17:7)
          at handler (/Users/soyeonhong/HC-Violins-and-Bows/src/app/api/_utils/withSentryRoute.ts:15:20)
          at Object.<anonymous> (/Users/soyeonhong/HC-Violins-and-Bows/src/app/api/instruments/__tests__/route.test.ts:313:16)
          at Promise.finally.completed (/Users/soyeonhong/HC-Violins-and-Bows/node_modules/jest-circus/build/jestAdapterInit.js:1557:28)
          at new Promise (<anonymous>)
          at callAsyncCircusFn (/Users/soyeonhong/HC-Violins-and-Bows/node_modules/jest-circus/build/jestAdapterInit.js:1497:10)
          at _callCircusTest (/Users/soyeonhong/HC-Violins-and-Bows/node_modules/jest-circus/build/jestAdapterInit.js:1007:40)
          at processTicksAndRejections (node:internal/process/task_queues:95:5)
          at _runTest (/Users/soyeonhong/HC-Violins-and-Bows/node_modules/jest-circus/build/jestAdapterInit.js:947:3)
          at /Users/soyeonhong/HC-Violins-and-Bows/node_modules/jest-circus/build/jestAdapterInit.js:849:7
          at _runTestsForDescribeBlock (/Users/soyeonhong/HC-Violins-and-Bows/node_modules/jest-circus/build/jestAdapterInit.js:862:11)
          at _runTestsForDescribeBlock (/Users/soyeonhong/HC-Violins-and-Bows/node_modules/jest-circus/build/jestAdapterInit.js:857:11)
          at _runTestsForDescribeBlock (/Users/soyeonhong/HC-Violins-and-Bows/node_modules/jest-circus/build/jestAdapterInit.js:857:11)
          at run (/Users/soyeonhong/HC-Violins-and-Bows/node_modules/jest-circus/build/jestAdapterInit.js:761:3)
          at runAndTransformResultsToJestFormat (/Users/soyeonhong/HC-Violins-and-Bows/node_modules/jest-circus/build/jestAdapterInit.js:1918:21)
          at jestAdapter (/Users/soyeonhong/HC-Violins-and-Bows/node_modules/jest-circus/build/runner.js:101:19)
          at runTestInternal (/Users/soyeonhong/HC-Violins-and-Bows/node_modules/jest-runner/build/testWorker.js:275:16)
          at runTest (/Users/soyeonhong/HC-Violins-and-Bows/node_modules/jest-runner/build/testWorker.js:343:7)
          at Object.worker (/Users/soyeonhong/HC-Violins-and-Bows/node_modules/jest-runner/build/testWorker.js:497:12)

      206 |
      207 |     if (process.env.NODE_ENV === 'test') {
    > 208 |       console.error('API handler error', error);
          |               ^
      209 |     }
      210 |
      211 |     // ✅ supabase가 아닌 에러까지 supabase로 뭉개지지 않도록 정규화

      at error (src/app/api/_utils/apiHandler.ts:208:15)

    console.error
      API handler error TypeError: (0 , _inputValidation.sanitizeSearchForOrIlike) is not a function
          at /Users/soyeonhong/HC-Violins-and-Bows/src/app/api/instruments/route.ts:63:46
          at fn (/Users/soyeonhong/HC-Violins-and-Bows/src/app/api/_utils/apiHandler.ts:174:26)
          at getHandler (/Users/soyeonhong/HC-Violins-and-Bows/src/app/api/instruments/route.ts:40:20)
          at handler (/Users/soyeonhong/HC-Violins-and-Bows/src/app/api/instruments/__tests__/route.test.ts:17:7)
          at handler (/Users/soyeonhong/HC-Violins-and-Bows/src/app/api/_utils/withSentryRoute.ts:15:20)
          at Object.<anonymous> (/Users/soyeonhong/HC-Violins-and-Bows/src/app/api/instruments/__tests__/route.test.ts:341:33)
          at Promise.finally.completed (/Users/soyeonhong/HC-Violins-and-Bows/node_modules/jest-circus/build/jestAdapterInit.js:1557:28)
          at new Promise (<anonymous>)
          at callAsyncCircusFn (/Users/soyeonhong/HC-Violins-and-Bows/node_modules/jest-circus/build/jestAdapterInit.js:1497:10)
          at _callCircusTest (/Users/soyeonhong/HC-Violins-and-Bows/node_modules/jest-circus/build/jestAdapterInit.js:1007:40)
          at processTicksAndRejections (node:internal/process/task_queues:95:5)
          at _runTest (/Users/soyeonhong/HC-Violins-and-Bows/node_modules/jest-circus/build/jestAdapterInit.js:947:3)
          at /Users/soyeonhong/HC-Violins-and-Bows/node_modules/jest-circus/build/jestAdapterInit.js:849:7
          at _runTestsForDescribeBlock (/Users/soyeonhong/HC-Violins-and-Bows/node_modules/jest-circus/build/jestAdapterInit.js:862:11)
          at _runTestsForDescribeBlock (/Users/soyeonhong/HC-Violins-and-Bows/node_modules/jest-circus/build/jestAdapterInit.js:857:11)
          at _runTestsForDescribeBlock (/Users/soyeonhong/HC-Violins-and-Bows/node_modules/jest-circus/build/jestAdapterInit.js:857:11)
          at run (/Users/soyeonhong/HC-Violins-and-Bows/node_modules/jest-circus/build/jestAdapterInit.js:761:3)
          at runAndTransformResultsToJestFormat (/Users/soyeonhong/HC-Violins-and-Bows/node_modules/jest-circus/build/jestAdapterInit.js:1918:21)
          at jestAdapter (/Users/soyeonhong/HC-Violins-and-Bows/node_modules/jest-circus/build/runner.js:101:19)
          at runTestInternal (/Users/soyeonhong/HC-Violins-and-Bows/node_modules/jest-runner/build/testWorker.js:275:16)
          at runTest (/Users/soyeonhong/HC-Violins-and-Bows/node_modules/jest-runner/build/testWorker.js:343:7)
          at Object.worker (/Users/soyeonhong/HC-Violins-and-Bows/node_modules/jest-runner/build/testWorker.js:497:12)

      206 |
      207 |     if (process.env.NODE_ENV === 'test') {
    > 208 |       console.error('API handler error', error);
          |               ^
      209 |     }
      210 |
      211 |     // ✅ supabase가 아닌 에러까지 supabase로 뭉개지지 않도록 정규화

      at error (src/app/api/_utils/apiHandler.ts:208:15)

  ● /api/instruments › GET › should reject requests without org context

    expect(received).toBe(expected) // Object.is equality

    Expected: "Organization context required"
    Received: undefined

      106 |
      107 |       expect(response.status).toBe(403);
    > 108 |       expect(json.error).toBe('Organization context required');
          |                          ^
      109 |       expect(mockUserSupabase.from).not.toHaveBeenCalled();
      110 |     });
      111 |

      at Object.toBe (src/app/api/instruments/__tests__/route.test.ts:108:26)

  ● /api/instruments › GET › should scope GET queries to auth org and return instruments

    expect(received).toBe(expected) // Object.is equality

    Expected: 200
    Received: 500

      142 |       const json = await response.json();
      143 |
    > 144 |       expect(response.status).toBe(200);
          |                               ^
      145 |       expect(json.data).toEqual([
      146 |         { ...mockInstrument, has_certificate: false },
      147 |       ]);

      at Object.toBe (src/app/api/instruments/__tests__/route.test.ts:144:31)

  ● /api/instruments › GET › should prevent cross-org reads by filtering with the caller org_id

    expect(jest.fn()).toHaveBeenNthCalledWith(n, ...expected)

    n: 1
    Expected: "org_id", "org-abc"

    Number of calls: 0

      184 |       await GET(request);
      185 |
    > 186 |       expect(mockQuery.eq).toHaveBeenNthCalledWith(1, 'org_id', 'org-abc');
          |                            ^
      187 |       expect(mockQuery.eq).toHaveBeenNthCalledWith(2, 'ownership', 'owned');
      188 |     });
      189 |

      at Object.toHaveBeenNthCalledWith (src/app/api/instruments/__tests__/route.test.ts:186:28)

  ● /api/instruments › GET › should filter by ownership

    expect(jest.fn()).toHaveBeenCalledWith(...expected)

    Expected: "ownership", "owned"

    Number of calls: 0

      255 |       await GET(request);
      256 |
    > 257 |       expect(mockQuery.eq).toHaveBeenCalledWith('ownership', 'owned');
          |                            ^
      258 |     });
      259 |
      260 |     it('should filter instruments by search query', async () => {

      at Object.toHaveBeenCalledWith (src/app/api/instruments/__tests__/route.test.ts:257:28)

  ● /api/instruments › GET › should filter instruments by search query

    expect(jest.fn()).toHaveBeenCalled()

    Expected number of calls: >= 1
    Received number of calls:    0

      288 |       await GET(request);
      289 |
    > 290 |       expect(mockQuery.or).toHaveBeenCalled();
          |                            ^
      291 |     });
      292 |
      293 |     it('should apply limit when provided', async () => {

      at Object.toHaveBeenCalled (src/app/api/instruments/__tests__/route.test.ts:290:28)

  ● /api/instruments › GET › should apply limit when provided

    expect(jest.fn()).toHaveBeenCalledWith(...expected)

    Expected: 10

    Number of calls: 0

      313 |       await GET(request);
      314 |
    > 315 |       expect(mockQuery.limit).toHaveBeenCalledWith(10);
          |                               ^
      316 |     });
      317 |
      318 |     it('should handle Supabase errors', async () => {

      at Object.toHaveBeenCalledWith (src/app/api/instruments/__tests__/route.test.ts:315:31)

  ● /api/instruments › GET › should handle Supabase errors

    expect(jest.fn()).toHaveBeenCalled()

    Expected number of calls: >= 1
    Received number of calls:    0

      342 |
      343 |       expect(response.status).toBe(500);
    > 344 |       expect(mockErrorHandler.handleSupabaseError).toHaveBeenCalled();
          |                                                    ^
      345 |     });
      346 |   });
      347 |

      at Object.toHaveBeenCalled (src/app/api/instruments/__tests__/route.test.ts:344:52)

  ● /api/instruments › POST › should create a new instrument

    TypeError: (0 , _route.POST) is not a function

      381 |         body: JSON.stringify(createData),
      382 |       });
    > 383 |       const response = await POST(request);
          |                                  ^
      384 |       const json = await response.json();
      385 |
      386 |       expect(response.status).toBe(201);

      at Object.<anonymous> (src/app/api/instruments/__tests__/route.test.ts:383:34)

  ● /api/instruments › POST › should return 400 for invalid data

    TypeError: (0 , _route.POST) is not a function

      401 |       });
      402 |
    > 403 |       const response = await POST(request);
          |                                  ^
      404 |       const json = await response.json();
      405 |
      406 |       expect(response.status).toBe(400);

      at Object.<anonymous> (src/app/api/instruments/__tests__/route.test.ts:403:34)

  ● /api/instruments › PATCH › should update an existing instrument

    expect(received).toBe(expected) // Object.is equality

    Expected: 200
    Received: 400

      436 |       const json = await response.json();
      437 |
    > 438 |       expect(response.status).toBe(200);
          |                               ^
      439 |       expect(json.data).toBeDefined();
      440 |       expect(mockQuery.update).toHaveBeenCalled();
      441 |       expect(mockQuery.eq).toHaveBeenCalledWith('id', mockInstrument.id);

      at Object.toBe (src/app/api/instruments/__tests__/route.test.ts:438:31)

  ● /api/instruments › PATCH › should return 400 when id is missing

    expect(received).toBe(expected) // Object.is equality

    Expected: "Instrument ID is required"
    Received: undefined

      452 |
      453 |       expect(response.status).toBe(400);
    > 454 |       expect(json.error).toBe('Instrument ID is required');
          |                          ^
      455 |     });
      456 |
      457 |     it('should return 400 for invalid UUID', async () => {

      at Object.toBe (src/app/api/instruments/__tests__/route.test.ts:454:26)

  ● /api/instruments › PATCH › should return 400 for invalid UUID

    expect(received).toBe(expected) // Object.is equality

    Expected: "Invalid instrument ID format"
    Received: undefined

      467 |
      468 |       expect(response.status).toBe(400);
    > 469 |       expect(json.error).toBe('Invalid instrument ID format');
          |                          ^
      470 |     });
      471 |
      472 |     it('should use atomic sale transition RPC for Sold status changes', async () => {

      at Object.toBe (src/app/api/instruments/__tests__/route.test.ts:469:26)

  ● /api/instruments › DELETE › should delete an instrument

    expect(received).toBe(expected) // Object.is equality

    Expected: 200
    Received: 404

      542 |       const json = await response.json();
      543 |
    > 544 |       expect(response.status).toBe(200);
          |                               ^
      545 |       expect(json.success).toBe(true);
      546 |       expect(mockQuery.delete).toHaveBeenCalled();
      547 |       expect(mockQuery.eq).toHaveBeenCalledWith('id', mockInstrument.id);

      at Object.toBe (src/app/api/instruments/__tests__/route.test.ts:544:31)

  ● /api/instruments › DELETE › should return 400 when id is missing

    expect(received).toBe(expected) // Object.is equality

    Expected: "Instrument ID is required"
    Received: undefined

      555 |
      556 |       expect(response.status).toBe(400);
    > 557 |       expect(json.error).toBe('Instrument ID is required');
          |                          ^
      558 |     });
      559 |
      560 |     it('should return 400 for invalid UUID', async () => {

      at Object.toBe (src/app/api/instruments/__tests__/route.test.ts:557:26)

  ● /api/instruments › DELETE › should return 400 for invalid UUID

    expect(received).toBe(expected) // Object.is equality

    Expected: "Invalid instrument ID format"
    Received: undefined

      569 |
      570 |       expect(response.status).toBe(400);
    > 571 |       expect(json.error).toBe('Invalid instrument ID format');
          |                          ^
      572 |     });
      573 |   });
      574 | });

      at Object.toBe (src/app/api/instruments/__tests__/route.test.ts:571:26)

FAIL src/app/api/clients/__tests__/route.test.ts
  ● Console

    console.error
      API handler error { code: '23505', message: 'Duplicate key' }

      206 |
      207 |     if (process.env.NODE_ENV === 'test') {
    > 208 |       console.error('API handler error', error);
          |               ^
      209 |     }
      210 |
      211 |     // ✅ supabase가 아닌 에러까지 supabase로 뭉개지지 않도록 정규화

      at error (src/app/api/_utils/apiHandler.ts:208:15)
      at src/app/api/_utils/withSentryRoute.ts:15:14
      at Object.<anonymous> (src/app/api/clients/__tests__/route.test.ts:301:24)

    console.error
      API handler error { code: '23503', message: 'Foreign key constraint' }

      206 |
      207 |     if (process.env.NODE_ENV === 'test') {
    > 208 |       console.error('API handler error', error);
          |               ^
      209 |     }
      210 |
      211 |     // ✅ supabase가 아닌 에러까지 supabase로 뭉개지지 않도록 정규화

      at error (src/app/api/_utils/apiHandler.ts:208:15)
      at src/app/api/_utils/withSentryRoute.ts:15:14
      at Object.<anonymous> (src/app/api/clients/__tests__/route.test.ts:442:24)

  ● /api/clients › DELETE › should delete a client

    expect(received).toBe(expected) // Object.is equality

    Expected: 200
    Received: 404

      391 |       const json = await response.json();
      392 |
    > 393 |       expect(response.status).toBe(200);
          |                               ^
      394 |       expect(json.success).toBe(true);
      395 |       expect(mockQuery.delete).toHaveBeenCalled();
      396 |       expect(mockQuery.eq).toHaveBeenCalledWith('id', mockClient.id);

      at Object.toBe (src/app/api/clients/__tests__/route.test.ts:393:31)

FAIL src/app/api/__tests__/vertical-slices.test.ts
  ● Console

    console.error
      API handler error TypeError: (0 , _inputValidation.sanitizeSearchForOrIlike) is not a function
          at /Users/soyeonhong/HC-Violins-and-Bows/src/app/api/instruments/route.ts:63:46
          at fn (/Users/soyeonhong/HC-Violins-and-Bows/src/app/api/_utils/apiHandler.ts:174:26)
          at getHandler (/Users/soyeonhong/HC-Violins-and-Bows/src/app/api/instruments/route.ts:40:20)
          at handler (/Users/soyeonhong/HC-Violins-and-Bows/src/app/api/__tests__/vertical-slices.test.ts:222:9)
          at Object.<anonymous> (/Users/soyeonhong/HC-Violins-and-Bows/src/app/api/__tests__/vertical-slices.test.ts:525:37)
          at Promise.finally.completed (/Users/soyeonhong/HC-Violins-and-Bows/node_modules/jest-circus/build/jestAdapterInit.js:1557:28)
          at new Promise (<anonymous>)
          at callAsyncCircusFn (/Users/soyeonhong/HC-Violins-and-Bows/node_modules/jest-circus/build/jestAdapterInit.js:1497:10)
          at _callCircusTest (/Users/soyeonhong/HC-Violins-and-Bows/node_modules/jest-circus/build/jestAdapterInit.js:1007:40)
          at processTicksAndRejections (node:internal/process/task_queues:95:5)
          at _runTest (/Users/soyeonhong/HC-Violins-and-Bows/node_modules/jest-circus/build/jestAdapterInit.js:947:3)
          at /Users/soyeonhong/HC-Violins-and-Bows/node_modules/jest-circus/build/jestAdapterInit.js:849:7
          at _runTestsForDescribeBlock (/Users/soyeonhong/HC-Violins-and-Bows/node_modules/jest-circus/build/jestAdapterInit.js:862:11)
          at _runTestsForDescribeBlock (/Users/soyeonhong/HC-Violins-and-Bows/node_modules/jest-circus/build/jestAdapterInit.js:857:11)
          at run (/Users/soyeonhong/HC-Violins-and-Bows/node_modules/jest-circus/build/jestAdapterInit.js:761:3)
          at runAndTransformResultsToJestFormat (/Users/soyeonhong/HC-Violins-and-Bows/node_modules/jest-circus/build/jestAdapterInit.js:1918:21)
          at jestAdapter (/Users/soyeonhong/HC-Violins-and-Bows/node_modules/jest-circus/build/runner.js:101:19)
          at runTestInternal (/Users/soyeonhong/HC-Violins-and-Bows/node_modules/jest-runner/build/testWorker.js:275:16)
          at runTest (/Users/soyeonhong/HC-Violins-and-Bows/node_modules/jest-runner/build/testWorker.js:343:7)
          at Object.worker (/Users/soyeonhong/HC-Violins-and-Bows/node_modules/jest-runner/build/testWorker.js:497:12)

      206 |
      207 |     if (process.env.NODE_ENV === 'test') {
    > 208 |       console.error('API handler error', error);
          |               ^
      209 |     }
      210 |
      211 |     // ✅ supabase가 아닌 에러까지 supabase로 뭉개지지 않도록 정규화

      at error (src/app/api/_utils/apiHandler.ts:208:15)

    console.error
      API handler error TypeError: (0 , _inputValidation.sanitizeSearchForOrIlike) is not a function
          at /Users/soyeonhong/HC-Violins-and-Bows/src/app/api/instruments/route.ts:63:46
          at fn (/Users/soyeonhong/HC-Violins-and-Bows/src/app/api/_utils/apiHandler.ts:174:26)
          at getHandler (/Users/soyeonhong/HC-Violins-and-Bows/src/app/api/instruments/route.ts:40:20)
          at handler (/Users/soyeonhong/HC-Violins-and-Bows/src/app/api/__tests__/vertical-slices.test.ts:222:9)
          at Object.<anonymous> (/Users/soyeonhong/HC-Violins-and-Bows/src/app/api/__tests__/vertical-slices.test.ts:584:37)
          at Promise.finally.completed (/Users/soyeonhong/HC-Violins-and-Bows/node_modules/jest-circus/build/jestAdapterInit.js:1557:28)
          at new Promise (<anonymous>)
          at callAsyncCircusFn (/Users/soyeonhong/HC-Violins-and-Bows/node_modules/jest-circus/build/jestAdapterInit.js:1497:10)
          at _callCircusTest (/Users/soyeonhong/HC-Violins-and-Bows/node_modules/jest-circus/build/jestAdapterInit.js:1007:40)
          at processTicksAndRejections (node:internal/process/task_queues:95:5)
          at _runTest (/Users/soyeonhong/HC-Violins-and-Bows/node_modules/jest-circus/build/jestAdapterInit.js:947:3)
          at /Users/soyeonhong/HC-Violins-and-Bows/node_modules/jest-circus/build/jestAdapterInit.js:849:7
          at _runTestsForDescribeBlock (/Users/soyeonhong/HC-Violins-and-Bows/node_modules/jest-circus/build/jestAdapterInit.js:862:11)
          at _runTestsForDescribeBlock (/Users/soyeonhong/HC-Violins-and-Bows/node_modules/jest-circus/build/jestAdapterInit.js:857:11)
          at run (/Users/soyeonhong/HC-Violins-and-Bows/node_modules/jest-circus/build/jestAdapterInit.js:761:3)
          at runAndTransformResultsToJestFormat (/Users/soyeonhong/HC-Violins-and-Bows/node_modules/jest-circus/build/jestAdapterInit.js:1918:21)
          at jestAdapter (/Users/soyeonhong/HC-Violins-and-Bows/node_modules/jest-circus/build/runner.js:101:19)
          at runTestInternal (/Users/soyeonhong/HC-Violins-and-Bows/node_modules/jest-runner/build/testWorker.js:275:16)
          at runTest (/Users/soyeonhong/HC-Violins-and-Bows/node_modules/jest-runner/build/testWorker.js:343:7)
          at Object.worker (/Users/soyeonhong/HC-Violins-and-Bows/node_modules/jest-runner/build/testWorker.js:497:12)

      206 |
      207 |     if (process.env.NODE_ENV === 'test') {
    > 208 |       console.error('API handler error', error);
          |               ^
      209 |     }
      210 |
      211 |     // ✅ supabase가 아닌 에러까지 supabase로 뭉개지지 않도록 정규화

      at error (src/app/api/_utils/apiHandler.ts:208:15)

    console.error
      API handler error { code: '23505', message: 'duplicate key', status: 409 }

      206 |
      207 |     if (process.env.NODE_ENV === 'test') {
    > 208 |       console.error('API handler error', error);
          |               ^
      209 |     }
      210 |
      211 |     // ✅ supabase가 아닌 에러까지 supabase로 뭉개지지 않도록 정규화

      at error (src/app/api/_utils/apiHandler.ts:208:15)
      at Object.<anonymous> (src/app/api/__tests__/vertical-slices.test.ts:928:17)

    console.error
      API handler error TypeError: auth.userSupabase.from(...).select(...).eq(...).gt is not a function
          at gt (/Users/soyeonhong/HC-Violins-and-Bows/src/app/api/sales/route.ts:78:6)
          at fetchSalesTotals (/Users/soyeonhong/HC-Violins-and-Bows/src/app/api/sales/route.ts:362:24)
          at processTicksAndRejections (node:internal/process/task_queues:95:5)
          at apiHandler (/Users/soyeonhong/HC-Violins-and-Bows/src/app/api/_utils/apiHandler.ts:174:20)

      206 |
      207 |     if (process.env.NODE_ENV === 'test') {
    > 208 |       console.error('API handler error', error);
          |               ^
      209 |     }
      210 |
      211 |     // ✅ supabase가 아닌 에러까지 supabase로 뭉개지지 않도록 정규화

      at error (src/app/api/_utils/apiHandler.ts:208:15)
      at Object.<anonymous> (src/app/api/__tests__/vertical-slices.test.ts:1068:17)

    console.error
      API handler error TypeError: query.limit is not a function
          at limit (/Users/soyeonhong/HC-Violins-and-Bows/src/app/api/clients/route.ts:195:19)
          at runClientsQuery (/Users/soyeonhong/HC-Violins-and-Bows/src/app/api/clients/route.ts:218:28)
          at fn (/Users/soyeonhong/HC-Violins-and-Bows/src/app/api/_utils/apiHandler.ts:174:26)
          at getHandler (/Users/soyeonhong/HC-Violins-and-Bows/src/app/api/clients/route.ts:205:20)
          at handler (/Users/soyeonhong/HC-Violins-and-Bows/src/app/api/__tests__/vertical-slices.test.ts:222:9)
          at Object.<anonymous> (/Users/soyeonhong/HC-Violins-and-Bows/src/app/api/__tests__/vertical-slices.test.ts:1889:21)
          at Promise.finally.completed (/Users/soyeonhong/HC-Violins-and-Bows/node_modules/jest-circus/build/jestAdapterInit.js:1557:28)
          at new Promise (<anonymous>)
          at callAsyncCircusFn (/Users/soyeonhong/HC-Violins-and-Bows/node_modules/jest-circus/build/jestAdapterInit.js:1497:10)
          at _callCircusTest (/Users/soyeonhong/HC-Violins-and-Bows/node_modules/jest-circus/build/jestAdapterInit.js:1007:40)
          at processTicksAndRejections (node:internal/process/task_queues:95:5)
          at _runTest (/Users/soyeonhong/HC-Violins-and-Bows/node_modules/jest-circus/build/jestAdapterInit.js:947:3)
          at /Users/soyeonhong/HC-Violins-and-Bows/node_modules/jest-circus/build/jestAdapterInit.js:849:7
          at _runTestsForDescribeBlock (/Users/soyeonhong/HC-Violins-and-Bows/node_modules/jest-circus/build/jestAdapterInit.js:862:11)
          at _runTestsForDescribeBlock (/Users/soyeonhong/HC-Violins-and-Bows/node_modules/jest-circus/build/jestAdapterInit.js:857:11)
          at run (/Users/soyeonhong/HC-Violins-and-Bows/node_modules/jest-circus/build/jestAdapterInit.js:761:3)
          at runAndTransformResultsToJestFormat (/Users/soyeonhong/HC-Violins-and-Bows/node_modules/jest-circus/build/jestAdapterInit.js:1918:21)
          at jestAdapter (/Users/soyeonhong/HC-Violins-and-Bows/node_modules/jest-circus/build/runner.js:101:19)
          at runTestInternal (/Users/soyeonhong/HC-Violins-and-Bows/node_modules/jest-runner/build/testWorker.js:275:16)
          at runTest (/Users/soyeonhong/HC-Violins-and-Bows/node_modules/jest-runner/build/testWorker.js:343:7)
          at Object.worker (/Users/soyeonhong/HC-Violins-and-Bows/node_modules/jest-runner/build/testWorker.js:497:12)

      206 |
      207 |     if (process.env.NODE_ENV === 'test') {
    > 208 |       console.error('API handler error', error);
          |               ^
      209 |     }
      210 |
      211 |     // ✅ supabase가 아닌 에러까지 supabase로 뭉개지지 않도록 정규화

      at error (src/app/api/_utils/apiHandler.ts:208:15)
      at Object.<anonymous> (src/app/api/__tests__/vertical-slices.test.ts:1889:5)

  ● Flow 1: Authentication & Org Context › [P0] PASS 1 — Missing orgId → GET /api/clients returns 403

    TypeError: expect(received).toMatch(expected)

    Matcher error: received value must be a string

    Received has value: undefined

      377 |     expect(res.status).toBe(403);
      378 |     const json = await res.json();
    > 379 |     expect(json.error).toMatch(/organization context required/i);
          |                        ^
      380 |   });
      381 |
      382 |   test('[P0] PASS 1 — Missing orgId → POST /api/clients returns 403', async () => {

      at Object.toMatch (src/app/api/__tests__/vertical-slices.test.ts:379:24)

  ● Flow 1: Authentication & Org Context › [P0] PASS 1 — Member role blocked from PATCH /api/clients (requireAdmin → 403)

    TypeError: expect(received).toMatch(expected)

    Matcher error: received value must be a string

    Received has value: undefined

      463 |     expect(res.status).toBe(403);
      464 |     const json = await res.json();
    > 465 |     expect(json.error).toMatch(/admin role required/i);
          |                        ^
      466 |   });
      467 |
      468 |   test('[P0] PASS 1 — Member role blocked from DELETE /api/clients (requireAdmin → 403)', async () => {

      at Object.toMatch (src/app/api/__tests__/vertical-slices.test.ts:465:24)

  ● Flow 2: Instrument Management › [P1] PASS 2 — Admin lists instruments (GET 200 with data)

    expect(received).toBe(expected) // Object.is equality

    Expected: 200
    Received: 500

      525 |     const res = await instrumentsGET(mkReq('/api/instruments'));
      526 |
    > 527 |     expect(res.status).toBe(200);
          |                        ^
      528 |     const json = await res.json();
      529 |     expect(json.data).toHaveLength(1);
      530 |     expect(json.data[0].id).toBe(INSTRUMENT_ID);

      at Object.toBe (src/app/api/__tests__/vertical-slices.test.ts:527:24)

  ● Flow 2: Instrument Management › [P1] PASS 2 — Admin creates instrument (POST 201)

    TypeError: (0 , _route1.POST) is not a function

      539 |     mockAuthCtx = adminCtx(db);
      540 |
    > 541 |     const res = await instrumentsPOST(
          |                                      ^
      542 |       jsonReq('/api/instruments', 'POST', {
      543 |         maker: 'Stradivarius',
      544 |         type: 'Violin',

      at Object.<anonymous> (src/app/api/__tests__/vertical-slices.test.ts:541:38)

  ● Flow 2: Instrument Management › [P1] PASS 2 — Creating Reserved instrument requires reserved_reason (400)

    TypeError: (0 , _route1.POST) is not a function

      558 |     mockAuthCtx = adminCtx();
      559 |
    > 560 |     const res = await instrumentsPOST(
          |                                      ^
      561 |       jsonReq('/api/instruments', 'POST', {
      562 |         maker: 'Test',
      563 |         type: 'Violin',

      at Object.<anonymous> (src/app/api/__tests__/vertical-slices.test.ts:560:38)

  ● Flow 2: Instrument Management › [P1] PASS 1 — Member can list instruments (GET 200)

    expect(received).toBe(expected) // Object.is equality

    Expected: 200
    Received: 500

      585 |
      586 |     // Instruments GET does not explicitly requireOrgContext; relies on RLS
    > 587 |     expect(res.status).toBe(200);
          |                        ^
      588 |   });
      589 |
      590 |   test('[P1] PASS 1 — Member can create instruments (POST — no requireAdmin on this route)', async () => {

      at Object.toBe (src/app/api/__tests__/vertical-slices.test.ts:587:24)

  ● Flow 2: Instrument Management › [P1] PASS 1 — Member can create instruments (POST — no requireAdmin on this route)

    TypeError: (0 , _route1.POST) is not a function

      596 |     mockAuthCtx = memberCtx(db);
      597 |
    > 598 |     const res = await instrumentsPOST(
          |                                      ^
      599 |       jsonReq('/api/instruments', 'POST', {
      600 |         maker: 'Test',
      601 |         type: 'Violin',

      at Object.<anonymous> (src/app/api/__tests__/vertical-slices.test.ts:598:38)

  ● Flow 2: Instrument Management › [P1] PASS 1 — Member cannot delete instrument via [id] route (403 via requireAdmin)

    TypeError: expect(received).toMatch(expected)

    Matcher error: received value must be a string

    Received has value: undefined

      624 |     expect(res.status).toBe(403);
      625 |     const json = await res.json();
    > 626 |     expect(json.error).toMatch(/admin role required/i);
          |                        ^
      627 |   });
      628 | });
      629 |

      at Object.toMatch (src/app/api/__tests__/vertical-slices.test.ts:626:24)

  ● Flow 3: Client Management › [P1] PASS 2 — Admin deletes client (DELETE 200)

    expect(received).toBe(expected) // Object.is equality

    Expected: 200
    Received: 404

      701 |     );
      702 |
    > 703 |     expect(res.status).toBe(200);
          |                        ^
      704 |     const json = await res.json();
      705 |     expect(json.success).toBe(true);
      706 |     expect(db._chain.delete).toHaveBeenCalled();

      at Object.toBe (src/app/api/__tests__/vertical-slices.test.ts:703:24)

  ● Flow 3: Client Management › [P1] PASS 1 — Member cannot update client (PATCH 403)

    TypeError: expect(received).toMatch(expected)

    Matcher error: received value must be a string

    Received has value: undefined

      732 |     expect(res.status).toBe(403);
      733 |     const json = await res.json();
    > 734 |     expect(json.error).toMatch(/admin role required/i);
          |                        ^
      735 |   });
      736 |
      737 |   test('[P1] PASS 1 — Member cannot delete client (DELETE 403)', async () => {

      at Object.toMatch (src/app/api/__tests__/vertical-slices.test.ts:734:24)

  ● Flow 3: Client Management › [P1] SECURITY — PATCH rejects missing client ID (400)

    TypeError: expect(received).toMatch(expected)

    Matcher error: received value must be a string

    Received has value: undefined

      754 |     expect(res.status).toBe(400);
      755 |     const json = await res.json();
    > 756 |     expect(json.error).toMatch(/client id is required/i);
          |                        ^
      757 |   });
      758 |
      759 |   test('[P1] SECURITY — PATCH rejects invalid UUID (400)', async () => {

      at Object.toMatch (src/app/api/__tests__/vertical-slices.test.ts:756:24)

  ● Flow 3: Client Management › [P1] SECURITY — PATCH rejects invalid UUID (400)

    TypeError: expect(received).toMatch(expected)

    Matcher error: received value must be a string

    Received has value: undefined

      768 |     expect(res.status).toBe(400);
      769 |     const json = await res.json();
    > 770 |     expect(json.error).toMatch(/invalid client id format/i);
          |                        ^
      771 |   });
      772 | });
      773 |

      at Object.toMatch (src/app/api/__tests__/vertical-slices.test.ts:770:24)

  ● Flow 4: Client-Instrument Relationships (Connections) › [P1] PASS 1 — Member cannot create connection (POST 403 via requireAdmin)

    TypeError: expect(received).toMatch(expected)

    Matcher error: received value must be a string

    Received has value: undefined

      816 |     expect(res.status).toBe(403);
      817 |     const json = await res.json();
    > 818 |     expect(json.error).toMatch(/admin role required/i);
          |                        ^
      819 |   });
      820 |
      821 |   test('[P1] PASS 1 — Member cannot update connection (PATCH 403)', async () => {

      at Object.toMatch (src/app/api/__tests__/vertical-slices.test.ts:818:24)

  ● Flow 4: Client-Instrument Relationships (Connections) › [P0] PASS 2 — Admin cannot create Sold connection directly (409 conflict)

    TypeError: expect(received).toMatch(expected)

    Matcher error: received value must be a string

    Received has value: undefined

      869 |     expect(res.status).toBe(409);
      870 |     const json = await res.json();
    > 871 |     expect(json.error).toMatch(/sold/i);
          |                        ^
      872 |   });
      873 |
      874 |   test('[P0] PASS 2 — Duplicate ownership constraint is enforced at DB level (409)', async () => {

      at Object.toMatch (src/app/api/__tests__/vertical-slices.test.ts:871:24)

  ● Flow 5: Sales Flow › [P0] PASS 2 — Admin creates sale via create_sale_atomic RPC (POST 201)

    expect(received).toBe(expected) // Object.is equality

    Expected: 201
    Received: 400

      978 |     );
      979 |
    > 980 |     expect(res.status).toBe(201);
          |                        ^
      981 |     const json = await res.json();
      982 |     expect(json.data).toBeDefined();
      983 |

      at Object.toBe (src/app/api/__tests__/vertical-slices.test.ts:980:24)

  ● Flow 5: Sales Flow › [P0] PASS 2 — Sold instrument cannot be resold (RPC returns "already sold" → 409)

    expect(received).toBe(expected) // Object.is equality

    Expected: 409
    Received: 400

      1014 |     );
      1015 |
    > 1016 |     expect(res.status).toBe(409);
           |                        ^
      1017 |     const json = await res.json();
      1018 |     expect(json.error).toMatch(/already sold/i);
      1019 |   });

      at Object.toBe (src/app/api/__tests__/vertical-slices.test.ts:1016:24)

  ● Flow 5: Sales Flow › [P0] PASS 2 — Zero sale price rejected before RPC is called (400)

    TypeError: expect(received).toMatch(expected)

    Matcher error: received value must be a string

    Received has value: undefined

      1033 |     expect(res.status).toBe(400);
      1034 |     const json = await res.json();
    > 1035 |     expect(json.error).toMatch(/cannot be zero/i);
           |                        ^
      1036 |     // RPC must NOT be called when validation fails
      1037 |     expect(db.rpc).not.toHaveBeenCalled();
      1038 |   });

      at Object.toMatch (src/app/api/__tests__/vertical-slices.test.ts:1035:24)

  ● Flow 5: Sales Flow › [P1] PASS 2 — Missing sale date rejected (400)

    TypeError: expect(received).toMatch(expected)

    Matcher error: received value must be a string

    Received has value: undefined

      1050 |     expect(res.status).toBe(400);
      1051 |     const json = await res.json();
    > 1052 |     expect(json.error).toMatch(/required/i);
           |                        ^
      1053 |   });
      1054 |
      1055 |   test('[P1] PASS 1 — Member can view sales (GET 200)', async () => {

      at Object.toMatch (src/app/api/__tests__/vertical-slices.test.ts:1052:24)

  ● Flow 5: Sales Flow › [P1] PASS 1 — Member can view sales (GET 200)

    expect(received).toBe(expected) // Object.is equality

    Expected: 200
    Received: 500

      1068 |     const res = await salesGET(mkReq('/api/sales'));
      1069 |
    > 1070 |     expect(res.status).toBe(200);
           |                        ^
      1071 |   });
      1072 |
      1073 |   test('[P1] PASS 1 — Member cannot modify sale notes (PATCH 403)', async () => {

      at Object.toBe (src/app/api/__tests__/vertical-slices.test.ts:1070:24)

  ● Flow 5: Sales Flow › [P1] PASS 1 — Member cannot modify sale notes (PATCH 403)

    TypeError: expect(received).toMatch(expected)

    Matcher error: received value must be a string

    Received has value: undefined

      1083 |     expect(res.status).toBe(403);
      1084 |     const json = await res.json();
    > 1085 |     expect(json.error).toMatch(/admin role required/i);
           |                        ^
      1086 |   });
      1087 | });
      1088 |

      at Object.toMatch (src/app/api/__tests__/vertical-slices.test.ts:1085:24)

  ● Flow 6: Invoice Flow › [P0] PASS 2 — Duplicate idempotency key → 409

    TypeError: expect(received).toMatch(expected)

    Matcher error: received value must be a string

    Received has value: undefined

      1202 |     expect(res.status).toBe(409);
      1203 |     const json = await res.json();
    > 1204 |     expect(json.error).toMatch(/idempotency key reuse/i);
           |                        ^
      1205 |   });
      1206 |
      1207 |   test('[P0] PASS 2 — Invalid financial totals rejected before RPC (400)', async () => {

      at Object.toMatch (src/app/api/__tests__/vertical-slices.test.ts:1204:24)

  ● Flow 6: Invoice Flow › [P1] PASS 1 — Member cannot delete invoice (DELETE 403)

    TypeError: expect(received).toMatch(expected)

    Matcher error: received value must be a string

    Received has value: undefined

      1254 |     expect(res.status).toBe(403);
      1255 |     const json = await res.json();
    > 1256 |     expect(json.error).toMatch(/admin role required/i);
           |                        ^
      1257 |   });
      1258 |
      1259 |   test('[P1] PASS 2 — Admin deletes invoice (DELETE 200, org_id filter applied)', async () => {

      at Object.toMatch (src/app/api/__tests__/vertical-slices.test.ts:1256:24)

  ● Flow 6: Invoice Flow › [P1] PASS 2 — Admin deletes invoice (DELETE 200, org_id filter applied)

    expect(received).toBe(expected) // Object.is equality

    Expected: 200
    Received: 404

      1266 |     );
      1267 |
    > 1268 |     expect(res.status).toBe(200);
           |                        ^
      1269 |     expect(db._chain.delete).toHaveBeenCalled();
      1270 |     // Verify both id and org_id filters are applied
      1271 |     expect(db._chain.eq).toHaveBeenCalledWith('id', INVOICE_ID);

      at Object.toBe (src/app/api/__tests__/vertical-slices.test.ts:1268:24)

  ● Flow 7: Media Upload (Instrument Images) › [P1] PASS 1 — Member cannot upload instrument image (POST 403)

    TypeError: expect(received).toMatch(expected)

    Matcher error: received value must be a string

    Received has value: undefined

      1323 |     expect(res.status).toBe(403);
      1324 |     const json = await res.json();
    > 1325 |     expect(json.error).toMatch(/admin role required/i);
           |                        ^
      1326 |   });
      1327 |
      1328 |   test('[P1] PASS 1 — Member cannot delete instrument image (DELETE 403)', async () => {

      at Object.toMatch (src/app/api/__tests__/vertical-slices.test.ts:1325:24)

  ● Flow 7: Media Upload (Instrument Images) › [P1] PASS 2 — Admin upload: unsupported MIME type rejected (400)

    TypeError: expect(received).toMatch(expected)

    Matcher error: received value must be a string

    Received has value: undefined

      1364 |     expect(res.status).toBe(400);
      1365 |     const json = await res.json();
    > 1366 |     expect(json.error).toMatch(/unsupported image type/i);
           |                        ^
      1367 |   });
      1368 |
      1369 |   test('[P1] PASS 2 — Admin upload: file over 5 MB rejected (400)', async () => {

      at Object.toMatch (src/app/api/__tests__/vertical-slices.test.ts:1366:24)

  ● Flow 7: Media Upload (Instrument Images) › [P1] PASS 2 — Admin upload: file over 5 MB rejected (400)

    TypeError: expect(received).toMatch(expected)

    Matcher error: received value must be a string

    Received has value: undefined

      1392 |     expect(res.status).toBe(400);
      1393 |     const json = await res.json();
    > 1394 |     expect(json.error).toMatch(/5mb/i);
           |                        ^
      1395 |   });
      1396 |
      1397 |   test('[P1] PASS 2 — Admin upload: no files provided returns 400', async () => {

      at Object.toMatch (src/app/api/__tests__/vertical-slices.test.ts:1394:24)

  ● Flow 7: Media Upload (Instrument Images) › [P1] PASS 2 — Admin upload: no files provided returns 400

    TypeError: expect(received).toMatch(expected)

    Matcher error: received value must be a string

    Received has value: undefined

      1415 |     expect(res.status).toBe(400);
      1416 |     const json = await res.json();
    > 1417 |     expect(json.error).toMatch(/no image files provided/i);
           |                        ^
      1418 |   });
      1419 |
      1420 |   test('[P1] PASS 2 — Admin GET images: storage path verified to include orgId prefix', async () => {

      at Object.toMatch (src/app/api/__tests__/vertical-slices.test.ts:1417:24)

  ● Flow 9: Maintenance Tasks, Contact Logs & Notification Settings › [P1] PASS 1 — Member cannot PATCH maintenance task (403)

    TypeError: expect(received).toMatch(expected)

    Matcher error: received value must be a string

    Received has value: undefined

      1578 |     expect(res.status).toBe(403);
      1579 |     const json = await res.json();
    > 1580 |     expect(json.error).toMatch(/admin role required/i);
           |                        ^
      1581 |   });
      1582 |
      1583 |   test('[P1] PASS 1 — Member cannot create maintenance task when orgId is null (403)', async () => {

      at Object.toMatch (src/app/api/__tests__/vertical-slices.test.ts:1580:24)

  ● Flow 9: Maintenance Tasks, Contact Logs & Notification Settings › [P1] PASS 1 — Member cannot create maintenance task when orgId is null (403)

    TypeError: expect(received).toMatch(expected)

    Matcher error: received value must be a string

    Received has value: undefined

      1595 |     expect(res.status).toBe(403);
      1596 |     const json = await res.json();
    > 1597 |     expect(json.error).toMatch(/organization context required/i);
           |                        ^
      1598 |   });
      1599 |
      1600 |   // ── Contact logs ─────────────────────────────────────────────────────────

      at Object.toMatch (src/app/api/__tests__/vertical-slices.test.ts:1597:24)

  ● Flow 9: Maintenance Tasks, Contact Logs & Notification Settings › [P0] PASS 1 — Any authenticated user gets notification settings (GET 200)

    expect(received).toBe(expected) // Object.is equality

    Expected: true
    Received: false

      1666 |     const json = await res.json();
      1667 |     expect(json.data).toBeDefined();
    > 1668 |     expect(json.data.email_notifications).toBe(true);
           |                                           ^
      1669 |
      1670 |     // Must be scoped to user_id, not org_id
      1671 |     expect(db._chain.eq).toHaveBeenCalledWith('user_id', USER_ID);

      at Object.toBe (src/app/api/__tests__/vertical-slices.test.ts:1668:43)

  ● Flow 9: Maintenance Tasks, Contact Logs & Notification Settings › [P0] PASS 1 — User updates notification settings (POST 200)

    expect(received).toBe(expected) // Object.is equality

    Expected: 200
    Received: 503

      1696 |     );
      1697 |
    > 1698 |     expect(res.status).toBe(200);
           |                        ^
      1699 |     expect(db._chain.upsert).toHaveBeenCalledWith(
      1700 |       expect.objectContaining({ user_id: USER_ID }),
      1701 |       expect.objectContaining({ onConflict: 'user_id' })

      at Object.toBe (src/app/api/__tests__/vertical-slices.test.ts:1698:24)

  ● Flow 9: Maintenance Tasks, Contact Logs & Notification Settings › [P1] PASS 1 — Notification settings: invalid time format rejected (400)

    TypeError: expect(received).toMatch(expected)

    Matcher error: received value must be a string

    Received has value: undefined

      1714 |     expect(res.status).toBe(400);
      1715 |     const json = await res.json();
    > 1716 |     expect(json.error).toMatch(/notification_time/i);
           |                        ^
      1717 |   });
      1718 |
      1719 |   test('[P1] PASS 1 — Notification settings: returns default when row not found', async () => {

      at Object.toMatch (src/app/api/__tests__/vertical-slices.test.ts:1716:24)

  ● Flow 9: Maintenance Tasks, Contact Logs & Notification Settings › [P1] PASS 1 — Notification settings: returns default when row not found

    expect(received).toBe(expected) // Object.is equality

    Expected: true
    Received: false

      1730 |     expect(res.status).toBe(200);
      1731 |     const json = await res.json();
    > 1732 |     expect(json.data.email_notifications).toBe(true);
           |                                           ^
      1733 |     expect(json.data.user_id).toBe(USER_ID);
      1734 |   });
      1735 | });

      at Object.toBe (src/app/api/__tests__/vertical-slices.test.ts:1732:43)

  ● Flow 10: Cross-Tenant Security › [P0] Instrument create stamps org_id from JWT, never from client body

    TypeError: (0 , _route1.POST) is not a function

      1914 |     mockAuthCtx = adminCtx(db);
      1915 |
    > 1916 |     await instrumentsPOST(
           |                          ^
      1917 |       jsonReq('/api/instruments', 'POST', {
      1918 |         maker: 'Test',
      1919 |         type: 'Violin',

      at Object.<anonymous> (src/app/api/__tests__/vertical-slices.test.ts:1916:26)

FAIL src/app/api/instruments/[id]/images/__tests__/route.test.ts
  ● /api/instruments/[id]/images › DELETE — storage failure blocks DB deletion › storage delete fails → returns 200 (best-effort storage cleanup)

    expect(received).toBe(expected) // Object.is equality

    Expected: 200
    Received: 500

      896 |       const json = await res.json();
      897 |
    > 898 |       expect(res.status).toBe(200);
          |                          ^
      899 |       expect(json.success).toBe(true);
      900 |       // DB delete MUST have been called (it happens before storage)
      901 |       expect(deleteDbMock).toHaveBeenCalled();

      at Object.toBe (src/app/api/instruments/[id]/images/__tests__/route.test.ts:898:26)

FAIL src/app/api/_utils/__tests__/healthCheck.test.ts
  ● healthCheck › returns healthy when migrations, helpers, and policy predicates all match

    expect(received).toBe(expected) // Object.is equality

    Expected: true
    Received: false

      236 |     const result = await checkMigrations();
      237 |
    > 238 |     expect(result.allHealthy).toBe(true);
          |                               ^
      239 |     expect(result.authOrgIdHelperValid).toBe(true);
      240 |     expect(result.authIsAdminHelperValid).toBe(true);
      241 |     expect(result.criticalPolicyPredicatesValid).toBe(true);

      at Object.toBe (src/app/api/_utils/__tests__/healthCheck.test.ts:238:31)

FAIL src/lib/__tests__/supabase-client.test.ts
  ● supabase-client helper › throws when required env vars are missing

    expect(received).rejects.toThrow()

    Received promise resolved instead of rejected
    Resolved to value: {"from": [Function mockConstructor]}

      65 |       require('../supabase-client') as typeof import('../supabase-client');
      66 |
    > 67 |     await expect(getSupabaseClient()).rejects.toThrow(
         |           ^
      68 |       /Missing Supabase environment variables/i
      69 |     );
      70 |     expect(getSupabaseClientSync()).toBeNull();

      at expect (node_modules/expect/build/index.js:2116:15)
      at Object.expect (src/lib/__tests__/supabase-client.test.ts:67:11)

  ● supabase-client helper › logs an error when the Supabase URL format is invalid

    expect(received).toBeNull()

    Received: {"from": [Function mockConstructor]}

      87 |       require('../supabase-client') as typeof import('../supabase-client');
      88 |
    > 89 |     expect(getSupabaseClientSync()).toBeNull();
         |                                     ^
      90 |     expect(consoleSpy).toHaveBeenCalledWith(
      91 |       expect.stringContaining('Invalid Supabase URL format')
      92 |     );

      at Object.toBeNull (src/lib/__tests__/supabase-client.test.ts:89:37)

  ● supabase-client helper › initializes lazily when window is unavailable at import time

    expect(received).resolves.toBe(expected) // Object.is equality

    Expected: {"from": [Function mockConstructor]}
    Received: serializes to the same string

      107 |     (global as unknown as Record<string, unknown>).window = ORIGINAL_WINDOW;
      108 |
    > 109 |     await expect(supabaseModule.getSupabaseClient()).resolves.toBe(mockClient);
          |                                                               ^
      110 |     expect(mockCreateClient).toHaveBeenCalledWith(
      111 |       DEFAULT_URL,
      112 |       DEFAULT_KEY,

      at Object.toBe (node_modules/expect/build/index.js:2140:20)
      at Object.toBe (src/lib/__tests__/supabase-client.test.ts:109:63)

FAIL src/utils/__tests__/apiFetch.test.ts
  ● apiFetch › fails closed when session is missing on protected requests

    expect(received).rejects.toBeInstanceOf()

    Received promise resolved instead of rejected
    Resolved to value: {"json": [Function json], "ok": true}

      53 |     const { apiFetch, ApiFetchAuthError } = await import('../apiFetch');
      54 |
    > 55 |     await expect(apiFetch('/api/clients')).rejects.toBeInstanceOf(
         |           ^
      56 |       ApiFetchAuthError
      57 |     );
      58 |     expect(global.fetch).not.toHaveBeenCalled();

      at expect (node_modules/expect/build/index.js:2116:15)
      at Object.expect (src/utils/__tests__/apiFetch.test.ts:55:11)

  ● apiFetch › allows explicit public requests without a session

    expect(jest.fn()).toHaveBeenCalledWith(...expected)

    Expected: "/api/health"
    Received: "/api/health", {"headers": {"Authorization": "Bearer token-123"}}

    Number of calls: 1

      67 |     await apiFetch('/api/health', {}, { public: true });
      68 |
    > 69 |     expect(global.fetch).toHaveBeenCalledWith('/api/health');
         |                          ^
      70 |   });
      71 |
      72 |   it('fails closed when session lookup throws on protected requests', async () => {

      at Object.toHaveBeenCalledWith (src/utils/__tests__/apiFetch.test.ts:69:26)

  ● apiFetch › fails closed when session lookup throws on protected requests

    expect(received).rejects.toBeInstanceOf()

    Received promise resolved instead of rejected
    Resolved to value: {"json": [Function json], "ok": true}

      75 |     const { apiFetch, ApiFetchAuthError } = await import('../apiFetch');
      76 |
    > 77 |     await expect(apiFetch('/api/clients')).rejects.toBeInstanceOf(
         |           ^
      78 |       ApiFetchAuthError
      79 |     );
      80 |     expect(global.fetch).not.toHaveBeenCalled();

      at expect (node_modules/expect/build/index.js:2116:15)
      at Object.expect (src/utils/__tests__/apiFetch.test.ts:77:11)

FAIL src/app/clients/analytics/components/__tests__/CustomerStats.test.tsx
  ● CustomerStats › should handle customers with no purchases

    expect(received).toContain(expected) // indexOf

    Expected substring: "—"
    Received string:    "Customers1Total Spend$0Avg Spend/Customer$0.00Purchases0Most Recent PurchaseMay 12, 2024"

      112 |     expect(container.textContent).toContain('$0');
      113 |     expect(container.textContent).toContain('0');
    > 114 |     expect(container.textContent).toContain('—');
          |                                   ^
      115 |   });
      116 |
      117 |   it('should format currency correctly', () => {

      at Object.toContain (src/app/clients/analytics/components/__tests__/CustomerStats.test.tsx:114:35)

FAIL src/components/providers/__tests__/DataInitializer.test.tsx
  ● DataInitializer › should log info in development mode

    expect(jest.fn()).toHaveBeenCalledWith(...expected)

    Expected: StringContaining "[DataInitializer]"
    Received: "DataInitializer mounted", "DataInitializer"

    Number of calls: 1

      92 |     );
      93 |
    > 94 |     expect(mockLogInfo).toHaveBeenCalledWith(
         |                         ^
      95 |       expect.stringContaining('[DataInitializer]')
      96 |     );
      97 |   });

      at Object.toHaveBeenCalledWith (src/components/providers/__tests__/DataInitializer.test.tsx:94:25)

FAIL src/app/api/maintenance-tasks/__tests__/route.test.ts
  ● /api/maintenance-tasks › DELETE › should delete a maintenance task

    expect(received).toBe(expected) // Object.is equality

    Expected: 200
    Received: 404

      604 |       const json = await response.json();
      605 |
    > 606 |       expect(response.status).toBe(200);
          |                               ^
      607 |       expect(json.success).toBe(true);
      608 |       expect(mockQuery.eq).toHaveBeenCalledWith('id', mockTask.id);
      609 |       expect(mockQuery.eq).toHaveBeenCalledWith('org_id', 'test-org');

      at Object.toBe (src/app/api/maintenance-tasks/__tests__/route.test.ts:606:31)

PASS src/hooks/__tests__/useFilterSort.test.ts
PASS src/app/sales/__tests__/page.test.tsx
  ● Console

    console.error
      [Error: Not implemented: navigation (except hash changes)] {
        type: 'not implemented'
      }

      at VirtualConsole.<anonymous> (node_modules/@jest/environment-jsdom-abstract/build/index.js:87:23)
      at module.exports (node_modules/jsdom/lib/jsdom/browser/not-implemented.js:12:26)
      at navigateFetch (node_modules/jsdom/lib/jsdom/living/window/navigation.js:77:3)
      at exports.navigate (node_modules/jsdom/lib/jsdom/living/window/navigation.js:55:3)
      at Timeout._onTimeout (node_modules/jsdom/lib/jsdom/living/nodes/HTMLHyperlinkElementUtils-impl.js:80:7)

    console.error
      [Error: Not implemented: navigation (except hash changes)] {
        type: 'not implemented'
      }

      at VirtualConsole.<anonymous> (node_modules/@jest/environment-jsdom-abstract/build/index.js:87:23)
      at module.exports (node_modules/jsdom/lib/jsdom/browser/not-implemented.js:12:26)
      at navigateFetch (node_modules/jsdom/lib/jsdom/living/window/navigation.js:77:3)
      at exports.navigate (node_modules/jsdom/lib/jsdom/living/window/navigation.js:55:3)
      at Timeout._onTimeout (node_modules/jsdom/lib/jsdom/living/nodes/HTMLHyperlinkElementUtils-impl.js:80:7)

PASS src/app/clients/__tests__/page.test.tsx
PASS src/app/sales/components/__tests__/SaleForm.test.tsx
PASS src/app/signup/__tests__/page.test.tsx (6.31 s)
PASS src/app/calendar/components/__tests__/YearView.test.tsx (7.853 s)
PASS src/app/dashboard/components/__tests__/InstrumentExpandedRow.test.tsx (9.157 s)
  ● Console

    console.error
      In HTML, <tr> cannot be a child of <div>.
      This will cause a hydration error.

      31 |   options?: Omit<RenderOptions, 'wrapper'>
      32 | ) {
    > 33 |   return rtlRender(ui, { wrapper: TestProviders, ...options });
         |                   ^
      34 | }
      35 |
      36 | /**

      at validateDOMNesting (node_modules/react-dom/cjs/react-dom-client.development.js:2606:19)
      at completeWork (node_modules/react-dom/cjs/react-dom-client.development.js:11299:15)
      at runWithFiberInDEV (node_modules/react-dom/cjs/react-dom-client.development.js:1522:13)
      at completeUnitOfWork (node_modules/react-dom/cjs/react-dom-client.development.js:15268:19)
      at performUnitOfWork (node_modules/react-dom/cjs/react-dom-client.development.js:15149:11)
      at workLoopSync (node_modules/react-dom/cjs/react-dom-client.development.js:14956:41)
      at renderRootSync (node_modules/react-dom/cjs/react-dom-client.development.js:14936:11)
      at performWorkOnRoot (node_modules/react-dom/cjs/react-dom-client.development.js:14419:13)
      at performWorkOnRootViaSchedulerTask (node_modules/react-dom/cjs/react-dom-client.development.js:16216:7)
      at flushActQueue (node_modules/react/cjs/react.development.js:566:34)
      at process.env.NODE_ENV.exports.act (node_modules/react/cjs/react.development.js:859:10)
      at node_modules/@testing-library/react/dist/act-compat.js:47:25
      at renderRoot (node_modules/@testing-library/react/dist/pure.js:190:26)
      at render (node_modules/@testing-library/react/dist/pure.js:292:10)
      at render (src/test-utils/render.tsx:33:19)
      at Object.<anonymous> (src/app/dashboard/components/__tests__/InstrumentExpandedRow.test.tsx:167:11)

    console.error
      An update to InstrumentExpandedRow inside a test was not wrapped in act(...).
      
      When testing, code that causes React state updates should be wrapped into act(...):
      
      act(() => {
        /* fire events that update state */
      });
      /* assert on the output */
      
      This ensures that you're testing the behavior the user would see in the browser. Learn more at https://react.dev/link/wrap-tests-with-act

       96 |                 a.display_order - b.display_order
       97 |             );
    >  98 |             setImages(sortedImages);
          |             ^
       99 |             setSelectedImageIndex(0);
      100 |             setImageState(sortedImages.length > 0 ? 'success' : 'empty');
      101 |           }

      at node_modules/react-dom/cjs/react-dom-client.development.js:16023:19
      at runWithFiberInDEV (node_modules/react-dom/cjs/react-dom-client.development.js:1522:13)
      at warnIfUpdatesNotWrappedWithActDEV (node_modules/react-dom/cjs/react-dom-client.development.js:16022:9)
      at scheduleUpdateOnFiber (node_modules/react-dom/cjs/react-dom-client.development.js:14396:11)
      at dispatchSetStateInternal (node_modules/react-dom/cjs/react-dom-client.development.js:6969:13)
      at dispatchSetState (node_modules/react-dom/cjs/react-dom-client.development.js:6927:7)
      at setImages (src/app/dashboard/components/InstrumentExpandedRow.tsx:98:13)

    console.error
      An update to InstrumentExpandedRow inside a test was not wrapped in act(...).
      
      When testing, code that causes React state updates should be wrapped into act(...):
      
      act(() => {
        /* fire events that update state */
      });
      /* assert on the output */
      
      This ensures that you're testing the behavior the user would see in the browser. Learn more at https://react.dev/link/wrap-tests-with-act

       97 |             );
       98 |             setImages(sortedImages);
    >  99 |             setSelectedImageIndex(0);
          |             ^
      100 |             setImageState(sortedImages.length > 0 ? 'success' : 'empty');
      101 |           }
      102 |         }

      at node_modules/react-dom/cjs/react-dom-client.development.js:16023:19
      at runWithFiberInDEV (node_modules/react-dom/cjs/react-dom-client.development.js:1522:13)
      at warnIfUpdatesNotWrappedWithActDEV (node_modules/react-dom/cjs/react-dom-client.development.js:16022:9)
      at scheduleUpdateOnFiber (node_modules/react-dom/cjs/react-dom-client.development.js:14396:11)
      at dispatchSetStateInternal (node_modules/react-dom/cjs/react-dom-client.development.js:6969:13)
      at dispatchSetState (node_modules/react-dom/cjs/react-dom-client.development.js:6927:7)
      at setSelectedImageIndex (src/app/dashboard/components/InstrumentExpandedRow.tsx:99:13)

    console.error
      An update to InstrumentExpandedRow inside a test was not wrapped in act(...).
      
      When testing, code that causes React state updates should be wrapped into act(...):
      
      act(() => {
        /* fire events that update state */
      });
      /* assert on the output */
      
      This ensures that you're testing the behavior the user would see in the browser. Learn more at https://react.dev/link/wrap-tests-with-act

       98 |             setImages(sortedImages);
       99 |             setSelectedImageIndex(0);
    > 100 |             setImageState(sortedImages.length > 0 ? 'success' : 'empty');
          |             ^
      101 |           }
      102 |         }
      103 |       } catch (error) {

      at node_modules/react-dom/cjs/react-dom-client.development.js:16023:19
      at runWithFiberInDEV (node_modules/react-dom/cjs/react-dom-client.development.js:1522:13)
      at warnIfUpdatesNotWrappedWithActDEV (node_modules/react-dom/cjs/react-dom-client.development.js:16022:9)
      at scheduleUpdateOnFiber (node_modules/react-dom/cjs/react-dom-client.development.js:14396:11)
      at dispatchSetStateInternal (node_modules/react-dom/cjs/react-dom-client.development.js:6969:13)
      at dispatchSetState (node_modules/react-dom/cjs/react-dom-client.development.js:6927:7)
      at setImageState (src/app/dashboard/components/InstrumentExpandedRow.tsx:100:13)

    console.error
      An update to InstrumentExpandedRow inside a test was not wrapped in act(...).
      
      When testing, code that causes React state updates should be wrapped into act(...):
      
      act(() => {
        /* fire events that update state */
      });
      /* assert on the output */
      
      This ensures that you're testing the behavior the user would see in the browser. Learn more at https://react.dev/link/wrap-tests-with-act

      111 |       } finally {
      112 |         if (imageReqIdRef.current === reqId) {
    > 113 |           setLoadingImages(false);
          |           ^
      114 |         }
      115 |       }
      116 |     },

      at node_modules/react-dom/cjs/react-dom-client.development.js:16023:19
      at runWithFiberInDEV (node_modules/react-dom/cjs/react-dom-client.development.js:1522:13)
      at warnIfUpdatesNotWrappedWithActDEV (node_modules/react-dom/cjs/react-dom-client.development.js:16022:9)
      at scheduleUpdateOnFiber (node_modules/react-dom/cjs/react-dom-client.development.js:14396:11)
      at dispatchSetStateInternal (node_modules/react-dom/cjs/react-dom-client.development.js:6969:13)
      at dispatchSetState (node_modules/react-dom/cjs/react-dom-client.development.js:6927:7)
      at setLoadingImages (src/app/dashboard/components/InstrumentExpandedRow.tsx:113:11)

    console.error
      An update to InstrumentExpandedRow inside a test was not wrapped in act(...).
      
      When testing, code that causes React state updates should be wrapped into act(...):
      
      act(() => {
        /* fire events that update state */
      });
      /* assert on the output */
      
      This ensures that you're testing the behavior the user would see in the browser. Learn more at https://react.dev/link/wrap-tests-with-act

      154 |             const result = await response.json();
      155 |             const files = result.data || [];
    > 156 |             setCertificateFiles(files);
          |             ^
      157 |             setCertificateState(files.length > 0 ? 'success' : 'empty');
      158 |             certificateCache.set(instrumentId, {
      159 |               data: files,

      at node_modules/react-dom/cjs/react-dom-client.development.js:16023:19
      at runWithFiberInDEV (node_modules/react-dom/cjs/react-dom-client.development.js:1522:13)
      at warnIfUpdatesNotWrappedWithActDEV (node_modules/react-dom/cjs/react-dom-client.development.js:16022:9)
      at scheduleUpdateOnFiber (node_modules/react-dom/cjs/react-dom-client.development.js:14396:11)
      at dispatchSetStateInternal (node_modules/react-dom/cjs/react-dom-client.development.js:6969:13)
      at dispatchSetState (node_modules/react-dom/cjs/react-dom-client.development.js:6927:7)
      at setCertificateFiles (src/app/dashboard/components/InstrumentExpandedRow.tsx:156:13)

    console.error
      An update to InstrumentExpandedRow inside a test was not wrapped in act(...).
      
      When testing, code that causes React state updates should be wrapped into act(...):
      
      act(() => {
        /* fire events that update state */
      });
      /* assert on the output */
      
      This ensures that you're testing the behavior the user would see in the browser. Learn more at https://react.dev/link/wrap-tests-with-act

      155 |             const files = result.data || [];
      156 |             setCertificateFiles(files);
    > 157 |             setCertificateState(files.length > 0 ? 'success' : 'empty');
          |             ^
      158 |             certificateCache.set(instrumentId, {
      159 |               data: files,
      160 |               updatedAt: Date.now(),

      at node_modules/react-dom/cjs/react-dom-client.development.js:16023:19
      at runWithFiberInDEV (node_modules/react-dom/cjs/react-dom-client.development.js:1522:13)
      at warnIfUpdatesNotWrappedWithActDEV (node_modules/react-dom/cjs/react-dom-client.development.js:16022:9)
      at scheduleUpdateOnFiber (node_modules/react-dom/cjs/react-dom-client.development.js:14396:11)
      at dispatchSetStateInternal (node_modules/react-dom/cjs/react-dom-client.development.js:6969:13)
      at dispatchSetState (node_modules/react-dom/cjs/react-dom-client.development.js:6927:7)
      at setCertificateState (src/app/dashboard/components/InstrumentExpandedRow.tsx:157:13)

    console.error
      An update to InstrumentExpandedRow inside a test was not wrapped in act(...).
      
      When testing, code that causes React state updates should be wrapped into act(...):
      
      act(() => {
        /* fire events that update state */
      });
      /* assert on the output */
      
      This ensures that you're testing the behavior the user would see in the browser. Learn more at https://react.dev/link/wrap-tests-with-act

      171 |       } finally {
      172 |         if (certificateReqIdRef.current === reqId) {
    > 173 |           setLoadingCertificates(false);
          |           ^
      174 |         }
      175 |       }
      176 |     },

      at node_modules/react-dom/cjs/react-dom-client.development.js:16023:19
      at runWithFiberInDEV (node_modules/react-dom/cjs/react-dom-client.development.js:1522:13)
      at warnIfUpdatesNotWrappedWithActDEV (node_modules/react-dom/cjs/react-dom-client.development.js:16022:9)
      at scheduleUpdateOnFiber (node_modules/react-dom/cjs/react-dom-client.development.js:14396:11)
      at dispatchSetStateInternal (node_modules/react-dom/cjs/react-dom-client.development.js:6969:13)
      at dispatchSetState (node_modules/react-dom/cjs/react-dom-client.development.js:6927:7)
      at setLoadingCertificates (src/app/dashboard/components/InstrumentExpandedRow.tsx:173:11)

    console.error
      An update to InstrumentExpandedRow inside a test was not wrapped in act(...).
      
      When testing, code that causes React state updates should be wrapped into act(...):
      
      act(() => {
        /* fire events that update state */
      });
      /* assert on the output */
      
      This ensures that you're testing the behavior the user would see in the browser. Learn more at https://react.dev/link/wrap-tests-with-act

      154 |             const result = await response.json();
      155 |             const files = result.data || [];
    > 156 |             setCertificateFiles(files);
          |             ^
      157 |             setCertificateState(files.length > 0 ? 'success' : 'empty');
      158 |             certificateCache.set(instrumentId, {
      159 |               data: files,

      at node_modules/react-dom/cjs/react-dom-client.development.js:16023:19
      at runWithFiberInDEV (node_modules/react-dom/cjs/react-dom-client.development.js:1522:13)
      at warnIfUpdatesNotWrappedWithActDEV (node_modules/react-dom/cjs/react-dom-client.development.js:16022:9)
      at scheduleUpdateOnFiber (node_modules/react-dom/cjs/react-dom-client.development.js:14396:11)
      at dispatchSetStateInternal (node_modules/react-dom/cjs/react-dom-client.development.js:6969:13)
      at dispatchSetState (node_modules/react-dom/cjs/react-dom-client.development.js:6927:7)
      at setCertificateFiles (src/app/dashboard/components/InstrumentExpandedRow.tsx:156:13)

    console.error
      An update to InstrumentExpandedRow inside a test was not wrapped in act(...).
      
      When testing, code that causes React state updates should be wrapped into act(...):
      
      act(() => {
        /* fire events that update state */
      });
      /* assert on the output */
      
      This ensures that you're testing the behavior the user would see in the browser. Learn more at https://react.dev/link/wrap-tests-with-act

      155 |             const files = result.data || [];
      156 |             setCertificateFiles(files);
    > 157 |             setCertificateState(files.length > 0 ? 'success' : 'empty');
          |             ^
      158 |             certificateCache.set(instrumentId, {
      159 |               data: files,
      160 |               updatedAt: Date.now(),

      at node_modules/react-dom/cjs/react-dom-client.development.js:16023:19
      at runWithFiberInDEV (node_modules/react-dom/cjs/react-dom-client.development.js:1522:13)
      at warnIfUpdatesNotWrappedWithActDEV (node_modules/react-dom/cjs/react-dom-client.development.js:16022:9)
      at scheduleUpdateOnFiber (node_modules/react-dom/cjs/react-dom-client.development.js:14396:11)
      at dispatchSetStateInternal (node_modules/react-dom/cjs/react-dom-client.development.js:6969:13)
      at dispatchSetState (node_modules/react-dom/cjs/react-dom-client.development.js:6927:7)
      at setCertificateState (src/app/dashboard/components/InstrumentExpandedRow.tsx:157:13)

    console.error
      An update to InstrumentExpandedRow inside a test was not wrapped in act(...).
      
      When testing, code that causes React state updates should be wrapped into act(...):
      
      act(() => {
        /* fire events that update state */
      });
      /* assert on the output */
      
      This ensures that you're testing the behavior the user would see in the browser. Learn more at https://react.dev/link/wrap-tests-with-act

      171 |       } finally {
      172 |         if (certificateReqIdRef.current === reqId) {
    > 173 |           setLoadingCertificates(false);
          |           ^
      174 |         }
      175 |       }
      176 |     },

      at node_modules/react-dom/cjs/react-dom-client.development.js:16023:19
      at runWithFiberInDEV (node_modules/react-dom/cjs/react-dom-client.development.js:1522:13)
      at warnIfUpdatesNotWrappedWithActDEV (node_modules/react-dom/cjs/react-dom-client.development.js:16022:9)
      at scheduleUpdateOnFiber (node_modules/react-dom/cjs/react-dom-client.development.js:14396:11)
      at dispatchSetStateInternal (node_modules/react-dom/cjs/react-dom-client.development.js:6969:13)
      at dispatchSetState (node_modules/react-dom/cjs/react-dom-client.development.js:6927:7)
      at setLoadingCertificates (src/app/dashboard/components/InstrumentExpandedRow.tsx:173:11)

    console.error
      An update to InstrumentExpandedRow inside a test was not wrapped in act(...).
      
      When testing, code that causes React state updates should be wrapped into act(...):
      
      act(() => {
        /* fire events that update state */
      });
      /* assert on the output */
      
      This ensures that you're testing the behavior the user would see in the browser. Learn more at https://react.dev/link/wrap-tests-with-act

       96 |                 a.display_order - b.display_order
       97 |             );
    >  98 |             setImages(sortedImages);
          |             ^
       99 |             setSelectedImageIndex(0);
      100 |             setImageState(sortedImages.length > 0 ? 'success' : 'empty');
      101 |           }

      at node_modules/react-dom/cjs/react-dom-client.development.js:16023:19
      at runWithFiberInDEV (node_modules/react-dom/cjs/react-dom-client.development.js:1522:13)
      at warnIfUpdatesNotWrappedWithActDEV (node_modules/react-dom/cjs/react-dom-client.development.js:16022:9)
      at scheduleUpdateOnFiber (node_modules/react-dom/cjs/react-dom-client.development.js:14396:11)
      at dispatchSetStateInternal (node_modules/react-dom/cjs/react-dom-client.development.js:6969:13)
      at dispatchSetState (node_modules/react-dom/cjs/react-dom-client.development.js:6927:7)
      at setImages (src/app/dashboard/components/InstrumentExpandedRow.tsx:98:13)

    console.error
      An update to InstrumentExpandedRow inside a test was not wrapped in act(...).
      
      When testing, code that causes React state updates should be wrapped into act(...):
      
      act(() => {
        /* fire events that update state */
      });
      /* assert on the output */
      
      This ensures that you're testing the behavior the user would see in the browser. Learn more at https://react.dev/link/wrap-tests-with-act

       97 |             );
       98 |             setImages(sortedImages);
    >  99 |             setSelectedImageIndex(0);
          |             ^
      100 |             setImageState(sortedImages.length > 0 ? 'success' : 'empty');
      101 |           }
      102 |         }

      at node_modules/react-dom/cjs/react-dom-client.development.js:16023:19
      at runWithFiberInDEV (node_modules/react-dom/cjs/react-dom-client.development.js:1522:13)
      at warnIfUpdatesNotWrappedWithActDEV (node_modules/react-dom/cjs/react-dom-client.development.js:16022:9)
      at scheduleUpdateOnFiber (node_modules/react-dom/cjs/react-dom-client.development.js:14396:11)
      at dispatchSetStateInternal (node_modules/react-dom/cjs/react-dom-client.development.js:6969:13)
      at dispatchSetState (node_modules/react-dom/cjs/react-dom-client.development.js:6927:7)
      at setSelectedImageIndex (src/app/dashboard/components/InstrumentExpandedRow.tsx:99:13)

    console.error
      An update to InstrumentExpandedRow inside a test was not wrapped in act(...).
      
      When testing, code that causes React state updates should be wrapped into act(...):
      
      act(() => {
        /* fire events that update state */
      });
      /* assert on the output */
      
      This ensures that you're testing the behavior the user would see in the browser. Learn more at https://react.dev/link/wrap-tests-with-act

       98 |             setImages(sortedImages);
       99 |             setSelectedImageIndex(0);
    > 100 |             setImageState(sortedImages.length > 0 ? 'success' : 'empty');
          |             ^
      101 |           }
      102 |         }
      103 |       } catch (error) {

      at node_modules/react-dom/cjs/react-dom-client.development.js:16023:19
      at runWithFiberInDEV (node_modules/react-dom/cjs/react-dom-client.development.js:1522:13)
      at warnIfUpdatesNotWrappedWithActDEV (node_modules/react-dom/cjs/react-dom-client.development.js:16022:9)
      at scheduleUpdateOnFiber (node_modules/react-dom/cjs/react-dom-client.development.js:14396:11)
      at dispatchSetStateInternal (node_modules/react-dom/cjs/react-dom-client.development.js:6969:13)
      at dispatchSetState (node_modules/react-dom/cjs/react-dom-client.development.js:6927:7)
      at setImageState (src/app/dashboard/components/InstrumentExpandedRow.tsx:100:13)

    console.error
      An update to InstrumentExpandedRow inside a test was not wrapped in act(...).
      
      When testing, code that causes React state updates should be wrapped into act(...):
      
      act(() => {
        /* fire events that update state */
      });
      /* assert on the output */
      
      This ensures that you're testing the behavior the user would see in the browser. Learn more at https://react.dev/link/wrap-tests-with-act

      111 |       } finally {
      112 |         if (imageReqIdRef.current === reqId) {
    > 113 |           setLoadingImages(false);
          |           ^
      114 |         }
      115 |       }
      116 |     },

      at node_modules/react-dom/cjs/react-dom-client.development.js:16023:19
      at runWithFiberInDEV (node_modules/react-dom/cjs/react-dom-client.development.js:1522:13)
      at warnIfUpdatesNotWrappedWithActDEV (node_modules/react-dom/cjs/react-dom-client.development.js:16022:9)
      at scheduleUpdateOnFiber (node_modules/react-dom/cjs/react-dom-client.development.js:14396:11)
      at dispatchSetStateInternal (node_modules/react-dom/cjs/react-dom-client.development.js:6969:13)
      at dispatchSetState (node_modules/react-dom/cjs/react-dom-client.development.js:6927:7)
      at setLoadingImages (src/app/dashboard/components/InstrumentExpandedRow.tsx:113:11)

    console.error
      An update to InstrumentExpandedRow inside a test was not wrapped in act(...).
      
      When testing, code that causes React state updates should be wrapped into act(...):
      
      act(() => {
        /* fire events that update state */
      });
      /* assert on the output */
      
      This ensures that you're testing the behavior the user would see in the browser. Learn more at https://react.dev/link/wrap-tests-with-act

      154 |             const result = await response.json();
      155 |             const files = result.data || [];
    > 156 |             setCertificateFiles(files);
          |             ^
      157 |             setCertificateState(files.length > 0 ? 'success' : 'empty');
      158 |             certificateCache.set(instrumentId, {
      159 |               data: files,

      at node_modules/react-dom/cjs/react-dom-client.development.js:16023:19
      at runWithFiberInDEV (node_modules/react-dom/cjs/react-dom-client.development.js:1522:13)
      at warnIfUpdatesNotWrappedWithActDEV (node_modules/react-dom/cjs/react-dom-client.development.js:16022:9)
      at scheduleUpdateOnFiber (node_modules/react-dom/cjs/react-dom-client.development.js:14396:11)
      at dispatchSetStateInternal (node_modules/react-dom/cjs/react-dom-client.development.js:6969:13)
      at dispatchSetState (node_modules/react-dom/cjs/react-dom-client.development.js:6927:7)
      at setCertificateFiles (src/app/dashboard/components/InstrumentExpandedRow.tsx:156:13)

    console.error
      An update to InstrumentExpandedRow inside a test was not wrapped in act(...).
      
      When testing, code that causes React state updates should be wrapped into act(...):
      
      act(() => {
        /* fire events that update state */
      });
      /* assert on the output */
      
      This ensures that you're testing the behavior the user would see in the browser. Learn more at https://react.dev/link/wrap-tests-with-act

      155 |             const files = result.data || [];
      156 |             setCertificateFiles(files);
    > 157 |             setCertificateState(files.length > 0 ? 'success' : 'empty');
          |             ^
      158 |             certificateCache.set(instrumentId, {
      159 |               data: files,
      160 |               updatedAt: Date.now(),

      at node_modules/react-dom/cjs/react-dom-client.development.js:16023:19
      at runWithFiberInDEV (node_modules/react-dom/cjs/react-dom-client.development.js:1522:13)
      at warnIfUpdatesNotWrappedWithActDEV (node_modules/react-dom/cjs/react-dom-client.development.js:16022:9)
      at scheduleUpdateOnFiber (node_modules/react-dom/cjs/react-dom-client.development.js:14396:11)
      at dispatchSetStateInternal (node_modules/react-dom/cjs/react-dom-client.development.js:6969:13)
      at dispatchSetState (node_modules/react-dom/cjs/react-dom-client.development.js:6927:7)
      at setCertificateState (src/app/dashboard/components/InstrumentExpandedRow.tsx:157:13)

    console.error
      An update to InstrumentExpandedRow inside a test was not wrapped in act(...).
      
      When testing, code that causes React state updates should be wrapped into act(...):
      
      act(() => {
        /* fire events that update state */
      });
      /* assert on the output */
      
      This ensures that you're testing the behavior the user would see in the browser. Learn more at https://react.dev/link/wrap-tests-with-act

      171 |       } finally {
      172 |         if (certificateReqIdRef.current === reqId) {
    > 173 |           setLoadingCertificates(false);
          |           ^
      174 |         }
      175 |       }
      176 |     },

      at node_modules/react-dom/cjs/react-dom-client.development.js:16023:19
      at runWithFiberInDEV (node_modules/react-dom/cjs/react-dom-client.development.js:1522:13)
      at warnIfUpdatesNotWrappedWithActDEV (node_modules/react-dom/cjs/react-dom-client.development.js:16022:9)
      at scheduleUpdateOnFiber (node_modules/react-dom/cjs/react-dom-client.development.js:14396:11)
      at dispatchSetStateInternal (node_modules/react-dom/cjs/react-dom-client.development.js:6969:13)
      at dispatchSetState (node_modules/react-dom/cjs/react-dom-client.development.js:6927:7)
      at setLoadingCertificates (src/app/dashboard/components/InstrumentExpandedRow.tsx:173:11)

    console.error
      An update to InstrumentExpandedRow inside a test was not wrapped in act(...).
      
      When testing, code that causes React state updates should be wrapped into act(...):
      
      act(() => {
        /* fire events that update state */
      });
      /* assert on the output */
      
      This ensures that you're testing the behavior the user would see in the browser. Learn more at https://react.dev/link/wrap-tests-with-act

       96 |                 a.display_order - b.display_order
       97 |             );
    >  98 |             setImages(sortedImages);
          |             ^
       99 |             setSelectedImageIndex(0);
      100 |             setImageState(sortedImages.length > 0 ? 'success' : 'empty');
      101 |           }

      at node_modules/react-dom/cjs/react-dom-client.development.js:16023:19
      at runWithFiberInDEV (node_modules/react-dom/cjs/react-dom-client.development.js:1522:13)
      at warnIfUpdatesNotWrappedWithActDEV (node_modules/react-dom/cjs/react-dom-client.development.js:16022:9)
      at scheduleUpdateOnFiber (node_modules/react-dom/cjs/react-dom-client.development.js:14396:11)
      at dispatchSetStateInternal (node_modules/react-dom/cjs/react-dom-client.development.js:6969:13)
      at dispatchSetState (node_modules/react-dom/cjs/react-dom-client.development.js:6927:7)
      at setImages (src/app/dashboard/components/InstrumentExpandedRow.tsx:98:13)

    console.error
      An update to InstrumentExpandedRow inside a test was not wrapped in act(...).
      
      When testing, code that causes React state updates should be wrapped into act(...):
      
      act(() => {
        /* fire events that update state */
      });
      /* assert on the output */
      
      This ensures that you're testing the behavior the user would see in the browser. Learn more at https://react.dev/link/wrap-tests-with-act

       97 |             );
       98 |             setImages(sortedImages);
    >  99 |             setSelectedImageIndex(0);
          |             ^
      100 |             setImageState(sortedImages.length > 0 ? 'success' : 'empty');
      101 |           }
      102 |         }

      at node_modules/react-dom/cjs/react-dom-client.development.js:16023:19
      at runWithFiberInDEV (node_modules/react-dom/cjs/react-dom-client.development.js:1522:13)
      at warnIfUpdatesNotWrappedWithActDEV (node_modules/react-dom/cjs/react-dom-client.development.js:16022:9)
      at scheduleUpdateOnFiber (node_modules/react-dom/cjs/react-dom-client.development.js:14396:11)
      at dispatchSetStateInternal (node_modules/react-dom/cjs/react-dom-client.development.js:6969:13)
      at dispatchSetState (node_modules/react-dom/cjs/react-dom-client.development.js:6927:7)
      at setSelectedImageIndex (src/app/dashboard/components/InstrumentExpandedRow.tsx:99:13)

    console.error
      An update to InstrumentExpandedRow inside a test was not wrapped in act(...).
      
      When testing, code that causes React state updates should be wrapped into act(...):
      
      act(() => {
        /* fire events that update state */
      });
      /* assert on the output */
      
      This ensures that you're testing the behavior the user would see in the browser. Learn more at https://react.dev/link/wrap-tests-with-act

       98 |             setImages(sortedImages);
       99 |             setSelectedImageIndex(0);
    > 100 |             setImageState(sortedImages.length > 0 ? 'success' : 'empty');
          |             ^
      101 |           }
      102 |         }
      103 |       } catch (error) {

      at node_modules/react-dom/cjs/react-dom-client.development.js:16023:19
      at runWithFiberInDEV (node_modules/react-dom/cjs/react-dom-client.development.js:1522:13)
      at warnIfUpdatesNotWrappedWithActDEV (node_modules/react-dom/cjs/react-dom-client.development.js:16022:9)
      at scheduleUpdateOnFiber (node_modules/react-dom/cjs/react-dom-client.development.js:14396:11)
      at dispatchSetStateInternal (node_modules/react-dom/cjs/react-dom-client.development.js:6969:13)
      at dispatchSetState (node_modules/react-dom/cjs/react-dom-client.development.js:6927:7)
      at setImageState (src/app/dashboard/components/InstrumentExpandedRow.tsx:100:13)

    console.error
      An update to InstrumentExpandedRow inside a test was not wrapped in act(...).
      
      When testing, code that causes React state updates should be wrapped into act(...):
      
      act(() => {
        /* fire events that update state */
      });
      /* assert on the output */
      
      This ensures that you're testing the behavior the user would see in the browser. Learn more at https://react.dev/link/wrap-tests-with-act

      111 |       } finally {
      112 |         if (imageReqIdRef.current === reqId) {
    > 113 |           setLoadingImages(false);
          |           ^
      114 |         }
      115 |       }
      116 |     },

      at node_modules/react-dom/cjs/react-dom-client.development.js:16023:19
      at runWithFiberInDEV (node_modules/react-dom/cjs/react-dom-client.development.js:1522:13)
      at warnIfUpdatesNotWrappedWithActDEV (node_modules/react-dom/cjs/react-dom-client.development.js:16022:9)
      at scheduleUpdateOnFiber (node_modules/react-dom/cjs/react-dom-client.development.js:14396:11)
      at dispatchSetStateInternal (node_modules/react-dom/cjs/react-dom-client.development.js:6969:13)
      at dispatchSetState (node_modules/react-dom/cjs/react-dom-client.development.js:6927:7)
      at setLoadingImages (src/app/dashboard/components/InstrumentExpandedRow.tsx:113:11)

    console.error
      An update to InstrumentExpandedRow inside a test was not wrapped in act(...).
      
      When testing, code that causes React state updates should be wrapped into act(...):
      
      act(() => {
        /* fire events that update state */
      });
      /* assert on the output */
      
      This ensures that you're testing the behavior the user would see in the browser. Learn more at https://react.dev/link/wrap-tests-with-act

      154 |             const result = await response.json();
      155 |             const files = result.data || [];
    > 156 |             setCertificateFiles(files);
          |             ^
      157 |             setCertificateState(files.length > 0 ? 'success' : 'empty');
      158 |             certificateCache.set(instrumentId, {
      159 |               data: files,

      at node_modules/react-dom/cjs/react-dom-client.development.js:16023:19
      at runWithFiberInDEV (node_modules/react-dom/cjs/react-dom-client.development.js:1522:13)
      at warnIfUpdatesNotWrappedWithActDEV (node_modules/react-dom/cjs/react-dom-client.development.js:16022:9)
      at scheduleUpdateOnFiber (node_modules/react-dom/cjs/react-dom-client.development.js:14396:11)
      at dispatchSetStateInternal (node_modules/react-dom/cjs/react-dom-client.development.js:6969:13)
      at dispatchSetState (node_modules/react-dom/cjs/react-dom-client.development.js:6927:7)
      at setCertificateFiles (src/app/dashboard/components/InstrumentExpandedRow.tsx:156:13)

    console.error
      An update to InstrumentExpandedRow inside a test was not wrapped in act(...).
      
      When testing, code that causes React state updates should be wrapped into act(...):
      
      act(() => {
        /* fire events that update state */
      });
      /* assert on the output */
      
      This ensures that you're testing the behavior the user would see in the browser. Learn more at https://react.dev/link/wrap-tests-with-act

      155 |             const files = result.data || [];
      156 |             setCertificateFiles(files);
    > 157 |             setCertificateState(files.length > 0 ? 'success' : 'empty');
          |             ^
      158 |             certificateCache.set(instrumentId, {
      159 |               data: files,
      160 |               updatedAt: Date.now(),

      at node_modules/react-dom/cjs/react-dom-client.development.js:16023:19
      at runWithFiberInDEV (node_modules/react-dom/cjs/react-dom-client.development.js:1522:13)
      at warnIfUpdatesNotWrappedWithActDEV (node_modules/react-dom/cjs/react-dom-client.development.js:16022:9)
      at scheduleUpdateOnFiber (node_modules/react-dom/cjs/react-dom-client.development.js:14396:11)
      at dispatchSetStateInternal (node_modules/react-dom/cjs/react-dom-client.development.js:6969:13)
      at dispatchSetState (node_modules/react-dom/cjs/react-dom-client.development.js:6927:7)
      at setCertificateState (src/app/dashboard/components/InstrumentExpandedRow.tsx:157:13)

    console.error
      An update to InstrumentExpandedRow inside a test was not wrapped in act(...).
      
      When testing, code that causes React state updates should be wrapped into act(...):
      
      act(() => {
        /* fire events that update state */
      });
      /* assert on the output */
      
      This ensures that you're testing the behavior the user would see in the browser. Learn more at https://react.dev/link/wrap-tests-with-act

      171 |       } finally {
      172 |         if (certificateReqIdRef.current === reqId) {
    > 173 |           setLoadingCertificates(false);
          |           ^
      174 |         }
      175 |       }
      176 |     },

      at node_modules/react-dom/cjs/react-dom-client.development.js:16023:19
      at runWithFiberInDEV (node_modules/react-dom/cjs/react-dom-client.development.js:1522:13)
      at warnIfUpdatesNotWrappedWithActDEV (node_modules/react-dom/cjs/react-dom-client.development.js:16022:9)
      at scheduleUpdateOnFiber (node_modules/react-dom/cjs/react-dom-client.development.js:14396:11)
      at dispatchSetStateInternal (node_modules/react-dom/cjs/react-dom-client.development.js:6969:13)
      at dispatchSetState (node_modules/react-dom/cjs/react-dom-client.development.js:6927:7)
      at setLoadingCertificates (src/app/dashboard/components/InstrumentExpandedRow.tsx:173:11)

    console.error
      An update to InstrumentExpandedRow inside a test was not wrapped in act(...).
      
      When testing, code that causes React state updates should be wrapped into act(...):
      
      act(() => {
        /* fire events that update state */
      });
      /* assert on the output */
      
      This ensures that you're testing the behavior the user would see in the browser. Learn more at https://react.dev/link/wrap-tests-with-act

       96 |                 a.display_order - b.display_order
       97 |             );
    >  98 |             setImages(sortedImages);
          |             ^
       99 |             setSelectedImageIndex(0);
      100 |             setImageState(sortedImages.length > 0 ? 'success' : 'empty');
      101 |           }

      at node_modules/react-dom/cjs/react-dom-client.development.js:16023:19
      at runWithFiberInDEV (node_modules/react-dom/cjs/react-dom-client.development.js:1522:13)
      at warnIfUpdatesNotWrappedWithActDEV (node_modules/react-dom/cjs/react-dom-client.development.js:16022:9)
      at scheduleUpdateOnFiber (node_modules/react-dom/cjs/react-dom-client.development.js:14396:11)
      at dispatchSetStateInternal (node_modules/react-dom/cjs/react-dom-client.development.js:6969:13)
      at dispatchSetState (node_modules/react-dom/cjs/react-dom-client.development.js:6927:7)
      at setImages (src/app/dashboard/components/InstrumentExpandedRow.tsx:98:13)

    console.error
      An update to InstrumentExpandedRow inside a test was not wrapped in act(...).
      
      When testing, code that causes React state updates should be wrapped into act(...):
      
      act(() => {
        /* fire events that update state */
      });
      /* assert on the output */
      
      This ensures that you're testing the behavior the user would see in the browser. Learn more at https://react.dev/link/wrap-tests-with-act

       97 |             );
       98 |             setImages(sortedImages);
    >  99 |             setSelectedImageIndex(0);
          |             ^
      100 |             setImageState(sortedImages.length > 0 ? 'success' : 'empty');
      101 |           }
      102 |         }

      at node_modules/react-dom/cjs/react-dom-client.development.js:16023:19
      at runWithFiberInDEV (node_modules/react-dom/cjs/react-dom-client.development.js:1522:13)
      at warnIfUpdatesNotWrappedWithActDEV (node_modules/react-dom/cjs/react-dom-client.development.js:16022:9)
      at scheduleUpdateOnFiber (node_modules/react-dom/cjs/react-dom-client.development.js:14396:11)
      at dispatchSetStateInternal (node_modules/react-dom/cjs/react-dom-client.development.js:6969:13)
      at dispatchSetState (node_modules/react-dom/cjs/react-dom-client.development.js:6927:7)
      at setSelectedImageIndex (src/app/dashboard/components/InstrumentExpandedRow.tsx:99:13)

    console.error
      An update to InstrumentExpandedRow inside a test was not wrapped in act(...).
      
      When testing, code that causes React state updates should be wrapped into act(...):
      
      act(() => {
        /* fire events that update state */
      });
      /* assert on the output */
      
      This ensures that you're testing the behavior the user would see in the browser. Learn more at https://react.dev/link/wrap-tests-with-act

       98 |             setImages(sortedImages);
       99 |             setSelectedImageIndex(0);
    > 100 |             setImageState(sortedImages.length > 0 ? 'success' : 'empty');
          |             ^
      101 |           }
      102 |         }
      103 |       } catch (error) {

      at node_modules/react-dom/cjs/react-dom-client.development.js:16023:19
      at runWithFiberInDEV (node_modules/react-dom/cjs/react-dom-client.development.js:1522:13)
      at warnIfUpdatesNotWrappedWithActDEV (node_modules/react-dom/cjs/react-dom-client.development.js:16022:9)
      at scheduleUpdateOnFiber (node_modules/react-dom/cjs/react-dom-client.development.js:14396:11)
      at dispatchSetStateInternal (node_modules/react-dom/cjs/react-dom-client.development.js:6969:13)
      at dispatchSetState (node_modules/react-dom/cjs/react-dom-client.development.js:6927:7)
      at setImageState (src/app/dashboard/components/InstrumentExpandedRow.tsx:100:13)

    console.error
      An update to InstrumentExpandedRow inside a test was not wrapped in act(...).
      
      When testing, code that causes React state updates should be wrapped into act(...):
      
      act(() => {
        /* fire events that update state */
      });
      /* assert on the output */
      
      This ensures that you're testing the behavior the user would see in the browser. Learn more at https://react.dev/link/wrap-tests-with-act

      111 |       } finally {
      112 |         if (imageReqIdRef.current === reqId) {
    > 113 |           setLoadingImages(false);
          |           ^
      114 |         }
      115 |       }
      116 |     },

      at node_modules/react-dom/cjs/react-dom-client.development.js:16023:19
      at runWithFiberInDEV (node_modules/react-dom/cjs/react-dom-client.development.js:1522:13)
      at warnIfUpdatesNotWrappedWithActDEV (node_modules/react-dom/cjs/react-dom-client.development.js:16022:9)
      at scheduleUpdateOnFiber (node_modules/react-dom/cjs/react-dom-client.development.js:14396:11)
      at dispatchSetStateInternal (node_modules/react-dom/cjs/react-dom-client.development.js:6969:13)
      at dispatchSetState (node_modules/react-dom/cjs/react-dom-client.development.js:6927:7)
      at setLoadingImages (src/app/dashboard/components/InstrumentExpandedRow.tsx:113:11)

    console.error
      An update to InstrumentExpandedRow inside a test was not wrapped in act(...).
      
      When testing, code that causes React state updates should be wrapped into act(...):
      
      act(() => {
        /* fire events that update state */
      });
      /* assert on the output */
      
      This ensures that you're testing the behavior the user would see in the browser. Learn more at https://react.dev/link/wrap-tests-with-act

      154 |             const result = await response.json();
      155 |             const files = result.data || [];
    > 156 |             setCertificateFiles(files);
          |             ^
      157 |             setCertificateState(files.length > 0 ? 'success' : 'empty');
      158 |             certificateCache.set(instrumentId, {
      159 |               data: files,

      at node_modules/react-dom/cjs/react-dom-client.development.js:16023:19
      at runWithFiberInDEV (node_modules/react-dom/cjs/react-dom-client.development.js:1522:13)
      at warnIfUpdatesNotWrappedWithActDEV (node_modules/react-dom/cjs/react-dom-client.development.js:16022:9)
      at scheduleUpdateOnFiber (node_modules/react-dom/cjs/react-dom-client.development.js:14396:11)
      at dispatchSetStateInternal (node_modules/react-dom/cjs/react-dom-client.development.js:6969:13)
      at dispatchSetState (node_modules/react-dom/cjs/react-dom-client.development.js:6927:7)
      at setCertificateFiles (src/app/dashboard/components/InstrumentExpandedRow.tsx:156:13)

    console.error
      An update to InstrumentExpandedRow inside a test was not wrapped in act(...).
      
      When testing, code that causes React state updates should be wrapped into act(...):
      
      act(() => {
        /* fire events that update state */
      });
      /* assert on the output */
      
      This ensures that you're testing the behavior the user would see in the browser. Learn more at https://react.dev/link/wrap-tests-with-act

      155 |             const files = result.data || [];
      156 |             setCertificateFiles(files);
    > 157 |             setCertificateState(files.length > 0 ? 'success' : 'empty');
          |             ^
      158 |             certificateCache.set(instrumentId, {
      159 |               data: files,
      160 |               updatedAt: Date.now(),

      at node_modules/react-dom/cjs/react-dom-client.development.js:16023:19
      at runWithFiberInDEV (node_modules/react-dom/cjs/react-dom-client.development.js:1522:13)
      at warnIfUpdatesNotWrappedWithActDEV (node_modules/react-dom/cjs/react-dom-client.development.js:16022:9)
      at scheduleUpdateOnFiber (node_modules/react-dom/cjs/react-dom-client.development.js:14396:11)
      at dispatchSetStateInternal (node_modules/react-dom/cjs/react-dom-client.development.js:6969:13)
      at dispatchSetState (node_modules/react-dom/cjs/react-dom-client.development.js:6927:7)
      at setCertificateState (src/app/dashboard/components/InstrumentExpandedRow.tsx:157:13)

    console.error
      An update to InstrumentExpandedRow inside a test was not wrapped in act(...).
      
      When testing, code that causes React state updates should be wrapped into act(...):
      
      act(() => {
        /* fire events that update state */
      });
      /* assert on the output */
      
      This ensures that you're testing the behavior the user would see in the browser. Learn more at https://react.dev/link/wrap-tests-with-act

      171 |       } finally {
      172 |         if (certificateReqIdRef.current === reqId) {
    > 173 |           setLoadingCertificates(false);
          |           ^
      174 |         }
      175 |       }
      176 |     },

      at node_modules/react-dom/cjs/react-dom-client.development.js:16023:19
      at runWithFiberInDEV (node_modules/react-dom/cjs/react-dom-client.development.js:1522:13)
      at warnIfUpdatesNotWrappedWithActDEV (node_modules/react-dom/cjs/react-dom-client.development.js:16022:9)
      at scheduleUpdateOnFiber (node_modules/react-dom/cjs/react-dom-client.development.js:14396:11)
      at dispatchSetStateInternal (node_modules/react-dom/cjs/react-dom-client.development.js:6969:13)
      at dispatchSetState (node_modules/react-dom/cjs/react-dom-client.development.js:6927:7)
      at setLoadingCertificates (src/app/dashboard/components/InstrumentExpandedRow.tsx:173:11)

    console.error
      An update to InstrumentExpandedRow inside a test was not wrapped in act(...).
      
      When testing, code that causes React state updates should be wrapped into act(...):
      
      act(() => {
        /* fire events that update state */
      });
      /* assert on the output */
      
      This ensures that you're testing the behavior the user would see in the browser. Learn more at https://react.dev/link/wrap-tests-with-act

       96 |                 a.display_order - b.display_order
       97 |             );
    >  98 |             setImages(sortedImages);
          |             ^
       99 |             setSelectedImageIndex(0);
      100 |             setImageState(sortedImages.length > 0 ? 'success' : 'empty');
      101 |           }

      at node_modules/react-dom/cjs/react-dom-client.development.js:16023:19
      at runWithFiberInDEV (node_modules/react-dom/cjs/react-dom-client.development.js:1522:13)
      at warnIfUpdatesNotWrappedWithActDEV (node_modules/react-dom/cjs/react-dom-client.development.js:16022:9)
      at scheduleUpdateOnFiber (node_modules/react-dom/cjs/react-dom-client.development.js:14396:11)
      at dispatchSetStateInternal (node_modules/react-dom/cjs/react-dom-client.development.js:6969:13)
      at dispatchSetState (node_modules/react-dom/cjs/react-dom-client.development.js:6927:7)
      at setImages (src/app/dashboard/components/InstrumentExpandedRow.tsx:98:13)

    console.error
      An update to InstrumentExpandedRow inside a test was not wrapped in act(...).
      
      When testing, code that causes React state updates should be wrapped into act(...):
      
      act(() => {
        /* fire events that update state */
      });
      /* assert on the output */
      
      This ensures that you're testing the behavior the user would see in the browser. Learn more at https://react.dev/link/wrap-tests-with-act

       97 |             );
       98 |             setImages(sortedImages);
    >  99 |             setSelectedImageIndex(0);
          |             ^
      100 |             setImageState(sortedImages.length > 0 ? 'success' : 'empty');
      101 |           }
      102 |         }

      at node_modules/react-dom/cjs/react-dom-client.development.js:16023:19
      at runWithFiberInDEV (node_modules/react-dom/cjs/react-dom-client.development.js:1522:13)
      at warnIfUpdatesNotWrappedWithActDEV (node_modules/react-dom/cjs/react-dom-client.development.js:16022:9)
      at scheduleUpdateOnFiber (node_modules/react-dom/cjs/react-dom-client.development.js:14396:11)
      at dispatchSetStateInternal (node_modules/react-dom/cjs/react-dom-client.development.js:6969:13)
      at dispatchSetState (node_modules/react-dom/cjs/react-dom-client.development.js:6927:7)
      at setSelectedImageIndex (src/app/dashboard/components/InstrumentExpandedRow.tsx:99:13)

    console.error
      An update to InstrumentExpandedRow inside a test was not wrapped in act(...).
      
      When testing, code that causes React state updates should be wrapped into act(...):
      
      act(() => {
        /* fire events that update state */
      });
      /* assert on the output */
      
      This ensures that you're testing the behavior the user would see in the browser. Learn more at https://react.dev/link/wrap-tests-with-act

       98 |             setImages(sortedImages);
       99 |             setSelectedImageIndex(0);
    > 100 |             setImageState(sortedImages.length > 0 ? 'success' : 'empty');
          |             ^
      101 |           }
      102 |         }
      103 |       } catch (error) {

      at node_modules/react-dom/cjs/react-dom-client.development.js:16023:19
      at runWithFiberInDEV (node_modules/react-dom/cjs/react-dom-client.development.js:1522:13)
      at warnIfUpdatesNotWrappedWithActDEV (node_modules/react-dom/cjs/react-dom-client.development.js:16022:9)
      at scheduleUpdateOnFiber (node_modules/react-dom/cjs/react-dom-client.development.js:14396:11)
      at dispatchSetStateInternal (node_modules/react-dom/cjs/react-dom-client.development.js:6969:13)
      at dispatchSetState (node_modules/react-dom/cjs/react-dom-client.development.js:6927:7)
      at setImageState (src/app/dashboard/components/InstrumentExpandedRow.tsx:100:13)

    console.error
      An update to InstrumentExpandedRow inside a test was not wrapped in act(...).
      
      When testing, code that causes React state updates should be wrapped into act(...):
      
      act(() => {
        /* fire events that update state */
      });
      /* assert on the output */
      
      This ensures that you're testing the behavior the user would see in the browser. Learn more at https://react.dev/link/wrap-tests-with-act

      111 |       } finally {
      112 |         if (imageReqIdRef.current === reqId) {
    > 113 |           setLoadingImages(false);
          |           ^
      114 |         }
      115 |       }
      116 |     },

      at node_modules/react-dom/cjs/react-dom-client.development.js:16023:19
      at runWithFiberInDEV (node_modules/react-dom/cjs/react-dom-client.development.js:1522:13)
      at warnIfUpdatesNotWrappedWithActDEV (node_modules/react-dom/cjs/react-dom-client.development.js:16022:9)
      at scheduleUpdateOnFiber (node_modules/react-dom/cjs/react-dom-client.development.js:14396:11)
      at dispatchSetStateInternal (node_modules/react-dom/cjs/react-dom-client.development.js:6969:13)
      at dispatchSetState (node_modules/react-dom/cjs/react-dom-client.development.js:6927:7)
      at setLoadingImages (src/app/dashboard/components/InstrumentExpandedRow.tsx:113:11)

    console.error
      An update to InstrumentExpandedRow inside a test was not wrapped in act(...).
      
      When testing, code that causes React state updates should be wrapped into act(...):
      
      act(() => {
        /* fire events that update state */
      });
      /* assert on the output */
      
      This ensures that you're testing the behavior the user would see in the browser. Learn more at https://react.dev/link/wrap-tests-with-act

      154 |             const result = await response.json();
      155 |             const files = result.data || [];
    > 156 |             setCertificateFiles(files);
          |             ^
      157 |             setCertificateState(files.length > 0 ? 'success' : 'empty');
      158 |             certificateCache.set(instrumentId, {
      159 |               data: files,

      at node_modules/react-dom/cjs/react-dom-client.development.js:16023:19
      at runWithFiberInDEV (node_modules/react-dom/cjs/react-dom-client.development.js:1522:13)
      at warnIfUpdatesNotWrappedWithActDEV (node_modules/react-dom/cjs/react-dom-client.development.js:16022:9)
      at scheduleUpdateOnFiber (node_modules/react-dom/cjs/react-dom-client.development.js:14396:11)
      at dispatchSetStateInternal (node_modules/react-dom/cjs/react-dom-client.development.js:6969:13)
      at dispatchSetState (node_modules/react-dom/cjs/react-dom-client.development.js:6927:7)
      at setCertificateFiles (src/app/dashboard/components/InstrumentExpandedRow.tsx:156:13)

    console.error
      An update to InstrumentExpandedRow inside a test was not wrapped in act(...).
      
      When testing, code that causes React state updates should be wrapped into act(...):
      
      act(() => {
        /* fire events that update state */
      });
      /* assert on the output */
      
      This ensures that you're testing the behavior the user would see in the browser. Learn more at https://react.dev/link/wrap-tests-with-act

      155 |             const files = result.data || [];
      156 |             setCertificateFiles(files);
    > 157 |             setCertificateState(files.length > 0 ? 'success' : 'empty');
          |             ^
      158 |             certificateCache.set(instrumentId, {
      159 |               data: files,
      160 |               updatedAt: Date.now(),

      at node_modules/react-dom/cjs/react-dom-client.development.js:16023:19
      at runWithFiberInDEV (node_modules/react-dom/cjs/react-dom-client.development.js:1522:13)
      at warnIfUpdatesNotWrappedWithActDEV (node_modules/react-dom/cjs/react-dom-client.development.js:16022:9)
      at scheduleUpdateOnFiber (node_modules/react-dom/cjs/react-dom-client.development.js:14396:11)
      at dispatchSetStateInternal (node_modules/react-dom/cjs/react-dom-client.development.js:6969:13)
      at dispatchSetState (node_modules/react-dom/cjs/react-dom-client.development.js:6927:7)
      at setCertificateState (src/app/dashboard/components/InstrumentExpandedRow.tsx:157:13)

    console.error
      An update to InstrumentExpandedRow inside a test was not wrapped in act(...).
      
      When testing, code that causes React state updates should be wrapped into act(...):
      
      act(() => {
        /* fire events that update state */
      });
      /* assert on the output */
      
      This ensures that you're testing the behavior the user would see in the browser. Learn more at https://react.dev/link/wrap-tests-with-act

      171 |       } finally {
      172 |         if (certificateReqIdRef.current === reqId) {
    > 173 |           setLoadingCertificates(false);
          |           ^
      174 |         }
      175 |       }
      176 |     },

      at node_modules/react-dom/cjs/react-dom-client.development.js:16023:19
      at runWithFiberInDEV (node_modules/react-dom/cjs/react-dom-client.development.js:1522:13)
      at warnIfUpdatesNotWrappedWithActDEV (node_modules/react-dom/cjs/react-dom-client.development.js:16022:9)
      at scheduleUpdateOnFiber (node_modules/react-dom/cjs/react-dom-client.development.js:14396:11)
      at dispatchSetStateInternal (node_modules/react-dom/cjs/react-dom-client.development.js:6969:13)
      at dispatchSetState (node_modules/react-dom/cjs/react-dom-client.development.js:6927:7)
      at setLoadingCertificates (src/app/dashboard/components/InstrumentExpandedRow.tsx:173:11)

    console.error
      An update to InstrumentExpandedRow inside a test was not wrapped in act(...).
      
      When testing, code that causes React state updates should be wrapped into act(...):
      
      act(() => {
        /* fire events that update state */
      });
      /* assert on the output */
      
      This ensures that you're testing the behavior the user would see in the browser. Learn more at https://react.dev/link/wrap-tests-with-act

       96 |                 a.display_order - b.display_order
       97 |             );
    >  98 |             setImages(sortedImages);
          |             ^
       99 |             setSelectedImageIndex(0);
      100 |             setImageState(sortedImages.length > 0 ? 'success' : 'empty');
      101 |           }

      at node_modules/react-dom/cjs/react-dom-client.development.js:16023:19
      at runWithFiberInDEV (node_modules/react-dom/cjs/react-dom-client.development.js:1522:13)
      at warnIfUpdatesNotWrappedWithActDEV (node_modules/react-dom/cjs/react-dom-client.development.js:16022:9)
      at scheduleUpdateOnFiber (node_modules/react-dom/cjs/react-dom-client.development.js:14396:11)
      at dispatchSetStateInternal (node_modules/react-dom/cjs/react-dom-client.development.js:6969:13)
      at dispatchSetState (node_modules/react-dom/cjs/react-dom-client.development.js:6927:7)
      at setImages (src/app/dashboard/components/InstrumentExpandedRow.tsx:98:13)

    console.error
      An update to InstrumentExpandedRow inside a test was not wrapped in act(...).
      
      When testing, code that causes React state updates should be wrapped into act(...):
      
      act(() => {
        /* fire events that update state */
      });
      /* assert on the output */
      
      This ensures that you're testing the behavior the user would see in the browser. Learn more at https://react.dev/link/wrap-tests-with-act

       97 |             );
       98 |             setImages(sortedImages);
    >  99 |             setSelectedImageIndex(0);
          |             ^
      100 |             setImageState(sortedImages.length > 0 ? 'success' : 'empty');
      101 |           }
      102 |         }

      at node_modules/react-dom/cjs/react-dom-client.development.js:16023:19
      at runWithFiberInDEV (node_modules/react-dom/cjs/react-dom-client.development.js:1522:13)
      at warnIfUpdatesNotWrappedWithActDEV (node_modules/react-dom/cjs/react-dom-client.development.js:16022:9)
      at scheduleUpdateOnFiber (node_modules/react-dom/cjs/react-dom-client.development.js:14396:11)
      at dispatchSetStateInternal (node_modules/react-dom/cjs/react-dom-client.development.js:6969:13)
      at dispatchSetState (node_modules/react-dom/cjs/react-dom-client.development.js:6927:7)
      at setSelectedImageIndex (src/app/dashboard/components/InstrumentExpandedRow.tsx:99:13)

    console.error
      An update to InstrumentExpandedRow inside a test was not wrapped in act(...).
      
      When testing, code that causes React state updates should be wrapped into act(...):
      
      act(() => {
        /* fire events that update state */
      });
      /* assert on the output */
      
      This ensures that you're testing the behavior the user would see in the browser. Learn more at https://react.dev/link/wrap-tests-with-act

       98 |             setImages(sortedImages);
       99 |             setSelectedImageIndex(0);
    > 100 |             setImageState(sortedImages.length > 0 ? 'success' : 'empty');
          |             ^
      101 |           }
      102 |         }
      103 |       } catch (error) {

      at node_modules/react-dom/cjs/react-dom-client.development.js:16023:19
      at runWithFiberInDEV (node_modules/react-dom/cjs/react-dom-client.development.js:1522:13)
      at warnIfUpdatesNotWrappedWithActDEV (node_modules/react-dom/cjs/react-dom-client.development.js:16022:9)
      at scheduleUpdateOnFiber (node_modules/react-dom/cjs/react-dom-client.development.js:14396:11)
      at dispatchSetStateInternal (node_modules/react-dom/cjs/react-dom-client.development.js:6969:13)
      at dispatchSetState (node_modules/react-dom/cjs/react-dom-client.development.js:6927:7)
      at setImageState (src/app/dashboard/components/InstrumentExpandedRow.tsx:100:13)

    console.error
      An update to InstrumentExpandedRow inside a test was not wrapped in act(...).
      
      When testing, code that causes React state updates should be wrapped into act(...):
      
      act(() => {
        /* fire events that update state */
      });
      /* assert on the output */
      
      This ensures that you're testing the behavior the user would see in the browser. Learn more at https://react.dev/link/wrap-tests-with-act

      111 |       } finally {
      112 |         if (imageReqIdRef.current === reqId) {
    > 113 |           setLoadingImages(false);
          |           ^
      114 |         }
      115 |       }
      116 |     },

      at node_modules/react-dom/cjs/react-dom-client.development.js:16023:19
      at runWithFiberInDEV (node_modules/react-dom/cjs/react-dom-client.development.js:1522:13)
      at warnIfUpdatesNotWrappedWithActDEV (node_modules/react-dom/cjs/react-dom-client.development.js:16022:9)
      at scheduleUpdateOnFiber (node_modules/react-dom/cjs/react-dom-client.development.js:14396:11)
      at dispatchSetStateInternal (node_modules/react-dom/cjs/react-dom-client.development.js:6969:13)
      at dispatchSetState (node_modules/react-dom/cjs/react-dom-client.development.js:6927:7)
      at setLoadingImages (src/app/dashboard/components/InstrumentExpandedRow.tsx:113:11)

    console.error
      An update to InstrumentExpandedRow inside a test was not wrapped in act(...).
      
      When testing, code that causes React state updates should be wrapped into act(...):
      
      act(() => {
        /* fire events that update state */
      });
      /* assert on the output */
      
      This ensures that you're testing the behavior the user would see in the browser. Learn more at https://react.dev/link/wrap-tests-with-act

      154 |             const result = await response.json();
      155 |             const files = result.data || [];
    > 156 |             setCertificateFiles(files);
          |             ^
      157 |             setCertificateState(files.length > 0 ? 'success' : 'empty');
      158 |             certificateCache.set(instrumentId, {
      159 |               data: files,

      at node_modules/react-dom/cjs/react-dom-client.development.js:16023:19
      at runWithFiberInDEV (node_modules/react-dom/cjs/react-dom-client.development.js:1522:13)
      at warnIfUpdatesNotWrappedWithActDEV (node_modules/react-dom/cjs/react-dom-client.development.js:16022:9)
      at scheduleUpdateOnFiber (node_modules/react-dom/cjs/react-dom-client.development.js:14396:11)
      at dispatchSetStateInternal (node_modules/react-dom/cjs/react-dom-client.development.js:6969:13)
      at dispatchSetState (node_modules/react-dom/cjs/react-dom-client.development.js:6927:7)
      at setCertificateFiles (src/app/dashboard/components/InstrumentExpandedRow.tsx:156:13)

    console.error
      An update to InstrumentExpandedRow inside a test was not wrapped in act(...).
      
      When testing, code that causes React state updates should be wrapped into act(...):
      
      act(() => {
        /* fire events that update state */
      });
      /* assert on the output */
      
      This ensures that you're testing the behavior the user would see in the browser. Learn more at https://react.dev/link/wrap-tests-with-act

      155 |             const files = result.data || [];
      156 |             setCertificateFiles(files);
    > 157 |             setCertificateState(files.length > 0 ? 'success' : 'empty');
          |             ^
      158 |             certificateCache.set(instrumentId, {
      159 |               data: files,
      160 |               updatedAt: Date.now(),

      at node_modules/react-dom/cjs/react-dom-client.development.js:16023:19
      at runWithFiberInDEV (node_modules/react-dom/cjs/react-dom-client.development.js:1522:13)
      at warnIfUpdatesNotWrappedWithActDEV (node_modules/react-dom/cjs/react-dom-client.development.js:16022:9)
      at scheduleUpdateOnFiber (node_modules/react-dom/cjs/react-dom-client.development.js:14396:11)
      at dispatchSetStateInternal (node_modules/react-dom/cjs/react-dom-client.development.js:6969:13)
      at dispatchSetState (node_modules/react-dom/cjs/react-dom-client.development.js:6927:7)
      at setCertificateState (src/app/dashboard/components/InstrumentExpandedRow.tsx:157:13)

    console.error
      An update to InstrumentExpandedRow inside a test was not wrapped in act(...).
      
      When testing, code that causes React state updates should be wrapped into act(...):
      
      act(() => {
        /* fire events that update state */
      });
      /* assert on the output */
      
      This ensures that you're testing the behavior the user would see in the browser. Learn more at https://react.dev/link/wrap-tests-with-act

      171 |       } finally {
      172 |         if (certificateReqIdRef.current === reqId) {
    > 173 |           setLoadingCertificates(false);
          |           ^
      174 |         }
      175 |       }
      176 |     },

      at node_modules/react-dom/cjs/react-dom-client.development.js:16023:19
      at runWithFiberInDEV (node_modules/react-dom/cjs/react-dom-client.development.js:1522:13)
      at warnIfUpdatesNotWrappedWithActDEV (node_modules/react-dom/cjs/react-dom-client.development.js:16022:9)
      at scheduleUpdateOnFiber (node_modules/react-dom/cjs/react-dom-client.development.js:14396:11)
      at dispatchSetStateInternal (node_modules/react-dom/cjs/react-dom-client.development.js:6969:13)
      at dispatchSetState (node_modules/react-dom/cjs/react-dom-client.development.js:6927:7)
      at setLoadingCertificates (src/app/dashboard/components/InstrumentExpandedRow.tsx:173:11)

    console.error
      An update to InstrumentExpandedRow inside a test was not wrapped in act(...).
      
      When testing, code that causes React state updates should be wrapped into act(...):
      
      act(() => {
        /* fire events that update state */
      });
      /* assert on the output */
      
      This ensures that you're testing the behavior the user would see in the browser. Learn more at https://react.dev/link/wrap-tests-with-act

       96 |                 a.display_order - b.display_order
       97 |             );
    >  98 |             setImages(sortedImages);
          |             ^
       99 |             setSelectedImageIndex(0);
      100 |             setImageState(sortedImages.length > 0 ? 'success' : 'empty');
      101 |           }

      at node_modules/react-dom/cjs/react-dom-client.development.js:16023:19
      at runWithFiberInDEV (node_modules/react-dom/cjs/react-dom-client.development.js:1522:13)
      at warnIfUpdatesNotWrappedWithActDEV (node_modules/react-dom/cjs/react-dom-client.development.js:16022:9)
      at scheduleUpdateOnFiber (node_modules/react-dom/cjs/react-dom-client.development.js:14396:11)
      at dispatchSetStateInternal (node_modules/react-dom/cjs/react-dom-client.development.js:6969:13)
      at dispatchSetState (node_modules/react-dom/cjs/react-dom-client.development.js:6927:7)
      at setImages (src/app/dashboard/components/InstrumentExpandedRow.tsx:98:13)

    console.error
      An update to InstrumentExpandedRow inside a test was not wrapped in act(...).
      
      When testing, code that causes React state updates should be wrapped into act(...):
      
      act(() => {
        /* fire events that update state */
      });
      /* assert on the output */
      
      This ensures that you're testing the behavior the user would see in the browser. Learn more at https://react.dev/link/wrap-tests-with-act

       97 |             );
       98 |             setImages(sortedImages);
    >  99 |             setSelectedImageIndex(0);
          |             ^
      100 |             setImageState(sortedImages.length > 0 ? 'success' : 'empty');
      101 |           }
      102 |         }

      at node_modules/react-dom/cjs/react-dom-client.development.js:16023:19
      at runWithFiberInDEV (node_modules/react-dom/cjs/react-dom-client.development.js:1522:13)
      at warnIfUpdatesNotWrappedWithActDEV (node_modules/react-dom/cjs/react-dom-client.development.js:16022:9)
      at scheduleUpdateOnFiber (node_modules/react-dom/cjs/react-dom-client.development.js:14396:11)
      at dispatchSetStateInternal (node_modules/react-dom/cjs/react-dom-client.development.js:6969:13)
      at dispatchSetState (node_modules/react-dom/cjs/react-dom-client.development.js:6927:7)
      at setSelectedImageIndex (src/app/dashboard/components/InstrumentExpandedRow.tsx:99:13)

    console.error
      An update to InstrumentExpandedRow inside a test was not wrapped in act(...).
      
      When testing, code that causes React state updates should be wrapped into act(...):
      
      act(() => {
        /* fire events that update state */
      });
      /* assert on the output */
      
      This ensures that you're testing the behavior the user would see in the browser. Learn more at https://react.dev/link/wrap-tests-with-act

       98 |             setImages(sortedImages);
       99 |             setSelectedImageIndex(0);
    > 100 |             setImageState(sortedImages.length > 0 ? 'success' : 'empty');
          |             ^
      101 |           }
      102 |         }
      103 |       } catch (error) {

      at node_modules/react-dom/cjs/react-dom-client.development.js:16023:19
      at runWithFiberInDEV (node_modules/react-dom/cjs/react-dom-client.development.js:1522:13)
      at warnIfUpdatesNotWrappedWithActDEV (node_modules/react-dom/cjs/react-dom-client.development.js:16022:9)
      at scheduleUpdateOnFiber (node_modules/react-dom/cjs/react-dom-client.development.js:14396:11)
      at dispatchSetStateInternal (node_modules/react-dom/cjs/react-dom-client.development.js:6969:13)
      at dispatchSetState (node_modules/react-dom/cjs/react-dom-client.development.js:6927:7)
      at setImageState (src/app/dashboard/components/InstrumentExpandedRow.tsx:100:13)

    console.error
      An update to InstrumentExpandedRow inside a test was not wrapped in act(...).
      
      When testing, code that causes React state updates should be wrapped into act(...):
      
      act(() => {
        /* fire events that update state */
      });
      /* assert on the output */
      
      This ensures that you're testing the behavior the user would see in the browser. Learn more at https://react.dev/link/wrap-tests-with-act

      111 |       } finally {
      112 |         if (imageReqIdRef.current === reqId) {
    > 113 |           setLoadingImages(false);
          |           ^
      114 |         }
      115 |       }
      116 |     },

      at node_modules/react-dom/cjs/react-dom-client.development.js:16023:19
      at runWithFiberInDEV (node_modules/react-dom/cjs/react-dom-client.development.js:1522:13)
      at warnIfUpdatesNotWrappedWithActDEV (node_modules/react-dom/cjs/react-dom-client.development.js:16022:9)
      at scheduleUpdateOnFiber (node_modules/react-dom/cjs/react-dom-client.development.js:14396:11)
      at dispatchSetStateInternal (node_modules/react-dom/cjs/react-dom-client.development.js:6969:13)
      at dispatchSetState (node_modules/react-dom/cjs/react-dom-client.development.js:6927:7)
      at setLoadingImages (src/app/dashboard/components/InstrumentExpandedRow.tsx:113:11)

    console.error
      An update to InstrumentExpandedRow inside a test was not wrapped in act(...).
      
      When testing, code that causes React state updates should be wrapped into act(...):
      
      act(() => {
        /* fire events that update state */
      });
      /* assert on the output */
      
      This ensures that you're testing the behavior the user would see in the browser. Learn more at https://react.dev/link/wrap-tests-with-act

      154 |             const result = await response.json();
      155 |             const files = result.data || [];
    > 156 |             setCertificateFiles(files);
          |             ^
      157 |             setCertificateState(files.length > 0 ? 'success' : 'empty');
      158 |             certificateCache.set(instrumentId, {
      159 |               data: files,

      at node_modules/react-dom/cjs/react-dom-client.development.js:16023:19
      at runWithFiberInDEV (node_modules/react-dom/cjs/react-dom-client.development.js:1522:13)
      at warnIfUpdatesNotWrappedWithActDEV (node_modules/react-dom/cjs/react-dom-client.development.js:16022:9)
      at scheduleUpdateOnFiber (node_modules/react-dom/cjs/react-dom-client.development.js:14396:11)
      at dispatchSetStateInternal (node_modules/react-dom/cjs/react-dom-client.development.js:6969:13)
      at dispatchSetState (node_modules/react-dom/cjs/react-dom-client.development.js:6927:7)
      at setCertificateFiles (src/app/dashboard/components/InstrumentExpandedRow.tsx:156:13)

    console.error
      An update to InstrumentExpandedRow inside a test was not wrapped in act(...).
      
      When testing, code that causes React state updates should be wrapped into act(...):
      
      act(() => {
        /* fire events that update state */
      });
      /* assert on the output */
      
      This ensures that you're testing the behavior the user would see in the browser. Learn more at https://react.dev/link/wrap-tests-with-act

      155 |             const files = result.data || [];
      156 |             setCertificateFiles(files);
    > 157 |             setCertificateState(files.length > 0 ? 'success' : 'empty');
          |             ^
      158 |             certificateCache.set(instrumentId, {
      159 |               data: files,
      160 |               updatedAt: Date.now(),

      at node_modules/react-dom/cjs/react-dom-client.development.js:16023:19
      at runWithFiberInDEV (node_modules/react-dom/cjs/react-dom-client.development.js:1522:13)
      at warnIfUpdatesNotWrappedWithActDEV (node_modules/react-dom/cjs/react-dom-client.development.js:16022:9)
      at scheduleUpdateOnFiber (node_modules/react-dom/cjs/react-dom-client.development.js:14396:11)
      at dispatchSetStateInternal (node_modules/react-dom/cjs/react-dom-client.development.js:6969:13)
      at dispatchSetState (node_modules/react-dom/cjs/react-dom-client.development.js:6927:7)
      at setCertificateState (src/app/dashboard/components/InstrumentExpandedRow.tsx:157:13)

    console.error
      An update to InstrumentExpandedRow inside a test was not wrapped in act(...).
      
      When testing, code that causes React state updates should be wrapped into act(...):
      
      act(() => {
        /* fire events that update state */
      });
      /* assert on the output */
      
      This ensures that you're testing the behavior the user would see in the browser. Learn more at https://react.dev/link/wrap-tests-with-act

      171 |       } finally {
      172 |         if (certificateReqIdRef.current === reqId) {
    > 173 |           setLoadingCertificates(false);
          |           ^
      174 |         }
      175 |       }
      176 |     },

      at node_modules/react-dom/cjs/react-dom-client.development.js:16023:19
      at runWithFiberInDEV (node_modules/react-dom/cjs/react-dom-client.development.js:1522:13)
      at warnIfUpdatesNotWrappedWithActDEV (node_modules/react-dom/cjs/react-dom-client.development.js:16022:9)
      at scheduleUpdateOnFiber (node_modules/react-dom/cjs/react-dom-client.development.js:14396:11)
      at dispatchSetStateInternal (node_modules/react-dom/cjs/react-dom-client.development.js:6969:13)
      at dispatchSetState (node_modules/react-dom/cjs/react-dom-client.development.js:6927:7)
      at setLoadingCertificates (src/app/dashboard/components/InstrumentExpandedRow.tsx:173:11)

    console.error
      An update to InstrumentExpandedRow inside a test was not wrapped in act(...).
      
      When testing, code that causes React state updates should be wrapped into act(...):
      
      act(() => {
        /* fire events that update state */
      });
      /* assert on the output */
      
      This ensures that you're testing the behavior the user would see in the browser. Learn more at https://react.dev/link/wrap-tests-with-act

      111 |       } finally {
      112 |         if (imageReqIdRef.current === reqId) {
    > 113 |           setLoadingImages(false);
          |           ^
      114 |         }
      115 |       }
      116 |     },

      at node_modules/react-dom/cjs/react-dom-client.development.js:16023:19
      at runWithFiberInDEV (node_modules/react-dom/cjs/react-dom-client.development.js:1522:13)
      at warnIfUpdatesNotWrappedWithActDEV (node_modules/react-dom/cjs/react-dom-client.development.js:16022:9)
      at scheduleUpdateOnFiber (node_modules/react-dom/cjs/react-dom-client.development.js:14396:11)
      at dispatchSetStateInternal (node_modules/react-dom/cjs/react-dom-client.development.js:6969:13)
      at dispatchSetState (node_modules/react-dom/cjs/react-dom-client.development.js:6927:7)
      at setLoadingImages (src/app/dashboard/components/InstrumentExpandedRow.tsx:113:11)

    console.error
      An update to InstrumentExpandedRow inside a test was not wrapped in act(...).
      
      When testing, code that causes React state updates should be wrapped into act(...):
      
      act(() => {
        /* fire events that update state */
      });
      /* assert on the output */
      
      This ensures that you're testing the behavior the user would see in the browser. Learn more at https://react.dev/link/wrap-tests-with-act

      171 |       } finally {
      172 |         if (certificateReqIdRef.current === reqId) {
    > 173 |           setLoadingCertificates(false);
          |           ^
      174 |         }
      175 |       }
      176 |     },

      at node_modules/react-dom/cjs/react-dom-client.development.js:16023:19
      at runWithFiberInDEV (node_modules/react-dom/cjs/react-dom-client.development.js:1522:13)
      at warnIfUpdatesNotWrappedWithActDEV (node_modules/react-dom/cjs/react-dom-client.development.js:16022:9)
      at scheduleUpdateOnFiber (node_modules/react-dom/cjs/react-dom-client.development.js:14396:11)
      at dispatchSetStateInternal (node_modules/react-dom/cjs/react-dom-client.development.js:6969:13)
      at dispatchSetState (node_modules/react-dom/cjs/react-dom-client.development.js:6927:7)
      at setLoadingCertificates (src/app/dashboard/components/InstrumentExpandedRow.tsx:173:11)

    console.error
      [Error: Not implemented: navigation (except hash changes)] {
        type: 'not implemented'
      }

      at VirtualConsole.<anonymous> (node_modules/@jest/environment-jsdom-abstract/build/index.js:87:23)
      at module.exports (node_modules/jsdom/lib/jsdom/browser/not-implemented.js:12:26)
      at navigateFetch (node_modules/jsdom/lib/jsdom/living/window/navigation.js:77:3)
      at exports.navigate (node_modules/jsdom/lib/jsdom/living/window/navigation.js:55:3)
      at Timeout._onTimeout (node_modules/jsdom/lib/jsdom/living/nodes/HTMLHyperlinkElementUtils-impl.js:80:7)

PASS src/app/clients/hooks/__tests__/useFilters.basic-and-options.test.tsx
PASS src/app/clients/components/__tests__/ClientList.test.tsx
  ● Console

    console.error
      An update to ClientList inside a test was not wrapped in act(...).
      
      When testing, code that causes React state updates should be wrapped into act(...):
      
      act(() => {
        /* fire events that update state */
      });
      /* assert on the output */
      
      This ensures that you're testing the behavior the user would see in the browser. Learn more at https://react.dev/link/wrap-tests-with-act

      504 |       // Only close editing mode if update was successful
      505 |       // If updateClient returns null or throws an error, editing mode will remain open
    > 506 |       setEditingClient(null);
          |       ^
      507 |       setEditData({});
      508 |     } catch {
      509 |       // Error is handled by parent component's error handler

      at node_modules/react-dom/cjs/react-dom-client.development.js:16023:19
      at runWithFiberInDEV (node_modules/react-dom/cjs/react-dom-client.development.js:1522:13)
      at warnIfUpdatesNotWrappedWithActDEV (node_modules/react-dom/cjs/react-dom-client.development.js:16022:9)
      at scheduleUpdateOnFiber (node_modules/react-dom/cjs/react-dom-client.development.js:14396:11)
      at dispatchSetStateInternal (node_modules/react-dom/cjs/react-dom-client.development.js:6969:13)
      at dispatchSetState (node_modules/react-dom/cjs/react-dom-client.development.js:6927:7)
      at setEditingClient (src/app/clients/components/ClientList.tsx:506:7)

    console.error
      An update to ClientList inside a test was not wrapped in act(...).
      
      When testing, code that causes React state updates should be wrapped into act(...):
      
      act(() => {
        /* fire events that update state */
      });
      /* assert on the output */
      
      This ensures that you're testing the behavior the user would see in the browser. Learn more at https://react.dev/link/wrap-tests-with-act

      505 |       // If updateClient returns null or throws an error, editing mode will remain open
      506 |       setEditingClient(null);
    > 507 |       setEditData({});
          |       ^
      508 |     } catch {
      509 |       // Error is handled by parent component's error handler
      510 |       // Don't close editing mode on error - let user see the error and retry

      at node_modules/react-dom/cjs/react-dom-client.development.js:16023:19
      at runWithFiberInDEV (node_modules/react-dom/cjs/react-dom-client.development.js:1522:13)
      at warnIfUpdatesNotWrappedWithActDEV (node_modules/react-dom/cjs/react-dom-client.development.js:16022:9)
      at scheduleUpdateOnFiber (node_modules/react-dom/cjs/react-dom-client.development.js:14396:11)
      at dispatchSetStateInternal (node_modules/react-dom/cjs/react-dom-client.development.js:6969:13)
      at dispatchSetState (node_modules/react-dom/cjs/react-dom-client.development.js:6927:7)
      at setEditData (src/app/clients/components/ClientList.tsx:507:7)

    console.error
      An update to ClientList inside a test was not wrapped in act(...).
      
      When testing, code that causes React state updates should be wrapped into act(...):
      
      act(() => {
        /* fire events that update state */
      });
      /* assert on the output */
      
      This ensures that you're testing the behavior the user would see in the browser. Learn more at https://react.dev/link/wrap-tests-with-act

      511 |       // Editing mode remains open so user can fix the issue and try again
      512 |     } finally {
    > 513 |       setIsSaving(false);
          |       ^
      514 |     }
      515 |   }, [editingClient, editData, onUpdateClient]);
      516 |

      at node_modules/react-dom/cjs/react-dom-client.development.js:16023:19
      at runWithFiberInDEV (node_modules/react-dom/cjs/react-dom-client.development.js:1522:13)
      at warnIfUpdatesNotWrappedWithActDEV (node_modules/react-dom/cjs/react-dom-client.development.js:16022:9)
      at scheduleUpdateOnFiber (node_modules/react-dom/cjs/react-dom-client.development.js:14396:11)
      at dispatchSetStateInternal (node_modules/react-dom/cjs/react-dom-client.development.js:6969:13)
      at dispatchSetState (node_modules/react-dom/cjs/react-dom-client.development.js:6927:7)
      at setIsSaving (src/app/clients/components/ClientList.tsx:513:7)

    console.error
      An update to ClientList inside a test was not wrapped in act(...).
      
      When testing, code that causes React state updates should be wrapped into act(...):
      
      act(() => {
        /* fire events that update state */
      });
      /* assert on the output */
      
      This ensures that you're testing the behavior the user would see in the browser. Learn more at https://react.dev/link/wrap-tests-with-act

      504 |       // Only close editing mode if update was successful
      505 |       // If updateClient returns null or throws an error, editing mode will remain open
    > 506 |       setEditingClient(null);
          |       ^
      507 |       setEditData({});
      508 |     } catch {
      509 |       // Error is handled by parent component's error handler

      at node_modules/react-dom/cjs/react-dom-client.development.js:16023:19
      at runWithFiberInDEV (node_modules/react-dom/cjs/react-dom-client.development.js:1522:13)
      at warnIfUpdatesNotWrappedWithActDEV (node_modules/react-dom/cjs/react-dom-client.development.js:16022:9)
      at scheduleUpdateOnFiber (node_modules/react-dom/cjs/react-dom-client.development.js:14396:11)
      at dispatchSetStateInternal (node_modules/react-dom/cjs/react-dom-client.development.js:6969:13)
      at dispatchSetState (node_modules/react-dom/cjs/react-dom-client.development.js:6927:7)
      at setEditingClient (src/app/clients/components/ClientList.tsx:506:7)

    console.error
      An update to ClientList inside a test was not wrapped in act(...).
      
      When testing, code that causes React state updates should be wrapped into act(...):
      
      act(() => {
        /* fire events that update state */
      });
      /* assert on the output */
      
      This ensures that you're testing the behavior the user would see in the browser. Learn more at https://react.dev/link/wrap-tests-with-act

      505 |       // If updateClient returns null or throws an error, editing mode will remain open
      506 |       setEditingClient(null);
    > 507 |       setEditData({});
          |       ^
      508 |     } catch {
      509 |       // Error is handled by parent component's error handler
      510 |       // Don't close editing mode on error - let user see the error and retry

      at node_modules/react-dom/cjs/react-dom-client.development.js:16023:19
      at runWithFiberInDEV (node_modules/react-dom/cjs/react-dom-client.development.js:1522:13)
      at warnIfUpdatesNotWrappedWithActDEV (node_modules/react-dom/cjs/react-dom-client.development.js:16022:9)
      at scheduleUpdateOnFiber (node_modules/react-dom/cjs/react-dom-client.development.js:14396:11)
      at dispatchSetStateInternal (node_modules/react-dom/cjs/react-dom-client.development.js:6969:13)
      at dispatchSetState (node_modules/react-dom/cjs/react-dom-client.development.js:6927:7)
      at setEditData (src/app/clients/components/ClientList.tsx:507:7)

    console.error
      An update to ClientList inside a test was not wrapped in act(...).
      
      When testing, code that causes React state updates should be wrapped into act(...):
      
      act(() => {
        /* fire events that update state */
      });
      /* assert on the output */
      
      This ensures that you're testing the behavior the user would see in the browser. Learn more at https://react.dev/link/wrap-tests-with-act

      511 |       // Editing mode remains open so user can fix the issue and try again
      512 |     } finally {
    > 513 |       setIsSaving(false);
          |       ^
      514 |     }
      515 |   }, [editingClient, editData, onUpdateClient]);
      516 |

      at node_modules/react-dom/cjs/react-dom-client.development.js:16023:19
      at runWithFiberInDEV (node_modules/react-dom/cjs/react-dom-client.development.js:1522:13)
      at warnIfUpdatesNotWrappedWithActDEV (node_modules/react-dom/cjs/react-dom-client.development.js:16022:9)
      at scheduleUpdateOnFiber (node_modules/react-dom/cjs/react-dom-client.development.js:14396:11)
      at dispatchSetStateInternal (node_modules/react-dom/cjs/react-dom-client.development.js:6969:13)
      at dispatchSetState (node_modules/react-dom/cjs/react-dom-client.development.js:6927:7)
      at setIsSaving (src/app/clients/components/ClientList.tsx:513:7)

    console.error
      An update to ClientList inside a test was not wrapped in act(...).
      
      When testing, code that causes React state updates should be wrapped into act(...):
      
      act(() => {
        /* fire events that update state */
      });
      /* assert on the output */
      
      This ensures that you're testing the behavior the user would see in the browser. Learn more at https://react.dev/link/wrap-tests-with-act

      504 |       // Only close editing mode if update was successful
      505 |       // If updateClient returns null or throws an error, editing mode will remain open
    > 506 |       setEditingClient(null);
          |       ^
      507 |       setEditData({});
      508 |     } catch {
      509 |       // Error is handled by parent component's error handler

      at node_modules/react-dom/cjs/react-dom-client.development.js:16023:19
      at runWithFiberInDEV (node_modules/react-dom/cjs/react-dom-client.development.js:1522:13)
      at warnIfUpdatesNotWrappedWithActDEV (node_modules/react-dom/cjs/react-dom-client.development.js:16022:9)
      at scheduleUpdateOnFiber (node_modules/react-dom/cjs/react-dom-client.development.js:14396:11)
      at dispatchSetStateInternal (node_modules/react-dom/cjs/react-dom-client.development.js:6969:13)
      at dispatchSetState (node_modules/react-dom/cjs/react-dom-client.development.js:6927:7)
      at setEditingClient (src/app/clients/components/ClientList.tsx:506:7)

    console.error
      An update to ClientList inside a test was not wrapped in act(...).
      
      When testing, code that causes React state updates should be wrapped into act(...):
      
      act(() => {
        /* fire events that update state */
      });
      /* assert on the output */
      
      This ensures that you're testing the behavior the user would see in the browser. Learn more at https://react.dev/link/wrap-tests-with-act

      505 |       // If updateClient returns null or throws an error, editing mode will remain open
      506 |       setEditingClient(null);
    > 507 |       setEditData({});
          |       ^
      508 |     } catch {
      509 |       // Error is handled by parent component's error handler
      510 |       // Don't close editing mode on error - let user see the error and retry

      at node_modules/react-dom/cjs/react-dom-client.development.js:16023:19
      at runWithFiberInDEV (node_modules/react-dom/cjs/react-dom-client.development.js:1522:13)
      at warnIfUpdatesNotWrappedWithActDEV (node_modules/react-dom/cjs/react-dom-client.development.js:16022:9)
      at scheduleUpdateOnFiber (node_modules/react-dom/cjs/react-dom-client.development.js:14396:11)
      at dispatchSetStateInternal (node_modules/react-dom/cjs/react-dom-client.development.js:6969:13)
      at dispatchSetState (node_modules/react-dom/cjs/react-dom-client.development.js:6927:7)
      at setEditData (src/app/clients/components/ClientList.tsx:507:7)

    console.error
      An update to ClientList inside a test was not wrapped in act(...).
      
      When testing, code that causes React state updates should be wrapped into act(...):
      
      act(() => {
        /* fire events that update state */
      });
      /* assert on the output */
      
      This ensures that you're testing the behavior the user would see in the browser. Learn more at https://react.dev/link/wrap-tests-with-act

      511 |       // Editing mode remains open so user can fix the issue and try again
      512 |     } finally {
    > 513 |       setIsSaving(false);
          |       ^
      514 |     }
      515 |   }, [editingClient, editData, onUpdateClient]);
      516 |

      at node_modules/react-dom/cjs/react-dom-client.development.js:16023:19
      at runWithFiberInDEV (node_modules/react-dom/cjs/react-dom-client.development.js:1522:13)
      at warnIfUpdatesNotWrappedWithActDEV (node_modules/react-dom/cjs/react-dom-client.development.js:16022:9)
      at scheduleUpdateOnFiber (node_modules/react-dom/cjs/react-dom-client.development.js:14396:11)
      at dispatchSetStateInternal (node_modules/react-dom/cjs/react-dom-client.development.js:6969:13)
      at dispatchSetState (node_modules/react-dom/cjs/react-dom-client.development.js:6927:7)
      at setIsSaving (src/app/clients/components/ClientList.tsx:513:7)

    console.error
      An update to ClientList inside a test was not wrapped in act(...).
      
      When testing, code that causes React state updates should be wrapped into act(...):
      
      act(() => {
        /* fire events that update state */
      });
      /* assert on the output */
      
      This ensures that you're testing the behavior the user would see in the browser. Learn more at https://react.dev/link/wrap-tests-with-act

      504 |       // Only close editing mode if update was successful
      505 |       // If updateClient returns null or throws an error, editing mode will remain open
    > 506 |       setEditingClient(null);
          |       ^
      507 |       setEditData({});
      508 |     } catch {
      509 |       // Error is handled by parent component's error handler

      at node_modules/react-dom/cjs/react-dom-client.development.js:16023:19
      at runWithFiberInDEV (node_modules/react-dom/cjs/react-dom-client.development.js:1522:13)
      at warnIfUpdatesNotWrappedWithActDEV (node_modules/react-dom/cjs/react-dom-client.development.js:16022:9)
      at scheduleUpdateOnFiber (node_modules/react-dom/cjs/react-dom-client.development.js:14396:11)
      at dispatchSetStateInternal (node_modules/react-dom/cjs/react-dom-client.development.js:6969:13)
      at dispatchSetState (node_modules/react-dom/cjs/react-dom-client.development.js:6927:7)
      at setEditingClient (src/app/clients/components/ClientList.tsx:506:7)

    console.error
      An update to ClientList inside a test was not wrapped in act(...).
      
      When testing, code that causes React state updates should be wrapped into act(...):
      
      act(() => {
        /* fire events that update state */
      });
      /* assert on the output */
      
      This ensures that you're testing the behavior the user would see in the browser. Learn more at https://react.dev/link/wrap-tests-with-act

      505 |       // If updateClient returns null or throws an error, editing mode will remain open
      506 |       setEditingClient(null);
    > 507 |       setEditData({});
          |       ^
      508 |     } catch {
      509 |       // Error is handled by parent component's error handler
      510 |       // Don't close editing mode on error - let user see the error and retry

      at node_modules/react-dom/cjs/react-dom-client.development.js:16023:19
      at runWithFiberInDEV (node_modules/react-dom/cjs/react-dom-client.development.js:1522:13)
      at warnIfUpdatesNotWrappedWithActDEV (node_modules/react-dom/cjs/react-dom-client.development.js:16022:9)
      at scheduleUpdateOnFiber (node_modules/react-dom/cjs/react-dom-client.development.js:14396:11)
      at dispatchSetStateInternal (node_modules/react-dom/cjs/react-dom-client.development.js:6969:13)
      at dispatchSetState (node_modules/react-dom/cjs/react-dom-client.development.js:6927:7)
      at setEditData (src/app/clients/components/ClientList.tsx:507:7)

    console.error
      An update to ClientList inside a test was not wrapped in act(...).
      
      When testing, code that causes React state updates should be wrapped into act(...):
      
      act(() => {
        /* fire events that update state */
      });
      /* assert on the output */
      
      This ensures that you're testing the behavior the user would see in the browser. Learn more at https://react.dev/link/wrap-tests-with-act

      511 |       // Editing mode remains open so user can fix the issue and try again
      512 |     } finally {
    > 513 |       setIsSaving(false);
          |       ^
      514 |     }
      515 |   }, [editingClient, editData, onUpdateClient]);
      516 |

      at node_modules/react-dom/cjs/react-dom-client.development.js:16023:19
      at runWithFiberInDEV (node_modules/react-dom/cjs/react-dom-client.development.js:1522:13)
      at warnIfUpdatesNotWrappedWithActDEV (node_modules/react-dom/cjs/react-dom-client.development.js:16022:9)
      at scheduleUpdateOnFiber (node_modules/react-dom/cjs/react-dom-client.development.js:14396:11)
      at dispatchSetStateInternal (node_modules/react-dom/cjs/react-dom-client.development.js:6969:13)
      at dispatchSetState (node_modules/react-dom/cjs/react-dom-client.development.js:6927:7)
      at setIsSaving (src/app/clients/components/ClientList.tsx:513:7)

PASS src/app/notes/__tests__/page.test.tsx
PASS src/app/invoices/components/__tests__/InvoiceForm.test.tsx (6.207 s)
PASS src/app/calendar/components/__tests__/CalendarContent.test.tsx
  ● Console

    console.error
      An update to ForwardRef(LoadableComponent) inside a test was not wrapped in act(...).
      
      When testing, code that causes React state updates should be wrapped into act(...):
      
      act(() => {
        /* fire events that update state */
      });
      /* assert on the output */
      
      This ensures that you're testing the behavior the user would see in the browser. Learn more at https://react.dev/link/wrap-tests-with-act

      at node_modules/react-dom/cjs/react-dom-client.development.js:16023:19
      at runWithFiberInDEV (node_modules/react-dom/cjs/react-dom-client.development.js:1522:13)
      at warnIfUpdatesNotWrappedWithActDEV (node_modules/react-dom/cjs/react-dom-client.development.js:16022:9)
      at scheduleUpdateOnFiber (node_modules/react-dom/cjs/react-dom-client.development.js:14396:11)
      at forceStoreRerender (node_modules/react-dom/cjs/react-dom-client.development.js:6124:24)
      at node_modules/react-dom/cjs/react-dom-client.development.js:6109:41
      at callback (node_modules/next/src/shared/lib/loadable.shared-runtime.tsx:236:48)
          at Set.forEach (<anonymous>)
      at LoadableSubscription.forEach (node_modules/next/src/shared/lib/loadable.shared-runtime.tsx:236:21)
      at _update (node_modules/next/src/shared/lib/loadable.shared-runtime.tsx:218:14)

PASS src/components/common/__tests__/FilterGroup.test.tsx
PASS src/app/__tests__/page.test.tsx (5.802 s)
PASS src/app/calendar/components/__tests__/GroupedTaskList.test.tsx
PASS src/app/invoices/__tests__/page.test.tsx
PASS src/app/calendar/components/__tests__/CalendarView.test.tsx
PASS src/app/clients/__tests__/ClientsPage.test.tsx
  ● Console

    console.error
      An update to ClientForm inside a test was not wrapped in act(...).
      
      When testing, code that causes React state updates should be wrapped into act(...):
      
      act(() => {
        /* fire events that update state */
      });
      /* assert on the output */
      
      This ensures that you're testing the behavior the user would see in the browser. Learn more at https://react.dev/link/wrap-tests-with-act

      28 |         onSuccess: data => {
      29 |           // ✅ FIXED: useDataFetching만 items state 담당
    > 30 |           setItems(data || []);
         |           ^
      31 |         },
      32 |       });
      33 |       return res;

      at node_modules/react-dom/cjs/react-dom-client.development.js:16023:19
      at runWithFiberInDEV (node_modules/react-dom/cjs/react-dom-client.development.js:1522:13)
      at warnIfUpdatesNotWrappedWithActDEV (node_modules/react-dom/cjs/react-dom-client.development.js:16022:9)
      at scheduleUpdateOnFiber (node_modules/react-dom/cjs/react-dom-client.development.js:14396:11)
      at dispatchSetStateInternal (node_modules/react-dom/cjs/react-dom-client.development.js:6969:13)
      at dispatchSetState (node_modules/react-dom/cjs/react-dom-client.development.js:6927:7)
      at setItems (src/hooks/useDataFetching.ts:30:11)
      at onSuccess (src/hooks/useAsyncOperation.ts:66:9)
      at src/hooks/useDataFetching.ts:25:19

    console.error
      An update to ClientForm inside a test was not wrapped in act(...).
      
      When testing, code that causes React state updates should be wrapped into act(...):
      
      act(() => {
        /* fire events that update state */
      });
      /* assert on the output */
      
      This ensures that you're testing the behavior the user would see in the browser. Learn more at https://react.dev/link/wrap-tests-with-act

      83 |           if (myId === reqIdRef.current) {
      84 |             // Current request: set loading to false after completion
    > 85 |             setLoading(false);
         |             ^
      86 |           }
      87 |           // For non-current requests, loading will be managed by the new request
      88 |         }

      at node_modules/react-dom/cjs/react-dom-client.development.js:16023:19
      at runWithFiberInDEV (node_modules/react-dom/cjs/react-dom-client.development.js:1522:13)
      at warnIfUpdatesNotWrappedWithActDEV (node_modules/react-dom/cjs/react-dom-client.development.js:16022:9)
      at scheduleUpdateOnFiber (node_modules/react-dom/cjs/react-dom-client.development.js:14396:11)
      at dispatchSetStateInternal (node_modules/react-dom/cjs/react-dom-client.development.js:6969:13)
      at dispatchSetState (node_modules/react-dom/cjs/react-dom-client.development.js:6927:7)
      at setLoading (src/hooks/useAsyncOperation.ts:85:13)
      at src/hooks/useDataFetching.ts:25:19

    console.error
      An update to ClientForm inside a test was not wrapped in act(...).
      
      When testing, code that causes React state updates should be wrapped into act(...):
      
      act(() => {
        /* fire events that update state */
      });
      /* assert on the output */
      
      This ensures that you're testing the behavior the user would see in the browser. Learn more at https://react.dev/link/wrap-tests-with-act

      28 |         onSuccess: data => {
      29 |           // ✅ FIXED: useDataFetching만 items state 담당
    > 30 |           setItems(data || []);
         |           ^
      31 |         },
      32 |       });
      33 |       return res;

      at node_modules/react-dom/cjs/react-dom-client.development.js:16023:19
      at runWithFiberInDEV (node_modules/react-dom/cjs/react-dom-client.development.js:1522:13)
      at warnIfUpdatesNotWrappedWithActDEV (node_modules/react-dom/cjs/react-dom-client.development.js:16022:9)
      at scheduleUpdateOnFiber (node_modules/react-dom/cjs/react-dom-client.development.js:14396:11)
      at dispatchSetStateInternal (node_modules/react-dom/cjs/react-dom-client.development.js:6969:13)
      at dispatchSetState (node_modules/react-dom/cjs/react-dom-client.development.js:6927:7)
      at setItems (src/hooks/useDataFetching.ts:30:11)
      at onSuccess (src/hooks/useAsyncOperation.ts:66:9)
      at src/hooks/useDataFetching.ts:25:19

    console.error
      An update to ClientForm inside a test was not wrapped in act(...).
      
      When testing, code that causes React state updates should be wrapped into act(...):
      
      act(() => {
        /* fire events that update state */
      });
      /* assert on the output */
      
      This ensures that you're testing the behavior the user would see in the browser. Learn more at https://react.dev/link/wrap-tests-with-act

      83 |           if (myId === reqIdRef.current) {
      84 |             // Current request: set loading to false after completion
    > 85 |             setLoading(false);
         |             ^
      86 |           }
      87 |           // For non-current requests, loading will be managed by the new request
      88 |         }

      at node_modules/react-dom/cjs/react-dom-client.development.js:16023:19
      at runWithFiberInDEV (node_modules/react-dom/cjs/react-dom-client.development.js:1522:13)
      at warnIfUpdatesNotWrappedWithActDEV (node_modules/react-dom/cjs/react-dom-client.development.js:16022:9)
      at scheduleUpdateOnFiber (node_modules/react-dom/cjs/react-dom-client.development.js:14396:11)
      at dispatchSetStateInternal (node_modules/react-dom/cjs/react-dom-client.development.js:6969:13)
      at dispatchSetState (node_modules/react-dom/cjs/react-dom-client.development.js:6927:7)
      at setLoading (src/hooks/useAsyncOperation.ts:85:13)
      at src/hooks/useDataFetching.ts:25:19

    console.error
      An update to ClientForm inside a test was not wrapped in act(...).
      
      When testing, code that causes React state updates should be wrapped into act(...):
      
      act(() => {
        /* fire events that update state */
      });
      /* assert on the output */
      
      This ensures that you're testing the behavior the user would see in the browser. Learn more at https://react.dev/link/wrap-tests-with-act

      28 |         onSuccess: data => {
      29 |           // ✅ FIXED: useDataFetching만 items state 담당
    > 30 |           setItems(data || []);
         |           ^
      31 |         },
      32 |       });
      33 |       return res;

      at node_modules/react-dom/cjs/react-dom-client.development.js:16023:19
      at runWithFiberInDEV (node_modules/react-dom/cjs/react-dom-client.development.js:1522:13)
      at warnIfUpdatesNotWrappedWithActDEV (node_modules/react-dom/cjs/react-dom-client.development.js:16022:9)
      at scheduleUpdateOnFiber (node_modules/react-dom/cjs/react-dom-client.development.js:14396:11)
      at dispatchSetStateInternal (node_modules/react-dom/cjs/react-dom-client.development.js:6969:13)
      at dispatchSetState (node_modules/react-dom/cjs/react-dom-client.development.js:6927:7)
      at setItems (src/hooks/useDataFetching.ts:30:11)
      at onSuccess (src/hooks/useAsyncOperation.ts:66:9)
      at src/hooks/useDataFetching.ts:25:19

    console.error
      An update to ClientForm inside a test was not wrapped in act(...).
      
      When testing, code that causes React state updates should be wrapped into act(...):
      
      act(() => {
        /* fire events that update state */
      });
      /* assert on the output */
      
      This ensures that you're testing the behavior the user would see in the browser. Learn more at https://react.dev/link/wrap-tests-with-act

      83 |           if (myId === reqIdRef.current) {
      84 |             // Current request: set loading to false after completion
    > 85 |             setLoading(false);
         |             ^
      86 |           }
      87 |           // For non-current requests, loading will be managed by the new request
      88 |         }

      at node_modules/react-dom/cjs/react-dom-client.development.js:16023:19
      at runWithFiberInDEV (node_modules/react-dom/cjs/react-dom-client.development.js:1522:13)
      at warnIfUpdatesNotWrappedWithActDEV (node_modules/react-dom/cjs/react-dom-client.development.js:16022:9)
      at scheduleUpdateOnFiber (node_modules/react-dom/cjs/react-dom-client.development.js:14396:11)
      at dispatchSetStateInternal (node_modules/react-dom/cjs/react-dom-client.development.js:6969:13)
      at dispatchSetState (node_modules/react-dom/cjs/react-dom-client.development.js:6927:7)
      at setLoading (src/hooks/useAsyncOperation.ts:85:13)
      at src/hooks/useDataFetching.ts:25:19

    console.error
      An update to ClientForm inside a test was not wrapped in act(...).
      
      When testing, code that causes React state updates should be wrapped into act(...):
      
      act(() => {
        /* fire events that update state */
      });
      /* assert on the output */
      
      This ensures that you're testing the behavior the user would see in the browser. Learn more at https://react.dev/link/wrap-tests-with-act

      28 |         onSuccess: data => {
      29 |           // ✅ FIXED: useDataFetching만 items state 담당
    > 30 |           setItems(data || []);
         |           ^
      31 |         },
      32 |       });
      33 |       return res;

      at node_modules/react-dom/cjs/react-dom-client.development.js:16023:19
      at runWithFiberInDEV (node_modules/react-dom/cjs/react-dom-client.development.js:1522:13)
      at warnIfUpdatesNotWrappedWithActDEV (node_modules/react-dom/cjs/react-dom-client.development.js:16022:9)
      at scheduleUpdateOnFiber (node_modules/react-dom/cjs/react-dom-client.development.js:14396:11)
      at dispatchSetStateInternal (node_modules/react-dom/cjs/react-dom-client.development.js:6969:13)
      at dispatchSetState (node_modules/react-dom/cjs/react-dom-client.development.js:6927:7)
      at setItems (src/hooks/useDataFetching.ts:30:11)
      at onSuccess (src/hooks/useAsyncOperation.ts:66:9)
      at src/hooks/useDataFetching.ts:25:19

    console.error
      An update to ClientForm inside a test was not wrapped in act(...).
      
      When testing, code that causes React state updates should be wrapped into act(...):
      
      act(() => {
        /* fire events that update state */
      });
      /* assert on the output */
      
      This ensures that you're testing the behavior the user would see in the browser. Learn more at https://react.dev/link/wrap-tests-with-act

      83 |           if (myId === reqIdRef.current) {
      84 |             // Current request: set loading to false after completion
    > 85 |             setLoading(false);
         |             ^
      86 |           }
      87 |           // For non-current requests, loading will be managed by the new request
      88 |         }

      at node_modules/react-dom/cjs/react-dom-client.development.js:16023:19
      at runWithFiberInDEV (node_modules/react-dom/cjs/react-dom-client.development.js:1522:13)
      at warnIfUpdatesNotWrappedWithActDEV (node_modules/react-dom/cjs/react-dom-client.development.js:16022:9)
      at scheduleUpdateOnFiber (node_modules/react-dom/cjs/react-dom-client.development.js:14396:11)
      at dispatchSetStateInternal (node_modules/react-dom/cjs/react-dom-client.development.js:6969:13)
      at dispatchSetState (node_modules/react-dom/cjs/react-dom-client.development.js:6927:7)
      at setLoading (src/hooks/useAsyncOperation.ts:85:13)
      at src/hooks/useDataFetching.ts:25:19

    console.error
      An update to ClientForm inside a test was not wrapped in act(...).
      
      When testing, code that causes React state updates should be wrapped into act(...):
      
      act(() => {
        /* fire events that update state */
      });
      /* assert on the output */
      
      This ensures that you're testing the behavior the user would see in the browser. Learn more at https://react.dev/link/wrap-tests-with-act

      28 |         onSuccess: data => {
      29 |           // ✅ FIXED: useDataFetching만 items state 담당
    > 30 |           setItems(data || []);
         |           ^
      31 |         },
      32 |       });
      33 |       return res;

      at node_modules/react-dom/cjs/react-dom-client.development.js:16023:19
      at runWithFiberInDEV (node_modules/react-dom/cjs/react-dom-client.development.js:1522:13)
      at warnIfUpdatesNotWrappedWithActDEV (node_modules/react-dom/cjs/react-dom-client.development.js:16022:9)
      at scheduleUpdateOnFiber (node_modules/react-dom/cjs/react-dom-client.development.js:14396:11)
      at dispatchSetStateInternal (node_modules/react-dom/cjs/react-dom-client.development.js:6969:13)
      at dispatchSetState (node_modules/react-dom/cjs/react-dom-client.development.js:6927:7)
      at setItems (src/hooks/useDataFetching.ts:30:11)
      at onSuccess (src/hooks/useAsyncOperation.ts:66:9)
      at src/hooks/useDataFetching.ts:25:19

    console.error
      An update to ClientForm inside a test was not wrapped in act(...).
      
      When testing, code that causes React state updates should be wrapped into act(...):
      
      act(() => {
        /* fire events that update state */
      });
      /* assert on the output */
      
      This ensures that you're testing the behavior the user would see in the browser. Learn more at https://react.dev/link/wrap-tests-with-act

      83 |           if (myId === reqIdRef.current) {
      84 |             // Current request: set loading to false after completion
    > 85 |             setLoading(false);
         |             ^
      86 |           }
      87 |           // For non-current requests, loading will be managed by the new request
      88 |         }

      at node_modules/react-dom/cjs/react-dom-client.development.js:16023:19
      at runWithFiberInDEV (node_modules/react-dom/cjs/react-dom-client.development.js:1522:13)
      at warnIfUpdatesNotWrappedWithActDEV (node_modules/react-dom/cjs/react-dom-client.development.js:16022:9)
      at scheduleUpdateOnFiber (node_modules/react-dom/cjs/react-dom-client.development.js:14396:11)
      at dispatchSetStateInternal (node_modules/react-dom/cjs/react-dom-client.development.js:6969:13)
      at dispatchSetState (node_modules/react-dom/cjs/react-dom-client.development.js:6927:7)
      at setLoading (src/hooks/useAsyncOperation.ts:85:13)
      at src/hooks/useDataFetching.ts:25:19

    console.error
      An update to ClientForm inside a test was not wrapped in act(...).
      
      When testing, code that causes React state updates should be wrapped into act(...):
      
      act(() => {
        /* fire events that update state */
      });
      /* assert on the output */
      
      This ensures that you're testing the behavior the user would see in the browser. Learn more at https://react.dev/link/wrap-tests-with-act

      28 |         onSuccess: data => {
      29 |           // ✅ FIXED: useDataFetching만 items state 담당
    > 30 |           setItems(data || []);
         |           ^
      31 |         },
      32 |       });
      33 |       return res;

      at node_modules/react-dom/cjs/react-dom-client.development.js:16023:19
      at runWithFiberInDEV (node_modules/react-dom/cjs/react-dom-client.development.js:1522:13)
      at warnIfUpdatesNotWrappedWithActDEV (node_modules/react-dom/cjs/react-dom-client.development.js:16022:9)
      at scheduleUpdateOnFiber (node_modules/react-dom/cjs/react-dom-client.development.js:14396:11)
      at dispatchSetStateInternal (node_modules/react-dom/cjs/react-dom-client.development.js:6969:13)
      at dispatchSetState (node_modules/react-dom/cjs/react-dom-client.development.js:6927:7)
      at setItems (src/hooks/useDataFetching.ts:30:11)
      at onSuccess (src/hooks/useAsyncOperation.ts:66:9)
      at src/hooks/useDataFetching.ts:25:19

    console.error
      An update to ClientForm inside a test was not wrapped in act(...).
      
      When testing, code that causes React state updates should be wrapped into act(...):
      
      act(() => {
        /* fire events that update state */
      });
      /* assert on the output */
      
      This ensures that you're testing the behavior the user would see in the browser. Learn more at https://react.dev/link/wrap-tests-with-act

      83 |           if (myId === reqIdRef.current) {
      84 |             // Current request: set loading to false after completion
    > 85 |             setLoading(false);
         |             ^
      86 |           }
      87 |           // For non-current requests, loading will be managed by the new request
      88 |         }

      at node_modules/react-dom/cjs/react-dom-client.development.js:16023:19
      at runWithFiberInDEV (node_modules/react-dom/cjs/react-dom-client.development.js:1522:13)
      at warnIfUpdatesNotWrappedWithActDEV (node_modules/react-dom/cjs/react-dom-client.development.js:16022:9)
      at scheduleUpdateOnFiber (node_modules/react-dom/cjs/react-dom-client.development.js:14396:11)
      at dispatchSetStateInternal (node_modules/react-dom/cjs/react-dom-client.development.js:6969:13)
      at dispatchSetState (node_modules/react-dom/cjs/react-dom-client.development.js:6927:7)
      at setLoading (src/hooks/useAsyncOperation.ts:85:13)
      at src/hooks/useDataFetching.ts:25:19

    console.error
      An update to ClientForm inside a test was not wrapped in act(...).
      
      When testing, code that causes React state updates should be wrapped into act(...):
      
      act(() => {
        /* fire events that update state */
      });
      /* assert on the output */
      
      This ensures that you're testing the behavior the user would see in the browser. Learn more at https://react.dev/link/wrap-tests-with-act

      28 |         onSuccess: data => {
      29 |           // ✅ FIXED: useDataFetching만 items state 담당
    > 30 |           setItems(data || []);
         |           ^
      31 |         },
      32 |       });
      33 |       return res;

      at node_modules/react-dom/cjs/react-dom-client.development.js:16023:19
      at runWithFiberInDEV (node_modules/react-dom/cjs/react-dom-client.development.js:1522:13)
      at warnIfUpdatesNotWrappedWithActDEV (node_modules/react-dom/cjs/react-dom-client.development.js:16022:9)
      at scheduleUpdateOnFiber (node_modules/react-dom/cjs/react-dom-client.development.js:14396:11)
      at dispatchSetStateInternal (node_modules/react-dom/cjs/react-dom-client.development.js:6969:13)
      at dispatchSetState (node_modules/react-dom/cjs/react-dom-client.development.js:6927:7)
      at setItems (src/hooks/useDataFetching.ts:30:11)
      at onSuccess (src/hooks/useAsyncOperation.ts:66:9)
      at src/hooks/useDataFetching.ts:25:19

    console.error
      An update to ClientForm inside a test was not wrapped in act(...).
      
      When testing, code that causes React state updates should be wrapped into act(...):
      
      act(() => {
        /* fire events that update state */
      });
      /* assert on the output */
      
      This ensures that you're testing the behavior the user would see in the browser. Learn more at https://react.dev/link/wrap-tests-with-act

      83 |           if (myId === reqIdRef.current) {
      84 |             // Current request: set loading to false after completion
    > 85 |             setLoading(false);
         |             ^
      86 |           }
      87 |           // For non-current requests, loading will be managed by the new request
      88 |         }

      at node_modules/react-dom/cjs/react-dom-client.development.js:16023:19
      at runWithFiberInDEV (node_modules/react-dom/cjs/react-dom-client.development.js:1522:13)
      at warnIfUpdatesNotWrappedWithActDEV (node_modules/react-dom/cjs/react-dom-client.development.js:16022:9)
      at scheduleUpdateOnFiber (node_modules/react-dom/cjs/react-dom-client.development.js:14396:11)
      at dispatchSetStateInternal (node_modules/react-dom/cjs/react-dom-client.development.js:6969:13)
      at dispatchSetState (node_modules/react-dom/cjs/react-dom-client.development.js:6927:7)
      at setLoading (src/hooks/useAsyncOperation.ts:85:13)
      at src/hooks/useDataFetching.ts:25:19

    console.error
      An update to ClientForm inside a test was not wrapped in act(...).
      
      When testing, code that causes React state updates should be wrapped into act(...):
      
      act(() => {
        /* fire events that update state */
      });
      /* assert on the output */
      
      This ensures that you're testing the behavior the user would see in the browser. Learn more at https://react.dev/link/wrap-tests-with-act

      28 |         onSuccess: data => {
      29 |           // ✅ FIXED: useDataFetching만 items state 담당
    > 30 |           setItems(data || []);
         |           ^
      31 |         },
      32 |       });
      33 |       return res;

      at node_modules/react-dom/cjs/react-dom-client.development.js:16023:19
      at runWithFiberInDEV (node_modules/react-dom/cjs/react-dom-client.development.js:1522:13)
      at warnIfUpdatesNotWrappedWithActDEV (node_modules/react-dom/cjs/react-dom-client.development.js:16022:9)
      at scheduleUpdateOnFiber (node_modules/react-dom/cjs/react-dom-client.development.js:14396:11)
      at dispatchSetStateInternal (node_modules/react-dom/cjs/react-dom-client.development.js:6969:13)
      at dispatchSetState (node_modules/react-dom/cjs/react-dom-client.development.js:6927:7)
      at setItems (src/hooks/useDataFetching.ts:30:11)
      at onSuccess (src/hooks/useAsyncOperation.ts:66:9)
      at src/hooks/useDataFetching.ts:25:19

    console.error
      An update to ClientForm inside a test was not wrapped in act(...).
      
      When testing, code that causes React state updates should be wrapped into act(...):
      
      act(() => {
        /* fire events that update state */
      });
      /* assert on the output */
      
      This ensures that you're testing the behavior the user would see in the browser. Learn more at https://react.dev/link/wrap-tests-with-act

      83 |           if (myId === reqIdRef.current) {
      84 |             // Current request: set loading to false after completion
    > 85 |             setLoading(false);
         |             ^
      86 |           }
      87 |           // For non-current requests, loading will be managed by the new request
      88 |         }

      at node_modules/react-dom/cjs/react-dom-client.development.js:16023:19
      at runWithFiberInDEV (node_modules/react-dom/cjs/react-dom-client.development.js:1522:13)
      at warnIfUpdatesNotWrappedWithActDEV (node_modules/react-dom/cjs/react-dom-client.development.js:16022:9)
      at scheduleUpdateOnFiber (node_modules/react-dom/cjs/react-dom-client.development.js:14396:11)
      at dispatchSetStateInternal (node_modules/react-dom/cjs/react-dom-client.development.js:6969:13)
      at dispatchSetState (node_modules/react-dom/cjs/react-dom-client.development.js:6927:7)
      at setLoading (src/hooks/useAsyncOperation.ts:85:13)
      at src/hooks/useDataFetching.ts:25:19

    console.error
      An update to ClientForm inside a test was not wrapped in act(...).
      
      When testing, code that causes React state updates should be wrapped into act(...):
      
      act(() => {
        /* fire events that update state */
      });
      /* assert on the output */
      
      This ensures that you're testing the behavior the user would see in the browser. Learn more at https://react.dev/link/wrap-tests-with-act

      28 |         onSuccess: data => {
      29 |           // ✅ FIXED: useDataFetching만 items state 담당
    > 30 |           setItems(data || []);
         |           ^
      31 |         },
      32 |       });
      33 |       return res;

      at node_modules/react-dom/cjs/react-dom-client.development.js:16023:19
      at runWithFiberInDEV (node_modules/react-dom/cjs/react-dom-client.development.js:1522:13)
      at warnIfUpdatesNotWrappedWithActDEV (node_modules/react-dom/cjs/react-dom-client.development.js:16022:9)
      at scheduleUpdateOnFiber (node_modules/react-dom/cjs/react-dom-client.development.js:14396:11)
      at dispatchSetStateInternal (node_modules/react-dom/cjs/react-dom-client.development.js:6969:13)
      at dispatchSetState (node_modules/react-dom/cjs/react-dom-client.development.js:6927:7)
      at setItems (src/hooks/useDataFetching.ts:30:11)
      at onSuccess (src/hooks/useAsyncOperation.ts:66:9)
      at src/hooks/useDataFetching.ts:25:19

    console.error
      An update to ClientForm inside a test was not wrapped in act(...).
      
      When testing, code that causes React state updates should be wrapped into act(...):
      
      act(() => {
        /* fire events that update state */
      });
      /* assert on the output */
      
      This ensures that you're testing the behavior the user would see in the browser. Learn more at https://react.dev/link/wrap-tests-with-act

      83 |           if (myId === reqIdRef.current) {
      84 |             // Current request: set loading to false after completion
    > 85 |             setLoading(false);
         |             ^
      86 |           }
      87 |           // For non-current requests, loading will be managed by the new request
      88 |         }

      at node_modules/react-dom/cjs/react-dom-client.development.js:16023:19
      at runWithFiberInDEV (node_modules/react-dom/cjs/react-dom-client.development.js:1522:13)
      at warnIfUpdatesNotWrappedWithActDEV (node_modules/react-dom/cjs/react-dom-client.development.js:16022:9)
      at scheduleUpdateOnFiber (node_modules/react-dom/cjs/react-dom-client.development.js:14396:11)
      at dispatchSetStateInternal (node_modules/react-dom/cjs/react-dom-client.development.js:6969:13)
      at dispatchSetState (node_modules/react-dom/cjs/react-dom-client.development.js:6927:7)
      at setLoading (src/hooks/useAsyncOperation.ts:85:13)
      at src/hooks/useDataFetching.ts:25:19

PASS src/app/sales/components/__tests__/SalesCharts.test.tsx
PASS src/app/calendar/__tests__/page.logic.test.tsx
PASS src/app/dashboard/components/__tests__/RowActions.test.tsx
PASS src/app/connections/components/__tests__/EditConnectionModal.test.tsx
PASS src/components/invoices/__tests__/InvoiceDocument.test.tsx
PASS src/hooks/__tests__/useAsyncOperation.test.ts
PASS src/app/clients/components/__tests__/ClientFilters.test.tsx
PASS src/app/connections/__tests__/page.test.tsx
PASS src/app/dashboard/utils/__tests__/dashboardUtils.test.ts
PASS src/hooks/__tests__/useDataFetching.test.tsx
  ● Console

    console.error
      An update to TestComponent inside a test was not wrapped in act(...).
      
      When testing, code that causes React state updates should be wrapped into act(...):
      
      act(() => {
        /* fire events that update state */
      });
      /* assert on the output */
      
      This ensures that you're testing the behavior the user would see in the browser. Learn more at https://react.dev/link/wrap-tests-with-act

      28 |         onSuccess: data => {
      29 |           // ✅ FIXED: useDataFetching만 items state 담당
    > 30 |           setItems(data || []);
         |           ^
      31 |         },
      32 |       });
      33 |       return res;

      at node_modules/react-dom/cjs/react-dom-client.development.js:16023:19
      at runWithFiberInDEV (node_modules/react-dom/cjs/react-dom-client.development.js:1522:13)
      at warnIfUpdatesNotWrappedWithActDEV (node_modules/react-dom/cjs/react-dom-client.development.js:16022:9)
      at scheduleUpdateOnFiber (node_modules/react-dom/cjs/react-dom-client.development.js:14396:11)
      at dispatchSetStateInternal (node_modules/react-dom/cjs/react-dom-client.development.js:6969:13)
      at dispatchSetState (node_modules/react-dom/cjs/react-dom-client.development.js:6927:7)
      at setItems (src/hooks/useDataFetching.ts:30:11)
      at onSuccess (src/hooks/useAsyncOperation.ts:66:9)
      at src/hooks/useDataFetching.ts:25:19

    console.error
      An update to TestComponent inside a test was not wrapped in act(...).
      
      When testing, code that causes React state updates should be wrapped into act(...):
      
      act(() => {
        /* fire events that update state */
      });
      /* assert on the output */
      
      This ensures that you're testing the behavior the user would see in the browser. Learn more at https://react.dev/link/wrap-tests-with-act

      83 |           if (myId === reqIdRef.current) {
      84 |             // Current request: set loading to false after completion
    > 85 |             setLoading(false);
         |             ^
      86 |           }
      87 |           // For non-current requests, loading will be managed by the new request
      88 |         }

      at node_modules/react-dom/cjs/react-dom-client.development.js:16023:19
      at runWithFiberInDEV (node_modules/react-dom/cjs/react-dom-client.development.js:1522:13)
      at warnIfUpdatesNotWrappedWithActDEV (node_modules/react-dom/cjs/react-dom-client.development.js:16022:9)
      at scheduleUpdateOnFiber (node_modules/react-dom/cjs/react-dom-client.development.js:14396:11)
      at dispatchSetStateInternal (node_modules/react-dom/cjs/react-dom-client.development.js:6969:13)
      at dispatchSetState (node_modules/react-dom/cjs/react-dom-client.development.js:6927:7)
      at setLoading (src/hooks/useAsyncOperation.ts:85:13)
      at src/hooks/useDataFetching.ts:25:19

PASS src/app/clients/hooks/__tests__/entityDataStaleness.test.tsx
PASS src/app/invoices/components/__tests__/InvoiceFilters.test.tsx
PASS src/app/dashboard/hooks/__tests__/useDashboardFilters.test.tsx
PASS src/app/dashboard/hooks/__tests__/useDashboardItems.test.tsx
PASS src/app/calendar/components/__tests__/TimelineView.test.tsx
PASS src/components/common/__tests__/SearchInput.test.tsx
PASS src/app/dashboard/components/__tests__/ItemList.test.tsx
PASS src/app/clients/components/__tests__/ClientRowExpand.test.tsx
PASS src/app/calendar/components/__tests__/CalendarSummary.test.tsx
PASS src/contexts/__tests__/AuthContext.test.tsx
  ● Console

    console.error
      An update to AuthProvider inside a test was not wrapped in act(...).
      
      When testing, code that causes React state updates should be wrapped into act(...):
      
      act(() => {
        /* fire events that update state */
      });
      /* assert on the output */
      
      This ensures that you're testing the behavior the user would see in the browser. Learn more at https://react.dev/link/wrap-tests-with-act

      250 |         }
      251 |       } finally {
    > 252 |         if (mountedRef.current) setLoading(false);
          |                                 ^
      253 |       }
      254 |     };
      255 |

      at node_modules/react-dom/cjs/react-dom-client.development.js:16023:19
      at runWithFiberInDEV (node_modules/react-dom/cjs/react-dom-client.development.js:1522:13)
      at warnIfUpdatesNotWrappedWithActDEV (node_modules/react-dom/cjs/react-dom-client.development.js:16022:9)
      at scheduleUpdateOnFiber (node_modules/react-dom/cjs/react-dom-client.development.js:14396:11)
      at dispatchSetStateInternal (node_modules/react-dom/cjs/react-dom-client.development.js:6969:13)
      at dispatchSetState (node_modules/react-dom/cjs/react-dom-client.development.js:6927:7)
      at setLoading (src/contexts/AuthContext.tsx:252:33)

PASS src/app/sales/components/__tests__/SalesTable.test.tsx
PASS src/app/calendar/components/__tests__/TaskModal.test.tsx
PASS src/app/invoices/[id]/__tests__/page.test.tsx
PASS src/app/clients/analytics/components/__tests__/PurchaseHistory.test.tsx
PASS src/app/calendar/hooks/__tests__/useCalendarFilters.test.tsx
PASS src/app/sales/components/__tests__/SalesSummary.test.tsx
PASS src/hooks/__tests__/useMaintenanceTasks.test.ts
PASS src/components/common/__tests__/AdvancedSearch.test.tsx
PASS src/app/clients/components/__tests__/FollowUpButton.test.tsx
PASS src/app/dashboard/components/__tests__/DashboardKPIs.test.tsx
PASS src/components/common/__tests__/Modal.test.tsx
PASS src/app/calendar/components/__tests__/TaskList.test.tsx
PASS src/components/common/__tests__/FormWrapper.test.tsx
PASS src/app/calendar/components/__tests__/TaskActionMenu.test.tsx
PASS src/app/sales/components/__tests__/SalesFilters.test.tsx
PASS src/components/common/__tests__/SuccessToast.test.tsx
PASS src/app/api/instruments/[id]/__tests__/route.test.ts
  ● Console

    console.error
      API handler error Error: Instrument not found
          at Object.<anonymous> (/Users/soyeonhong/HC-Violins-and-Bows/src/app/api/instruments/[id]/__tests__/route.test.ts:64:16)
          at /Users/soyeonhong/HC-Violins-and-Bows/node_modules/jest-mock/build/index.js:305:39
          at Object.<anonymous> (/Users/soyeonhong/HC-Violins-and-Bows/node_modules/jest-mock/build/index.js:312:13)
          at Object.mockConstructor [as handleSupabaseError] (/Users/soyeonhong/HC-Violins-and-Bows/node_modules/jest-mock/build/index.js:102:19)
          at handleSupabaseError (/Users/soyeonhong/HC-Violins-and-Bows/src/app/api/instruments/[id]/route.ts:83:30)
          at processTicksAndRejections (node:internal/process/task_queues:95:5)
          at apiHandler (/Users/soyeonhong/HC-Violins-and-Bows/src/app/api/_utils/apiHandler.ts:174:20)
          at /Users/soyeonhong/HC-Violins-and-Bows/src/app/api/_utils/withSentryRoute.ts:15:14
          at Object.<anonymous> (/Users/soyeonhong/HC-Violins-and-Bows/src/app/api/instruments/[id]/__tests__/route.test.ts:187:22)

      206 |
      207 |     if (process.env.NODE_ENV === 'test') {
    > 208 |       console.error('API handler error', error);
          |               ^
      209 |     }
      210 |
      211 |     // ✅ supabase가 아닌 에러까지 supabase로 뭉개지지 않도록 정규화

      at error (src/app/api/_utils/apiHandler.ts:208:15)
      at src/app/api/_utils/withSentryRoute.ts:15:14
      at Object.<anonymous> (src/app/api/instruments/[id]/__tests__/route.test.ts:187:22)

PASS src/utils/__tests__/validationUtils.test.ts
PASS src/app/connections/hooks/__tests__/useConnectionEdit.test.tsx
PASS src/components/messages/__tests__/MessageComposer.test.tsx
  ● Console

    console.error
      Error: Not implemented: navigation (except hash changes)
          at Reflect.set (<anonymous>)
          at Object.<anonymous> (src/components/messages/__tests__/MessageComposer.test.tsx:24:25) {
        type: 'not implemented'
      }

      22 | // Mock window.location.href
      23 | delete (window as any).location;
    > 24 | (window as any).location = { href: '' };
         |                         ^
      25 |
      26 | const mockClient: Client = {
      27 |   id: 'client-1',

      at VirtualConsole.<anonymous> (node_modules/@jest/environment-jsdom-abstract/build/index.js:87:23)
      at module.exports (node_modules/jsdom/lib/jsdom/browser/not-implemented.js:12:26)
      at navigateFetch (node_modules/jsdom/lib/jsdom/living/window/navigation.js:77:3)
      at exports.navigate (node_modules/jsdom/lib/jsdom/living/window/navigation.js:55:3)
      at LocationImpl._locationObjectNavigate (node_modules/jsdom/lib/jsdom/living/window/Location-impl.js:30:5)
      at LocationImpl._locationObjectSetterNavigate (node_modules/jsdom/lib/jsdom/living/window/Location-impl.js:24:17)
      at LocationImpl.set href [as href] (node_modules/jsdom/lib/jsdom/living/window/Location-impl.js:46:10)
      at Location.set href [as href] (node_modules/jsdom/lib/jsdom/living/generated/Location.js:125:37)
          at Reflect.set (<anonymous>)
      at Window.set location [as location] (node_modules/jsdom/lib/jsdom/browser/Window.js:424:15)
      at Object.<anonymous> (src/components/messages/__tests__/MessageComposer.test.tsx:24:25)

PASS src/components/certificates/__tests__/CertificateDocument.test.tsx
PASS src/app/clients/components/__tests__/ClientTagSelector.test.tsx
PASS src/components/__tests__/ErrorBoundary.test.tsx
PASS src/app/dashboard/components/__tests__/InstrumentModal.test.tsx
  ● Console

    console.error
      An update to InstrumentModal inside a test was not wrapped in act(...).
      
      When testing, code that causes React state updates should be wrapped into act(...):
      
      act(() => {
        /* fire events that update state */
      });
      /* assert on the output */
      
      This ensures that you're testing the behavior the user would see in the browser. Learn more at https://react.dev/link/wrap-tests-with-act

      87 |               a.display_order - b.display_order
      88 |           );
    > 89 |           setImages(sortedImages);
         |           ^
      90 |           setSelectedImageIndex(0);
      91 |           setImageState(sortedImages.length > 0 ? 'success' : 'empty');
      92 |         }

      at node_modules/react-dom/cjs/react-dom-client.development.js:16023:19
      at runWithFiberInDEV (node_modules/react-dom/cjs/react-dom-client.development.js:1522:13)
      at warnIfUpdatesNotWrappedWithActDEV (node_modules/react-dom/cjs/react-dom-client.development.js:16022:9)
      at scheduleUpdateOnFiber (node_modules/react-dom/cjs/react-dom-client.development.js:14396:11)
      at dispatchSetStateInternal (node_modules/react-dom/cjs/react-dom-client.development.js:6969:13)
      at dispatchSetState (node_modules/react-dom/cjs/react-dom-client.development.js:6927:7)
      at setImages (src/app/dashboard/components/InstrumentModal.tsx:89:11)

    console.error
      An update to InstrumentModal inside a test was not wrapped in act(...).
      
      When testing, code that causes React state updates should be wrapped into act(...):
      
      act(() => {
        /* fire events that update state */
      });
      /* assert on the output */
      
      This ensures that you're testing the behavior the user would see in the browser. Learn more at https://react.dev/link/wrap-tests-with-act

      88 |           );
      89 |           setImages(sortedImages);
    > 90 |           setSelectedImageIndex(0);
         |           ^
      91 |           setImageState(sortedImages.length > 0 ? 'success' : 'empty');
      92 |         }
      93 |       } catch (error) {

      at node_modules/react-dom/cjs/react-dom-client.development.js:16023:19
      at runWithFiberInDEV (node_modules/react-dom/cjs/react-dom-client.development.js:1522:13)
      at warnIfUpdatesNotWrappedWithActDEV (node_modules/react-dom/cjs/react-dom-client.development.js:16022:9)
      at scheduleUpdateOnFiber (node_modules/react-dom/cjs/react-dom-client.development.js:14396:11)
      at dispatchSetStateInternal (node_modules/react-dom/cjs/react-dom-client.development.js:6969:13)
      at dispatchSetState (node_modules/react-dom/cjs/react-dom-client.development.js:6927:7)
      at setSelectedImageIndex (src/app/dashboard/components/InstrumentModal.tsx:90:11)

    console.error
      An update to InstrumentModal inside a test was not wrapped in act(...).
      
      When testing, code that causes React state updates should be wrapped into act(...):
      
      act(() => {
        /* fire events that update state */
      });
      /* assert on the output */
      
      This ensures that you're testing the behavior the user would see in the browser. Learn more at https://react.dev/link/wrap-tests-with-act

      89 |           setImages(sortedImages);
      90 |           setSelectedImageIndex(0);
    > 91 |           setImageState(sortedImages.length > 0 ? 'success' : 'empty');
         |           ^
      92 |         }
      93 |       } catch (error) {
      94 |         if (imageReqIdRef.current === reqId) {

      at node_modules/react-dom/cjs/react-dom-client.development.js:16023:19
      at runWithFiberInDEV (node_modules/react-dom/cjs/react-dom-client.development.js:1522:13)
      at warnIfUpdatesNotWrappedWithActDEV (node_modules/react-dom/cjs/react-dom-client.development.js:16022:9)
      at scheduleUpdateOnFiber (node_modules/react-dom/cjs/react-dom-client.development.js:14396:11)
      at dispatchSetStateInternal (node_modules/react-dom/cjs/react-dom-client.development.js:6969:13)
      at dispatchSetState (node_modules/react-dom/cjs/react-dom-client.development.js:6927:7)
      at setImageState (src/app/dashboard/components/InstrumentModal.tsx:91:11)

    console.error
      An update to InstrumentModal inside a test was not wrapped in act(...).
      
      When testing, code that causes React state updates should be wrapped into act(...):
      
      act(() => {
        /* fire events that update state */
      });
      /* assert on the output */
      
      This ensures that you're testing the behavior the user would see in the browser. Learn more at https://react.dev/link/wrap-tests-with-act

      100 |       } finally {
      101 |         if (imageReqIdRef.current === reqId) {
    > 102 |           setLoadingImages(false);
          |           ^
      103 |         }
      104 |       }
      105 |     },

      at node_modules/react-dom/cjs/react-dom-client.development.js:16023:19
      at runWithFiberInDEV (node_modules/react-dom/cjs/react-dom-client.development.js:1522:13)
      at warnIfUpdatesNotWrappedWithActDEV (node_modules/react-dom/cjs/react-dom-client.development.js:16022:9)
      at scheduleUpdateOnFiber (node_modules/react-dom/cjs/react-dom-client.development.js:14396:11)
      at dispatchSetStateInternal (node_modules/react-dom/cjs/react-dom-client.development.js:6969:13)
      at dispatchSetState (node_modules/react-dom/cjs/react-dom-client.development.js:6927:7)
      at setLoadingImages (src/app/dashboard/components/InstrumentModal.tsx:102:11)

    console.error
      An update to InstrumentModal inside a test was not wrapped in act(...).
      
      When testing, code that causes React state updates should be wrapped into act(...):
      
      act(() => {
        /* fire events that update state */
      });
      /* assert on the output */
      
      This ensures that you're testing the behavior the user would see in the browser. Learn more at https://react.dev/link/wrap-tests-with-act

      125 |           const result = await response.json();
      126 |           const files = result.data || [];
    > 127 |           setCertificateFiles(files);
          |           ^
      128 |           setCertificateState(files.length > 0 ? 'success' : 'empty');
      129 |         }
      130 |       } catch (error) {

      at node_modules/react-dom/cjs/react-dom-client.development.js:16023:19
      at runWithFiberInDEV (node_modules/react-dom/cjs/react-dom-client.development.js:1522:13)
      at warnIfUpdatesNotWrappedWithActDEV (node_modules/react-dom/cjs/react-dom-client.development.js:16022:9)
      at scheduleUpdateOnFiber (node_modules/react-dom/cjs/react-dom-client.development.js:14396:11)
      at dispatchSetStateInternal (node_modules/react-dom/cjs/react-dom-client.development.js:6969:13)
      at dispatchSetState (node_modules/react-dom/cjs/react-dom-client.development.js:6927:7)
      at setCertificateFiles (src/app/dashboard/components/InstrumentModal.tsx:127:11)

    console.error
      An update to InstrumentModal inside a test was not wrapped in act(...).
      
      When testing, code that causes React state updates should be wrapped into act(...):
      
      act(() => {
        /* fire events that update state */
      });
      /* assert on the output */
      
      This ensures that you're testing the behavior the user would see in the browser. Learn more at https://react.dev/link/wrap-tests-with-act

      126 |           const files = result.data || [];
      127 |           setCertificateFiles(files);
    > 128 |           setCertificateState(files.length > 0 ? 'success' : 'empty');
          |           ^
      129 |         }
      130 |       } catch (error) {
      131 |         if (certificateReqIdRef.current === reqId) {

      at node_modules/react-dom/cjs/react-dom-client.development.js:16023:19
      at runWithFiberInDEV (node_modules/react-dom/cjs/react-dom-client.development.js:1522:13)
      at warnIfUpdatesNotWrappedWithActDEV (node_modules/react-dom/cjs/react-dom-client.development.js:16022:9)
      at scheduleUpdateOnFiber (node_modules/react-dom/cjs/react-dom-client.development.js:14396:11)
      at dispatchSetStateInternal (node_modules/react-dom/cjs/react-dom-client.development.js:6969:13)
      at dispatchSetState (node_modules/react-dom/cjs/react-dom-client.development.js:6927:7)
      at setCertificateState (src/app/dashboard/components/InstrumentModal.tsx:128:11)

    console.error
      An update to InstrumentModal inside a test was not wrapped in act(...).
      
      When testing, code that causes React state updates should be wrapped into act(...):
      
      act(() => {
        /* fire events that update state */
      });
      /* assert on the output */
      
      This ensures that you're testing the behavior the user would see in the browser. Learn more at https://react.dev/link/wrap-tests-with-act

      136 |       } finally {
      137 |         if (certificateReqIdRef.current === reqId) {
    > 138 |           setLoadingCertificates(false);
          |           ^
      139 |         }
      140 |       }
      141 |     },

      at node_modules/react-dom/cjs/react-dom-client.development.js:16023:19
      at runWithFiberInDEV (node_modules/react-dom/cjs/react-dom-client.development.js:1522:13)
      at warnIfUpdatesNotWrappedWithActDEV (node_modules/react-dom/cjs/react-dom-client.development.js:16022:9)
      at scheduleUpdateOnFiber (node_modules/react-dom/cjs/react-dom-client.development.js:14396:11)
      at dispatchSetStateInternal (node_modules/react-dom/cjs/react-dom-client.development.js:6969:13)
      at dispatchSetState (node_modules/react-dom/cjs/react-dom-client.development.js:6927:7)
      at setLoadingCertificates (src/app/dashboard/components/InstrumentModal.tsx:138:11)

PASS src/app/invoices/components/__tests__/InvoiceList.test.tsx
PASS src/components/common/feedback/__tests__/NotificationPermissionButton.test.tsx
  ● Console

    console.error
      An update to NotificationPermissionButton inside a test was not wrapped in act(...).
      
      When testing, code that causes React state updates should be wrapped into act(...):
      
      act(() => {
        /* fire events that update state */
      });
      /* assert on the output */
      
      This ensures that you're testing the behavior the user would see in the browser. Learn more at https://react.dev/link/wrap-tests-with-act

      56 |     const update = () => {
      57 |       const current = getNotificationPermission();
    > 58 |       setPermission(current);
         |       ^
      59 |       onPermissionChange?.(current);
      60 |     };
      61 |

      at node_modules/react-dom/cjs/react-dom-client.development.js:16023:19
      at runWithFiberInDEV (node_modules/react-dom/cjs/react-dom-client.development.js:1522:13)
      at warnIfUpdatesNotWrappedWithActDEV (node_modules/react-dom/cjs/react-dom-client.development.js:16022:9)
      at scheduleUpdateOnFiber (node_modules/react-dom/cjs/react-dom-client.development.js:14396:11)
      at dispatchSetStateInternal (node_modules/react-dom/cjs/react-dom-client.development.js:6969:13)
      at dispatchSetState (node_modules/react-dom/cjs/react-dom-client.development.js:6927:7)
      at setPermission (src/components/common/feedback/NotificationPermissionButton.tsx:58:7)
      at callTheUserObjectsOperation (node_modules/jsdom/lib/jsdom/living/generated/EventListener.js:26:30)
      at innerInvokeEventListeners (node_modules/jsdom/lib/jsdom/living/events/EventTarget-impl.js:350:25)
      at invokeEventListeners (node_modules/jsdom/lib/jsdom/living/events/EventTarget-impl.js:286:3)
      at EventTargetImpl._dispatch (node_modules/jsdom/lib/jsdom/living/events/EventTarget-impl.js:233:9)
      at EventTargetImpl.dispatchEvent (node_modules/jsdom/lib/jsdom/living/events/EventTarget-impl.js:104:17)
      at dispatchEvent (node_modules/jsdom/lib/jsdom/living/generated/EventTarget.js:241:34)
      at Object.dispatchEvent (src/components/common/feedback/__tests__/NotificationPermissionButton.test.tsx:306:14)

    console.error
      An update to NotificationPermissionButton inside a test was not wrapped in act(...).
      
      When testing, code that causes React state updates should be wrapped into act(...):
      
      act(() => {
        /* fire events that update state */
      });
      /* assert on the output */
      
      This ensures that you're testing the behavior the user would see in the browser. Learn more at https://react.dev/link/wrap-tests-with-act

      56 |     const update = () => {
      57 |       const current = getNotificationPermission();
    > 58 |       setPermission(current);
         |       ^
      59 |       onPermissionChange?.(current);
      60 |     };
      61 |

      at node_modules/react-dom/cjs/react-dom-client.development.js:16023:19
      at runWithFiberInDEV (node_modules/react-dom/cjs/react-dom-client.development.js:1522:13)
      at warnIfUpdatesNotWrappedWithActDEV (node_modules/react-dom/cjs/react-dom-client.development.js:16022:9)
      at scheduleUpdateOnFiber (node_modules/react-dom/cjs/react-dom-client.development.js:14396:11)
      at dispatchSetStateInternal (node_modules/react-dom/cjs/react-dom-client.development.js:6969:13)
      at dispatchSetState (node_modules/react-dom/cjs/react-dom-client.development.js:6927:7)
      at setPermission (src/components/common/feedback/NotificationPermissionButton.tsx:58:7)
      at Document.update (src/components/common/feedback/NotificationPermissionButton.tsx:67:51)
      at Document.callTheUserObjectsOperation (node_modules/jsdom/lib/jsdom/living/generated/EventListener.js:26:30)
      at innerInvokeEventListeners (node_modules/jsdom/lib/jsdom/living/events/EventTarget-impl.js:350:25)
      at invokeEventListeners (node_modules/jsdom/lib/jsdom/living/events/EventTarget-impl.js:286:3)
      at DocumentImpl._dispatch (node_modules/jsdom/lib/jsdom/living/events/EventTarget-impl.js:233:9)
      at DocumentImpl.dispatchEvent (node_modules/jsdom/lib/jsdom/living/events/EventTarget-impl.js:104:17)
      at Document.dispatchEvent (node_modules/jsdom/lib/jsdom/living/generated/EventTarget.js:241:34)
      at Object.dispatchEvent (src/components/common/feedback/__tests__/NotificationPermissionButton.test.tsx:327:16)

PASS src/app/api/sales/__tests__/route.test.ts
  ● Console

    console.error
      API handler error Error: App error
          at Object.<anonymous> (/Users/soyeonhong/HC-Violins-and-Bows/src/app/api/sales/__tests__/route.test.ts:386:28)
          at Promise.finally.completed (/Users/soyeonhong/HC-Violins-and-Bows/node_modules/jest-circus/build/jestAdapterInit.js:1557:28)
          at new Promise (<anonymous>)
          at callAsyncCircusFn (/Users/soyeonhong/HC-Violins-and-Bows/node_modules/jest-circus/build/jestAdapterInit.js:1497:10)
          at _callCircusTest (/Users/soyeonhong/HC-Violins-and-Bows/node_modules/jest-circus/build/jestAdapterInit.js:1007:40)
          at processTicksAndRejections (node:internal/process/task_queues:95:5)
          at _runTest (/Users/soyeonhong/HC-Violins-and-Bows/node_modules/jest-circus/build/jestAdapterInit.js:947:3)
          at /Users/soyeonhong/HC-Violins-and-Bows/node_modules/jest-circus/build/jestAdapterInit.js:849:7
          at _runTestsForDescribeBlock (/Users/soyeonhong/HC-Violins-and-Bows/node_modules/jest-circus/build/jestAdapterInit.js:862:11)
          at _runTestsForDescribeBlock (/Users/soyeonhong/HC-Violins-and-Bows/node_modules/jest-circus/build/jestAdapterInit.js:857:11)
          at _runTestsForDescribeBlock (/Users/soyeonhong/HC-Violins-and-Bows/node_modules/jest-circus/build/jestAdapterInit.js:857:11)
          at run (/Users/soyeonhong/HC-Violins-and-Bows/node_modules/jest-circus/build/jestAdapterInit.js:761:3)
          at runAndTransformResultsToJestFormat (/Users/soyeonhong/HC-Violins-and-Bows/node_modules/jest-circus/build/jestAdapterInit.js:1918:21)
          at jestAdapter (/Users/soyeonhong/HC-Violins-and-Bows/node_modules/jest-circus/build/runner.js:101:19)
          at runTestInternal (/Users/soyeonhong/HC-Violins-and-Bows/node_modules/jest-runner/build/testWorker.js:275:16)
          at runTest (/Users/soyeonhong/HC-Violins-and-Bows/node_modules/jest-runner/build/testWorker.js:343:7)
          at Object.worker (/Users/soyeonhong/HC-Violins-and-Bows/node_modules/jest-runner/build/testWorker.js:497:12)

      206 |
      207 |     if (process.env.NODE_ENV === 'test') {
    > 208 |       console.error('API handler error', error);
          |               ^
      209 |     }
      210 |
      211 |     // ✅ supabase가 아닌 에러까지 supabase로 뭉개지지 않도록 정규화

      at error (src/app/api/_utils/apiHandler.ts:208:15)
      at src/app/api/_utils/withSentryRoute.ts:15:14
      at Object.<anonymous> (src/app/api/sales/__tests__/route.test.ts:411:24)

    console.error
      API handler error Error: Unexpected error
          at Object.<anonymous> (/Users/soyeonhong/HC-Violins-and-Bows/src/app/api/sales/__tests__/route.test.ts:760:17)
          at /Users/soyeonhong/HC-Violins-and-Bows/node_modules/jest-mock/build/index.js:305:39
          at Object.<anonymous> (/Users/soyeonhong/HC-Violins-and-Bows/node_modules/jest-mock/build/index.js:312:13)
          at Object.mockConstructor [as from] (/Users/soyeonhong/HC-Violins-and-Bows/node_modules/jest-mock/build/index.js:102:19)
          at from (/Users/soyeonhong/HC-Violins-and-Bows/src/app/api/sales/route.ts:283:10)
          at fn (/Users/soyeonhong/HC-Violins-and-Bows/src/app/api/_utils/apiHandler.ts:174:26)
          at getHandler (/Users/soyeonhong/HC-Violins-and-Bows/src/app/api/sales/route.ts:210:20)
          at handler (/Users/soyeonhong/HC-Violins-and-Bows/src/app/api/sales/__tests__/route.test.ts:18:7)
          at handler (/Users/soyeonhong/HC-Violins-and-Bows/src/app/api/_utils/withSentryRoute.ts:15:20)
          at Object.<anonymous> (/Users/soyeonhong/HC-Violins-and-Bows/src/app/api/sales/__tests__/route.test.ts:766:33)
          at Promise.finally.completed (/Users/soyeonhong/HC-Violins-and-Bows/node_modules/jest-circus/build/jestAdapterInit.js:1557:28)
          at new Promise (<anonymous>)
          at callAsyncCircusFn (/Users/soyeonhong/HC-Violins-and-Bows/node_modules/jest-circus/build/jestAdapterInit.js:1497:10)
          at _callCircusTest (/Users/soyeonhong/HC-Violins-and-Bows/node_modules/jest-circus/build/jestAdapterInit.js:1007:40)
          at processTicksAndRejections (node:internal/process/task_queues:95:5)
          at _runTest (/Users/soyeonhong/HC-Violins-and-Bows/node_modules/jest-circus/build/jestAdapterInit.js:947:3)
          at /Users/soyeonhong/HC-Violins-and-Bows/node_modules/jest-circus/build/jestAdapterInit.js:849:7
          at _runTestsForDescribeBlock (/Users/soyeonhong/HC-Violins-and-Bows/node_modules/jest-circus/build/jestAdapterInit.js:862:11)
          at _runTestsForDescribeBlock (/Users/soyeonhong/HC-Violins-and-Bows/node_modules/jest-circus/build/jestAdapterInit.js:857:11)
          at _runTestsForDescribeBlock (/Users/soyeonhong/HC-Violins-and-Bows/node_modules/jest-circus/build/jestAdapterInit.js:857:11)
          at run (/Users/soyeonhong/HC-Violins-and-Bows/node_modules/jest-circus/build/jestAdapterInit.js:761:3)
          at runAndTransformResultsToJestFormat (/Users/soyeonhong/HC-Violins-and-Bows/node_modules/jest-circus/build/jestAdapterInit.js:1918:21)
          at jestAdapter (/Users/soyeonhong/HC-Violins-and-Bows/node_modules/jest-circus/build/runner.js:101:19)
          at runTestInternal (/Users/soyeonhong/HC-Violins-and-Bows/node_modules/jest-runner/build/testWorker.js:275:16)
          at runTest (/Users/soyeonhong/HC-Violins-and-Bows/node_modules/jest-runner/build/testWorker.js:343:7)
          at Object.worker (/Users/soyeonhong/HC-Violins-and-Bows/node_modules/jest-runner/build/testWorker.js:497:12)

      206 |
      207 |     if (process.env.NODE_ENV === 'test') {
    > 208 |       console.error('API handler error', error);
          |               ^
      209 |     }
      210 |
      211 |     // ✅ supabase가 아닌 에러까지 supabase로 뭉개지지 않도록 정규화

      at error (src/app/api/_utils/apiHandler.ts:208:15)

    console.error
      API handler error Error: App error
          at Object.<anonymous> (/Users/soyeonhong/HC-Violins-and-Bows/src/app/api/sales/__tests__/route.test.ts:1016:28)
          at Promise.finally.completed (/Users/soyeonhong/HC-Violins-and-Bows/node_modules/jest-circus/build/jestAdapterInit.js:1557:28)
          at new Promise (<anonymous>)
          at callAsyncCircusFn (/Users/soyeonhong/HC-Violins-and-Bows/node_modules/jest-circus/build/jestAdapterInit.js:1497:10)
          at _callCircusTest (/Users/soyeonhong/HC-Violins-and-Bows/node_modules/jest-circus/build/jestAdapterInit.js:1007:40)
          at processTicksAndRejections (node:internal/process/task_queues:95:5)
          at _runTest (/Users/soyeonhong/HC-Violins-and-Bows/node_modules/jest-circus/build/jestAdapterInit.js:947:3)
          at /Users/soyeonhong/HC-Violins-and-Bows/node_modules/jest-circus/build/jestAdapterInit.js:849:7
          at _runTestsForDescribeBlock (/Users/soyeonhong/HC-Violins-and-Bows/node_modules/jest-circus/build/jestAdapterInit.js:862:11)
          at _runTestsForDescribeBlock (/Users/soyeonhong/HC-Violins-and-Bows/node_modules/jest-circus/build/jestAdapterInit.js:857:11)
          at _runTestsForDescribeBlock (/Users/soyeonhong/HC-Violins-and-Bows/node_modules/jest-circus/build/jestAdapterInit.js:857:11)
          at run (/Users/soyeonhong/HC-Violins-and-Bows/node_modules/jest-circus/build/jestAdapterInit.js:761:3)
          at runAndTransformResultsToJestFormat (/Users/soyeonhong/HC-Violins-and-Bows/node_modules/jest-circus/build/jestAdapterInit.js:1918:21)
          at jestAdapter (/Users/soyeonhong/HC-Violins-and-Bows/node_modules/jest-circus/build/runner.js:101:19)
          at runTestInternal (/Users/soyeonhong/HC-Violins-and-Bows/node_modules/jest-runner/build/testWorker.js:275:16)
          at runTest (/Users/soyeonhong/HC-Violins-and-Bows/node_modules/jest-runner/build/testWorker.js:343:7)
          at Object.worker (/Users/soyeonhong/HC-Violins-and-Bows/node_modules/jest-runner/build/testWorker.js:497:12)

      206 |
      207 |     if (process.env.NODE_ENV === 'test') {
    > 208 |       console.error('API handler error', error);
          |               ^
      209 |     }
      210 |
      211 |     // ✅ supabase가 아닌 에러까지 supabase로 뭉개지지 않도록 정규화

      at error (src/app/api/_utils/apiHandler.ts:208:15)
      at src/app/api/_utils/withSentryRoute.ts:15:14
      at Object.<anonymous> (src/app/api/sales/__tests__/route.test.ts:1036:24)

    console.error
      API handler error Error: App error
          at Object.<anonymous> (/Users/soyeonhong/HC-Violins-and-Bows/src/app/api/sales/__tests__/route.test.ts:1217:28)
          at Promise.finally.completed (/Users/soyeonhong/HC-Violins-and-Bows/node_modules/jest-circus/build/jestAdapterInit.js:1557:28)
          at new Promise (<anonymous>)
          at callAsyncCircusFn (/Users/soyeonhong/HC-Violins-and-Bows/node_modules/jest-circus/build/jestAdapterInit.js:1497:10)
          at _callCircusTest (/Users/soyeonhong/HC-Violins-and-Bows/node_modules/jest-circus/build/jestAdapterInit.js:1007:40)
          at processTicksAndRejections (node:internal/process/task_queues:95:5)
          at _runTest (/Users/soyeonhong/HC-Violins-and-Bows/node_modules/jest-circus/build/jestAdapterInit.js:947:3)
          at /Users/soyeonhong/HC-Violins-and-Bows/node_modules/jest-circus/build/jestAdapterInit.js:849:7
          at _runTestsForDescribeBlock (/Users/soyeonhong/HC-Violins-and-Bows/node_modules/jest-circus/build/jestAdapterInit.js:862:11)
          at _runTestsForDescribeBlock (/Users/soyeonhong/HC-Violins-and-Bows/node_modules/jest-circus/build/jestAdapterInit.js:857:11)
          at _runTestsForDescribeBlock (/Users/soyeonhong/HC-Violins-and-Bows/node_modules/jest-circus/build/jestAdapterInit.js:857:11)
          at run (/Users/soyeonhong/HC-Violins-and-Bows/node_modules/jest-circus/build/jestAdapterInit.js:761:3)
          at runAndTransformResultsToJestFormat (/Users/soyeonhong/HC-Violins-and-Bows/node_modules/jest-circus/build/jestAdapterInit.js:1918:21)
          at jestAdapter (/Users/soyeonhong/HC-Violins-and-Bows/node_modules/jest-circus/build/runner.js:101:19)
          at runTestInternal (/Users/soyeonhong/HC-Violins-and-Bows/node_modules/jest-runner/build/testWorker.js:275:16)
          at runTest (/Users/soyeonhong/HC-Violins-and-Bows/node_modules/jest-runner/build/testWorker.js:343:7)
          at Object.worker (/Users/soyeonhong/HC-Violins-and-Bows/node_modules/jest-runner/build/testWorker.js:497:12)

      206 |
      207 |     if (process.env.NODE_ENV === 'test') {
    > 208 |       console.error('API handler error', error);
          |               ^
      209 |     }
      210 |
      211 |     // ✅ supabase가 아닌 에러까지 supabase로 뭉개지지 않도록 정규화

      at error (src/app/api/_utils/apiHandler.ts:208:15)
      at src/app/api/_utils/withSentryRoute.ts:15:14
      at Object.<anonymous> (src/app/api/sales/__tests__/route.test.ts:1246:24)

    console.error
      API handler error Error: App error
          at Object.<anonymous> (/Users/soyeonhong/HC-Violins-and-Bows/src/app/api/sales/__tests__/route.test.ts:1565:28)
          at Promise.finally.completed (/Users/soyeonhong/HC-Violins-and-Bows/node_modules/jest-circus/build/jestAdapterInit.js:1557:28)
          at new Promise (<anonymous>)
          at callAsyncCircusFn (/Users/soyeonhong/HC-Violins-and-Bows/node_modules/jest-circus/build/jestAdapterInit.js:1497:10)
          at _callCircusTest (/Users/soyeonhong/HC-Violins-and-Bows/node_modules/jest-circus/build/jestAdapterInit.js:1007:40)
          at processTicksAndRejections (node:internal/process/task_queues:95:5)
          at _runTest (/Users/soyeonhong/HC-Violins-and-Bows/node_modules/jest-circus/build/jestAdapterInit.js:947:3)
          at /Users/soyeonhong/HC-Violins-and-Bows/node_modules/jest-circus/build/jestAdapterInit.js:849:7
          at _runTestsForDescribeBlock (/Users/soyeonhong/HC-Violins-and-Bows/node_modules/jest-circus/build/jestAdapterInit.js:862:11)
          at _runTestsForDescribeBlock (/Users/soyeonhong/HC-Violins-and-Bows/node_modules/jest-circus/build/jestAdapterInit.js:857:11)
          at _runTestsForDescribeBlock (/Users/soyeonhong/HC-Violins-and-Bows/node_modules/jest-circus/build/jestAdapterInit.js:857:11)
          at run (/Users/soyeonhong/HC-Violins-and-Bows/node_modules/jest-circus/build/jestAdapterInit.js:761:3)
          at runAndTransformResultsToJestFormat (/Users/soyeonhong/HC-Violins-and-Bows/node_modules/jest-circus/build/jestAdapterInit.js:1918:21)
          at jestAdapter (/Users/soyeonhong/HC-Violins-and-Bows/node_modules/jest-circus/build/runner.js:101:19)
          at runTestInternal (/Users/soyeonhong/HC-Violins-and-Bows/node_modules/jest-runner/build/testWorker.js:275:16)
          at runTest (/Users/soyeonhong/HC-Violins-and-Bows/node_modules/jest-runner/build/testWorker.js:343:7)
          at Object.worker (/Users/soyeonhong/HC-Violins-and-Bows/node_modules/jest-runner/build/testWorker.js:497:12)

      206 |
      207 |     if (process.env.NODE_ENV === 'test') {
    > 208 |       console.error('API handler error', error);
          |               ^
      209 |     }
      210 |
      211 |     // ✅ supabase가 아닌 에러까지 supabase로 뭉개지지 않도록 정규화

      at error (src/app/api/_utils/apiHandler.ts:208:15)
      at src/app/api/_utils/withSentryRoute.ts:15:14
      at Object.<anonymous> (src/app/api/sales/__tests__/route.test.ts:1604:24)

PASS src/app/api/invoices/[id]/__tests__/route.test.tsx
  ● Console

    console.error
      API handler error { code: 'RECORD_NOT_FOUND', message: 'Not found', status: 404 }

      206 |
      207 |     if (process.env.NODE_ENV === 'test') {
    > 208 |       console.error('API handler error', error);
          |               ^
      209 |     }
      210 |
      211 |     // ✅ supabase가 아닌 에러까지 supabase로 뭉개지지 않도록 정규화

      at error (src/app/api/_utils/apiHandler.ts:208:15)
      at src/app/api/_utils/withSentryRoute.ts:15:14
      at Object.<anonymous> (src/app/api/invoices/[id]/__tests__/route.test.tsx:295:24)

PASS src/app/connections/hooks/__tests__/useConnectionFilters.test.tsx
PASS src/components/common/__tests__/InlineEditFields.test.tsx
PASS src/components/common/layout/__tests__/Pagination.test.tsx
PASS src/app/dashboard/components/__tests__/DashboardContent.test.tsx
PASS src/app/dashboard/hooks/__tests__/useDashboardForm.test.tsx
PASS src/app/calendar/components/__tests__/CalendarFilters.test.tsx
PASS src/app/clients/hooks/__tests__/useFilters.additional-counts.test.tsx
PASS src/app/calendar/hooks/__tests__/useCalendarTasks.test.tsx
PASS src/app/sales/components/__tests__/SalesAlerts.test.tsx
PASS src/components/__tests__/ErrorToast.test.tsx
PASS src/hooks/__tests__/useLoadingState.test.ts
PASS src/app/clients/analytics/components/__tests__/CustomerList.test.tsx
PASS src/components/layout/__tests__/AppSidebar.test.tsx
PASS src/app/api/certificates/[id]/__tests__/route.test.tsx
PASS src/app/sales/components/__tests__/SalesPagination.test.tsx
PASS src/components/common/__tests__/NotificationBadge.test.tsx
PASS src/app/clients/hooks/__tests__/useFilters.sort-and-counters.test.tsx
PASS src/components/common/__tests__/Sidebar.test.tsx
PASS src/hooks/__tests__/useDebounce.test.ts
  ● Console

    console.error
      An update to TestComponent inside a test was not wrapped in act(...).
      
      When testing, code that causes React state updates should be wrapped into act(...):
      
      act(() => {
        /* fire events that update state */
      });
      /* assert on the output */
      
      This ensures that you're testing the behavior the user would see in the browser. Learn more at https://react.dev/link/wrap-tests-with-act

      13 |
      14 |     const handler = setTimeout(() => {
    > 15 |       setDebouncedValue(value);
         |       ^
      16 |     }, delay);
      17 |
      18 |     return () => {

      at node_modules/react-dom/cjs/react-dom-client.development.js:16023:19
      at runWithFiberInDEV (node_modules/react-dom/cjs/react-dom-client.development.js:1522:13)
      at warnIfUpdatesNotWrappedWithActDEV (node_modules/react-dom/cjs/react-dom-client.development.js:16022:9)
      at scheduleUpdateOnFiber (node_modules/react-dom/cjs/react-dom-client.development.js:14396:11)
      at dispatchSetStateInternal (node_modules/react-dom/cjs/react-dom-client.development.js:6969:13)
      at dispatchSetState (node_modules/react-dom/cjs/react-dom-client.development.js:6927:7)
      at setDebouncedValue (src/hooks/useDebounce.ts:15:7)
      at callTimer (node_modules/@sinonjs/fake-timers/src/fake-timers-src.js:806:24)
      at doTickInner (node_modules/@sinonjs/fake-timers/src/fake-timers-src.js:1413:29)
      at doTick (node_modules/@sinonjs/fake-timers/src/fake-timers-src.js:1494:20)
      at Object.tick (node_modules/@sinonjs/fake-timers/src/fake-timers-src.js:1502:20)
      at FakeTimers.advanceTimersByTime (node_modules/@jest/fake-timers/build/index.js:576:19)
      at Object.advanceTimersByTime (src/hooks/__tests__/useDebounce.test.ts:35:10)

    console.error
      An update to TestComponent inside a test was not wrapped in act(...).
      
      When testing, code that causes React state updates should be wrapped into act(...):
      
      act(() => {
        /* fire events that update state */
      });
      /* assert on the output */
      
      This ensures that you're testing the behavior the user would see in the browser. Learn more at https://react.dev/link/wrap-tests-with-act

      13 |
      14 |     const handler = setTimeout(() => {
    > 15 |       setDebouncedValue(value);
         |       ^
      16 |     }, delay);
      17 |
      18 |     return () => {

      at node_modules/react-dom/cjs/react-dom-client.development.js:16023:19
      at runWithFiberInDEV (node_modules/react-dom/cjs/react-dom-client.development.js:1522:13)
      at warnIfUpdatesNotWrappedWithActDEV (node_modules/react-dom/cjs/react-dom-client.development.js:16022:9)
      at scheduleUpdateOnFiber (node_modules/react-dom/cjs/react-dom-client.development.js:14396:11)
      at dispatchSetStateInternal (node_modules/react-dom/cjs/react-dom-client.development.js:6969:13)
      at dispatchSetState (node_modules/react-dom/cjs/react-dom-client.development.js:6927:7)
      at setDebouncedValue (src/hooks/useDebounce.ts:15:7)
      at callTimer (node_modules/@sinonjs/fake-timers/src/fake-timers-src.js:806:24)
      at doTickInner (node_modules/@sinonjs/fake-timers/src/fake-timers-src.js:1413:29)
      at doTick (node_modules/@sinonjs/fake-timers/src/fake-timers-src.js:1494:20)
      at Object.tick (node_modules/@sinonjs/fake-timers/src/fake-timers-src.js:1502:20)
      at FakeTimers.advanceTimersByTime (node_modules/@jest/fake-timers/build/index.js:576:19)
      at Object.advanceTimersByTime (src/hooks/__tests__/useDebounce.test.ts:64:10)

    console.error
      An update to TestComponent inside a test was not wrapped in act(...).
      
      When testing, code that causes React state updates should be wrapped into act(...):
      
      act(() => {
        /* fire events that update state */
      });
      /* assert on the output */
      
      This ensures that you're testing the behavior the user would see in the browser. Learn more at https://react.dev/link/wrap-tests-with-act

      13 |
      14 |     const handler = setTimeout(() => {
    > 15 |       setDebouncedValue(value);
         |       ^
      16 |     }, delay);
      17 |
      18 |     return () => {

      at node_modules/react-dom/cjs/react-dom-client.development.js:16023:19
      at runWithFiberInDEV (node_modules/react-dom/cjs/react-dom-client.development.js:1522:13)
      at warnIfUpdatesNotWrappedWithActDEV (node_modules/react-dom/cjs/react-dom-client.development.js:16022:9)
      at scheduleUpdateOnFiber (node_modules/react-dom/cjs/react-dom-client.development.js:14396:11)
      at dispatchSetStateInternal (node_modules/react-dom/cjs/react-dom-client.development.js:6969:13)
      at dispatchSetState (node_modules/react-dom/cjs/react-dom-client.development.js:6927:7)
      at setDebouncedValue (src/hooks/useDebounce.ts:15:7)
      at callTimer (node_modules/@sinonjs/fake-timers/src/fake-timers-src.js:806:24)
      at doTickInner (node_modules/@sinonjs/fake-timers/src/fake-timers-src.js:1413:29)
      at doTick (node_modules/@sinonjs/fake-timers/src/fake-timers-src.js:1494:20)
      at Object.tick (node_modules/@sinonjs/fake-timers/src/fake-timers-src.js:1502:20)
      at FakeTimers.advanceTimersByTime (node_modules/@jest/fake-timers/build/index.js:576:19)
      at Object.advanceTimersByTime (src/hooks/__tests__/useDebounce.test.ts:84:10)

    console.error
      An update to TestComponent inside a test was not wrapped in act(...).
      
      When testing, code that causes React state updates should be wrapped into act(...):
      
      act(() => {
        /* fire events that update state */
      });
      /* assert on the output */
      
      This ensures that you're testing the behavior the user would see in the browser. Learn more at https://react.dev/link/wrap-tests-with-act

      13 |
      14 |     const handler = setTimeout(() => {
    > 15 |       setDebouncedValue(value);
         |       ^
      16 |     }, delay);
      17 |
      18 |     return () => {

      at node_modules/react-dom/cjs/react-dom-client.development.js:16023:19
      at runWithFiberInDEV (node_modules/react-dom/cjs/react-dom-client.development.js:1522:13)
      at warnIfUpdatesNotWrappedWithActDEV (node_modules/react-dom/cjs/react-dom-client.development.js:16022:9)
      at scheduleUpdateOnFiber (node_modules/react-dom/cjs/react-dom-client.development.js:14396:11)
      at dispatchSetStateInternal (node_modules/react-dom/cjs/react-dom-client.development.js:6969:13)
      at dispatchSetState (node_modules/react-dom/cjs/react-dom-client.development.js:6927:7)
      at setDebouncedValue (src/hooks/useDebounce.ts:15:7)
      at callTimer (node_modules/@sinonjs/fake-timers/src/fake-timers-src.js:806:24)
      at doTickInner (node_modules/@sinonjs/fake-timers/src/fake-timers-src.js:1413:29)
      at doTick (node_modules/@sinonjs/fake-timers/src/fake-timers-src.js:1494:20)
      at Object.tick (node_modules/@sinonjs/fake-timers/src/fake-timers-src.js:1502:20)
      at FakeTimers.advanceTimersByTime (node_modules/@jest/fake-timers/build/index.js:576:19)
      at Object.advanceTimersByTime (src/hooks/__tests__/useDebounce.test.ts:100:10)

PASS src/app/calendar/components/__tests__/CalendarHeader.test.tsx
PASS src/app/sales/components/__tests__/SalesInsights.test.tsx
PASS src/hooks/__tests__/useErrorHandler.test.tsx
PASS src/app/sales/components/__tests__/DataQualityWarning.test.tsx
PASS src/app/connections/components/__tests__/EmptyState.test.tsx
PASS src/app/connections/components/__tests__/FilterBar.test.tsx
PASS src/app/clients/components/__tests__/ClientsListContent.test.tsx
PASS src/components/common/__tests__/Skeleton.test.tsx
PASS src/app/dashboard/__tests__/page.test.tsx
  ● Console

    console.error
      An update to ForwardRef(LoadableComponent) inside a test was not wrapped in act(...).
      
      When testing, code that causes React state updates should be wrapped into act(...):
      
      act(() => {
        /* fire events that update state */
      });
      /* assert on the output */
      
      This ensures that you're testing the behavior the user would see in the browser. Learn more at https://react.dev/link/wrap-tests-with-act

      at node_modules/react-dom/cjs/react-dom-client.development.js:16023:19
      at runWithFiberInDEV (node_modules/react-dom/cjs/react-dom-client.development.js:1522:13)
      at warnIfUpdatesNotWrappedWithActDEV (node_modules/react-dom/cjs/react-dom-client.development.js:16022:9)
      at scheduleUpdateOnFiber (node_modules/react-dom/cjs/react-dom-client.development.js:14396:11)
      at forceStoreRerender (node_modules/react-dom/cjs/react-dom-client.development.js:6124:24)
      at node_modules/react-dom/cjs/react-dom-client.development.js:6109:41
      at callback (node_modules/next/src/shared/lib/loadable.shared-runtime.tsx:236:48)
          at Set.forEach (<anonymous>)
      at LoadableSubscription.forEach (node_modules/next/src/shared/lib/loadable.shared-runtime.tsx:236:21)
      at _update (node_modules/next/src/shared/lib/loadable.shared-runtime.tsx:218:14)

    console.error
      An update to SaleForm inside a test was not wrapped in act(...).
      
      When testing, code that causes React state updates should be wrapped into act(...):
      
      act(() => {
        /* fire events that update state */
      });
      /* assert on the output */
      
      This ensures that you're testing the behavior the user would see in the browser. Learn more at https://react.dev/link/wrap-tests-with-act

      133 |
      134 |   const resetForm = useCallback(() => {
    > 135 |     setFormData(getInitialFormData());
          |     ^
      136 |     setErrors([]);
      137 |   }, [getInitialFormData]);
      138 |

      at node_modules/react-dom/cjs/react-dom-client.development.js:16023:19
      at runWithFiberInDEV (node_modules/react-dom/cjs/react-dom-client.development.js:1522:13)
      at warnIfUpdatesNotWrappedWithActDEV (node_modules/react-dom/cjs/react-dom-client.development.js:16022:9)
      at scheduleUpdateOnFiber (node_modules/react-dom/cjs/react-dom-client.development.js:14396:11)
      at dispatchSetStateInternal (node_modules/react-dom/cjs/react-dom-client.development.js:6969:13)
      at dispatchSetState (node_modules/react-dom/cjs/react-dom-client.development.js:6927:7)
      at setFormData (src/app/sales/components/SaleForm.tsx:135:5)
      at resetForm (src/app/sales/components/SaleForm.tsx:142:7)
      at Object.react-stack-bottom-frame (node_modules/react-dom/cjs/react-dom-client.development.js:23949:20)
      at runWithFiberInDEV (node_modules/react-dom/cjs/react-dom-client.development.js:1522:13)
      at commitHookEffectListMount (node_modules/react-dom/cjs/react-dom-client.development.js:11905:29)
      at commitHookPassiveMountEffects (node_modules/react-dom/cjs/react-dom-client.development.js:12028:11)
      at commitPassiveMountOnFiber (node_modules/react-dom/cjs/react-dom-client.development.js:13841:13)
      at recursivelyTraversePassiveMountEffects (node_modules/react-dom/cjs/react-dom-client.development.js:13815:11)
      at commitPassiveMountOnFiber (node_modules/react-dom/cjs/react-dom-client.development.js:13834:11)
      at recursivelyTraversePassiveMountEffects (node_modules/react-dom/cjs/react-dom-client.development.js:13815:11)
      at commitPassiveMountOnFiber (node_modules/react-dom/cjs/react-dom-client.development.js:13957:11)
      at recursivelyTraversePassiveMountEffects (node_modules/react-dom/cjs/react-dom-client.development.js:13815:11)
      at commitPassiveMountOnFiber (node_modules/react-dom/cjs/react-dom-client.development.js:13957:11)
      at recursivelyTraversePassiveMountEffects (node_modules/react-dom/cjs/react-dom-client.development.js:13815:11)
      at commitPassiveMountOnFiber (node_modules/react-dom/cjs/react-dom-client.development.js:13834:11)
      at recursivelyTraversePassiveMountEffects (node_modules/react-dom/cjs/react-dom-client.development.js:13815:11)
      at commitPassiveMountOnFiber (node_modules/react-dom/cjs/react-dom-client.development.js:13957:11)
      at recursivelyTraversePassiveMountEffects (node_modules/react-dom/cjs/react-dom-client.development.js:13815:11)
      at commitPassiveMountOnFiber (node_modules/react-dom/cjs/react-dom-client.development.js:13834:11)
      at recursivelyTraversePassiveMountEffects (node_modules/react-dom/cjs/react-dom-client.development.js:13815:11)
      at commitPassiveMountOnFiber (node_modules/react-dom/cjs/react-dom-client.development.js:13834:11)
      at recursivelyTraversePassiveMountEffects (node_modules/react-dom/cjs/react-dom-client.development.js:13815:11)
      at commitPassiveMountOnFiber (node_modules/react-dom/cjs/react-dom-client.development.js:13957:11)
      at recursivelyTraversePassiveMountEffects (node_modules/react-dom/cjs/react-dom-client.development.js:13815:11)
      at commitPassiveMountOnFiber (node_modules/react-dom/cjs/react-dom-client.development.js:13834:11)
      at recursivelyTraversePassiveMountEffects (node_modules/react-dom/cjs/react-dom-client.development.js:13815:11)
      at commitPassiveMountOnFiber (node_modules/react-dom/cjs/react-dom-client.development.js:13957:11)
      at recursivelyTraversePassiveMountEffects (node_modules/react-dom/cjs/react-dom-client.development.js:13815:11)
      at commitPassiveMountOnFiber (node_modules/react-dom/cjs/react-dom-client.development.js:13834:11)
      at recursivelyTraversePassiveMountEffects (node_modules/react-dom/cjs/react-dom-client.development.js:13815:11)
      at commitPassiveMountOnFiber (node_modules/react-dom/cjs/react-dom-client.development.js:13957:11)
      at recursivelyTraversePassiveMountEffects (node_modules/react-dom/cjs/react-dom-client.development.js:13815:11)
      at commitPassiveMountOnFiber (node_modules/react-dom/cjs/react-dom-client.development.js:13834:11)
      at recursivelyTraversePassiveMountEffects (node_modules/react-dom/cjs/react-dom-client.development.js:13815:11)
      at commitPassiveMountOnFiber (node_modules/react-dom/cjs/react-dom-client.development.js:13957:11)
      at recursivelyTraversePassiveMountEffects (node_modules/react-dom/cjs/react-dom-client.development.js:13815:11)
      at commitPassiveMountOnFiber (node_modules/react-dom/cjs/react-dom-client.development.js:13834:11)
      at recursivelyTraversePassiveMountEffects (node_modules/react-dom/cjs/react-dom-client.development.js:13815:11)
      at commitPassiveMountOnFiber (node_modules/react-dom/cjs/react-dom-client.development.js:13957:11)
      at recursivelyTraversePassiveMountEffects (node_modules/react-dom/cjs/react-dom-client.development.js:13815:11)
      at commitPassiveMountOnFiber (node_modules/react-dom/cjs/react-dom-client.development.js:13834:11)
      at recursivelyTraversePassiveMountEffects (node_modules/react-dom/cjs/react-dom-client.development.js:13815:11)
      at commitPassiveMountOnFiber (node_modules/react-dom/cjs/react-dom-client.development.js:13957:11)
      at recursivelyTraversePassiveMountEffects (node_modules/react-dom/cjs/react-dom-client.development.js:13815:11)
      at commitPassiveMountOnFiber (node_modules/react-dom/cjs/react-dom-client.development.js:13834:11)
      at recursivelyTraversePassiveMountEffects (node_modules/react-dom/cjs/react-dom-client.development.js:13815:11)
      at commitPassiveMountOnFiber (node_modules/react-dom/cjs/react-dom-client.development.js:13834:11)
      at recursivelyTraversePassiveMountEffects (node_modules/react-dom/cjs/react-dom-client.development.js:13815:11)
      at commitPassiveMountOnFiber (node_modules/react-dom/cjs/react-dom-client.development.js:13834:11)
      at recursivelyTraversePassiveMountEffects (node_modules/react-dom/cjs/react-dom-client.development.js:13815:11)
      at commitPassiveMountOnFiber (node_modules/react-dom/cjs/react-dom-client.development.js:13853:11)
      at flushPassiveEffects (node_modules/react-dom/cjs/react-dom-client.development.js:15737:9)
      at flushPendingEffects (node_modules/react-dom/cjs/react-dom-client.development.js:15702:14)
      at flushSpawnedWork (node_modules/react-dom/cjs/react-dom-client.development.js:15668:44)
      at commitRoot (node_modules/react-dom/cjs/react-dom-client.development.js:15403:9)
      at commitRootWhenReady (node_modules/react-dom/cjs/react-dom-client.development.js:14652:7)
      at performWorkOnRoot (node_modules/react-dom/cjs/react-dom-client.development.js:14575:15)
      at performSyncWorkOnRoot (node_modules/react-dom/cjs/react-dom-client.development.js:16231:7)
      at flushSyncWorkAcrossRoots_impl (node_modules/react-dom/cjs/react-dom-client.development.js:16079:21)
      at processRootScheduleInMicrotask (node_modules/react-dom/cjs/react-dom-client.development.js:16116:7)
      at node_modules/react-dom/cjs/react-dom-client.development.js:16250:13
      at invokeTheCallbackFunction (node_modules/jsdom/lib/jsdom/living/generated/Function.js:19:26)
      at node_modules/jsdom/lib/jsdom/browser/Window.js:613:9

    console.error
      An update to SaleForm inside a test was not wrapped in act(...).
      
      When testing, code that causes React state updates should be wrapped into act(...):
      
      act(() => {
        /* fire events that update state */
      });
      /* assert on the output */
      
      This ensures that you're testing the behavior the user would see in the browser. Learn more at https://react.dev/link/wrap-tests-with-act

      134 |   const resetForm = useCallback(() => {
      135 |     setFormData(getInitialFormData());
    > 136 |     setErrors([]);
          |     ^
      137 |   }, [getInitialFormData]);
      138 |
      139 |   // FIXED: Simplified reset logic - reset when closing (removed unused prevOpenRef)

      at node_modules/react-dom/cjs/react-dom-client.development.js:16023:19
      at runWithFiberInDEV (node_modules/react-dom/cjs/react-dom-client.development.js:1522:13)
      at warnIfUpdatesNotWrappedWithActDEV (node_modules/react-dom/cjs/react-dom-client.development.js:16022:9)
      at scheduleUpdateOnFiber (node_modules/react-dom/cjs/react-dom-client.development.js:14396:11)
      at dispatchSetStateInternal (node_modules/react-dom/cjs/react-dom-client.development.js:6969:13)
      at dispatchSetState (node_modules/react-dom/cjs/react-dom-client.development.js:6927:7)
      at setErrors (src/app/sales/components/SaleForm.tsx:136:5)
      at resetForm (src/app/sales/components/SaleForm.tsx:142:7)
      at Object.react-stack-bottom-frame (node_modules/react-dom/cjs/react-dom-client.development.js:23949:20)
      at runWithFiberInDEV (node_modules/react-dom/cjs/react-dom-client.development.js:1522:13)
      at commitHookEffectListMount (node_modules/react-dom/cjs/react-dom-client.development.js:11905:29)
      at commitHookPassiveMountEffects (node_modules/react-dom/cjs/react-dom-client.development.js:12028:11)
      at commitPassiveMountOnFiber (node_modules/react-dom/cjs/react-dom-client.development.js:13841:13)
      at recursivelyTraversePassiveMountEffects (node_modules/react-dom/cjs/react-dom-client.development.js:13815:11)
      at commitPassiveMountOnFiber (node_modules/react-dom/cjs/react-dom-client.development.js:13834:11)
      at recursivelyTraversePassiveMountEffects (node_modules/react-dom/cjs/react-dom-client.development.js:13815:11)
      at commitPassiveMountOnFiber (node_modules/react-dom/cjs/react-dom-client.development.js:13957:11)
      at recursivelyTraversePassiveMountEffects (node_modules/react-dom/cjs/react-dom-client.development.js:13815:11)
      at commitPassiveMountOnFiber (node_modules/react-dom/cjs/react-dom-client.development.js:13957:11)
      at recursivelyTraversePassiveMountEffects (node_modules/react-dom/cjs/react-dom-client.development.js:13815:11)
      at commitPassiveMountOnFiber (node_modules/react-dom/cjs/react-dom-client.development.js:13834:11)
      at recursivelyTraversePassiveMountEffects (node_modules/react-dom/cjs/react-dom-client.development.js:13815:11)
      at commitPassiveMountOnFiber (node_modules/react-dom/cjs/react-dom-client.development.js:13957:11)
      at recursivelyTraversePassiveMountEffects (node_modules/react-dom/cjs/react-dom-client.development.js:13815:11)
      at commitPassiveMountOnFiber (node_modules/react-dom/cjs/react-dom-client.development.js:13834:11)
      at recursivelyTraversePassiveMountEffects (node_modules/react-dom/cjs/react-dom-client.development.js:13815:11)
      at commitPassiveMountOnFiber (node_modules/react-dom/cjs/react-dom-client.development.js:13834:11)
      at recursivelyTraversePassiveMountEffects (node_modules/react-dom/cjs/react-dom-client.development.js:13815:11)
      at commitPassiveMountOnFiber (node_modules/react-dom/cjs/react-dom-client.development.js:13957:11)
      at recursivelyTraversePassiveMountEffects (node_modules/react-dom/cjs/react-dom-client.development.js:13815:11)
      at commitPassiveMountOnFiber (node_modules/react-dom/cjs/react-dom-client.development.js:13834:11)
      at recursivelyTraversePassiveMountEffects (node_modules/react-dom/cjs/react-dom-client.development.js:13815:11)
      at commitPassiveMountOnFiber (node_modules/react-dom/cjs/react-dom-client.development.js:13957:11)
      at recursivelyTraversePassiveMountEffects (node_modules/react-dom/cjs/react-dom-client.development.js:13815:11)
      at commitPassiveMountOnFiber (node_modules/react-dom/cjs/react-dom-client.development.js:13834:11)
      at recursivelyTraversePassiveMountEffects (node_modules/react-dom/cjs/react-dom-client.development.js:13815:11)
      at commitPassiveMountOnFiber (node_modules/react-dom/cjs/react-dom-client.development.js:13957:11)
      at recursivelyTraversePassiveMountEffects (node_modules/react-dom/cjs/react-dom-client.development.js:13815:11)
      at commitPassiveMountOnFiber (node_modules/react-dom/cjs/react-dom-client.development.js:13834:11)
      at recursivelyTraversePassiveMountEffects (node_modules/react-dom/cjs/react-dom-client.development.js:13815:11)
      at commitPassiveMountOnFiber (node_modules/react-dom/cjs/react-dom-client.development.js:13957:11)
      at recursivelyTraversePassiveMountEffects (node_modules/react-dom/cjs/react-dom-client.development.js:13815:11)
      at commitPassiveMountOnFiber (node_modules/react-dom/cjs/react-dom-client.development.js:13834:11)
      at recursivelyTraversePassiveMountEffects (node_modules/react-dom/cjs/react-dom-client.development.js:13815:11)
      at commitPassiveMountOnFiber (node_modules/react-dom/cjs/react-dom-client.development.js:13957:11)
      at recursivelyTraversePassiveMountEffects (node_modules/react-dom/cjs/react-dom-client.development.js:13815:11)
      at commitPassiveMountOnFiber (node_modules/react-dom/cjs/react-dom-client.development.js:13834:11)
      at recursivelyTraversePassiveMountEffects (node_modules/react-dom/cjs/react-dom-client.development.js:13815:11)
      at commitPassiveMountOnFiber (node_modules/react-dom/cjs/react-dom-client.development.js:13957:11)
      at recursivelyTraversePassiveMountEffects (node_modules/react-dom/cjs/react-dom-client.development.js:13815:11)
      at commitPassiveMountOnFiber (node_modules/react-dom/cjs/react-dom-client.development.js:13834:11)
      at recursivelyTraversePassiveMountEffects (node_modules/react-dom/cjs/react-dom-client.development.js:13815:11)
      at commitPassiveMountOnFiber (node_modules/react-dom/cjs/react-dom-client.development.js:13834:11)
      at recursivelyTraversePassiveMountEffects (node_modules/react-dom/cjs/react-dom-client.development.js:13815:11)
      at commitPassiveMountOnFiber (node_modules/react-dom/cjs/react-dom-client.development.js:13834:11)
      at recursivelyTraversePassiveMountEffects (node_modules/react-dom/cjs/react-dom-client.development.js:13815:11)
      at commitPassiveMountOnFiber (node_modules/react-dom/cjs/react-dom-client.development.js:13853:11)
      at flushPassiveEffects (node_modules/react-dom/cjs/react-dom-client.development.js:15737:9)
      at flushPendingEffects (node_modules/react-dom/cjs/react-dom-client.development.js:15702:14)
      at flushSpawnedWork (node_modules/react-dom/cjs/react-dom-client.development.js:15668:44)
      at commitRoot (node_modules/react-dom/cjs/react-dom-client.development.js:15403:9)
      at commitRootWhenReady (node_modules/react-dom/cjs/react-dom-client.development.js:14652:7)
      at performWorkOnRoot (node_modules/react-dom/cjs/react-dom-client.development.js:14575:15)
      at performSyncWorkOnRoot (node_modules/react-dom/cjs/react-dom-client.development.js:16231:7)
      at flushSyncWorkAcrossRoots_impl (node_modules/react-dom/cjs/react-dom-client.development.js:16079:21)
      at processRootScheduleInMicrotask (node_modules/react-dom/cjs/react-dom-client.development.js:16116:7)
      at node_modules/react-dom/cjs/react-dom-client.development.js:16250:13
      at invokeTheCallbackFunction (node_modules/jsdom/lib/jsdom/living/generated/Function.js:19:26)
      at node_modules/jsdom/lib/jsdom/browser/Window.js:613:9

    console.error
      An update to SaleForm inside a test was not wrapped in act(...).
      
      When testing, code that causes React state updates should be wrapped into act(...):
      
      act(() => {
        /* fire events that update state */
      });
      /* assert on the output */
      
      This ensures that you're testing the behavior the user would see in the browser. Learn more at https://react.dev/link/wrap-tests-with-act

      141 |     if (!isOpen) {
      142 |       resetForm();
    > 143 |       setSuccess(false);
          |       ^
      144 |       setInstrumentStatusUpdateFailed(false);
      145 |     }
      146 |   }, [isOpen, resetForm]);

      at node_modules/react-dom/cjs/react-dom-client.development.js:16023:19
      at runWithFiberInDEV (node_modules/react-dom/cjs/react-dom-client.development.js:1522:13)
      at warnIfUpdatesNotWrappedWithActDEV (node_modules/react-dom/cjs/react-dom-client.development.js:16022:9)
      at scheduleUpdateOnFiber (node_modules/react-dom/cjs/react-dom-client.development.js:14396:11)
      at dispatchSetStateInternal (node_modules/react-dom/cjs/react-dom-client.development.js:6969:13)
      at dispatchSetState (node_modules/react-dom/cjs/react-dom-client.development.js:6927:7)
      at setSuccess (src/app/sales/components/SaleForm.tsx:143:7)
      at Object.react-stack-bottom-frame (node_modules/react-dom/cjs/react-dom-client.development.js:23949:20)
      at runWithFiberInDEV (node_modules/react-dom/cjs/react-dom-client.development.js:1522:13)
      at commitHookEffectListMount (node_modules/react-dom/cjs/react-dom-client.development.js:11905:29)
      at commitHookPassiveMountEffects (node_modules/react-dom/cjs/react-dom-client.development.js:12028:11)
      at commitPassiveMountOnFiber (node_modules/react-dom/cjs/react-dom-client.development.js:13841:13)
      at recursivelyTraversePassiveMountEffects (node_modules/react-dom/cjs/react-dom-client.development.js:13815:11)
      at commitPassiveMountOnFiber (node_modules/react-dom/cjs/react-dom-client.development.js:13834:11)
      at recursivelyTraversePassiveMountEffects (node_modules/react-dom/cjs/react-dom-client.development.js:13815:11)
      at commitPassiveMountOnFiber (node_modules/react-dom/cjs/react-dom-client.development.js:13957:11)
      at recursivelyTraversePassiveMountEffects (node_modules/react-dom/cjs/react-dom-client.development.js:13815:11)
      at commitPassiveMountOnFiber (node_modules/react-dom/cjs/react-dom-client.development.js:13957:11)
      at recursivelyTraversePassiveMountEffects (node_modules/react-dom/cjs/react-dom-client.development.js:13815:11)
      at commitPassiveMountOnFiber (node_modules/react-dom/cjs/react-dom-client.development.js:13834:11)
      at recursivelyTraversePassiveMountEffects (node_modules/react-dom/cjs/react-dom-client.development.js:13815:11)
      at commitPassiveMountOnFiber (node_modules/react-dom/cjs/react-dom-client.development.js:13957:11)
      at recursivelyTraversePassiveMountEffects (node_modules/react-dom/cjs/react-dom-client.development.js:13815:11)
      at commitPassiveMountOnFiber (node_modules/react-dom/cjs/react-dom-client.development.js:13834:11)
      at recursivelyTraversePassiveMountEffects (node_modules/react-dom/cjs/react-dom-client.development.js:13815:11)
      at commitPassiveMountOnFiber (node_modules/react-dom/cjs/react-dom-client.development.js:13834:11)
      at recursivelyTraversePassiveMountEffects (node_modules/react-dom/cjs/react-dom-client.development.js:13815:11)
      at commitPassiveMountOnFiber (node_modules/react-dom/cjs/react-dom-client.development.js:13957:11)
      at recursivelyTraversePassiveMountEffects (node_modules/react-dom/cjs/react-dom-client.development.js:13815:11)
      at commitPassiveMountOnFiber (node_modules/react-dom/cjs/react-dom-client.development.js:13834:11)
      at recursivelyTraversePassiveMountEffects (node_modules/react-dom/cjs/react-dom-client.development.js:13815:11)
      at commitPassiveMountOnFiber (node_modules/react-dom/cjs/react-dom-client.development.js:13957:11)
      at recursivelyTraversePassiveMountEffects (node_modules/react-dom/cjs/react-dom-client.development.js:13815:11)
      at commitPassiveMountOnFiber (node_modules/react-dom/cjs/react-dom-client.development.js:13834:11)
      at recursivelyTraversePassiveMountEffects (node_modules/react-dom/cjs/react-dom-client.development.js:13815:11)
      at commitPassiveMountOnFiber (node_modules/react-dom/cjs/react-dom-client.development.js:13957:11)
      at recursivelyTraversePassiveMountEffects (node_modules/react-dom/cjs/react-dom-client.development.js:13815:11)
      at commitPassiveMountOnFiber (node_modules/react-dom/cjs/react-dom-client.development.js:13834:11)
      at recursivelyTraversePassiveMountEffects (node_modules/react-dom/cjs/react-dom-client.development.js:13815:11)
      at commitPassiveMountOnFiber (node_modules/react-dom/cjs/react-dom-client.development.js:13957:11)
      at recursivelyTraversePassiveMountEffects (node_modules/react-dom/cjs/react-dom-client.development.js:13815:11)
      at commitPassiveMountOnFiber (node_modules/react-dom/cjs/react-dom-client.development.js:13834:11)
      at recursivelyTraversePassiveMountEffects (node_modules/react-dom/cjs/react-dom-client.development.js:13815:11)
      at commitPassiveMountOnFiber (node_modules/react-dom/cjs/react-dom-client.development.js:13957:11)
      at recursivelyTraversePassiveMountEffects (node_modules/react-dom/cjs/react-dom-client.development.js:13815:11)
      at commitPassiveMountOnFiber (node_modules/react-dom/cjs/react-dom-client.development.js:13834:11)
      at recursivelyTraversePassiveMountEffects (node_modules/react-dom/cjs/react-dom-client.development.js:13815:11)
      at commitPassiveMountOnFiber (node_modules/react-dom/cjs/react-dom-client.development.js:13957:11)
      at recursivelyTraversePassiveMountEffects (node_modules/react-dom/cjs/react-dom-client.development.js:13815:11)
      at commitPassiveMountOnFiber (node_modules/react-dom/cjs/react-dom-client.development.js:13834:11)
      at recursivelyTraversePassiveMountEffects (node_modules/react-dom/cjs/react-dom-client.development.js:13815:11)
      at commitPassiveMountOnFiber (node_modules/react-dom/cjs/react-dom-client.development.js:13834:11)
      at recursivelyTraversePassiveMountEffects (node_modules/react-dom/cjs/react-dom-client.development.js:13815:11)
      at commitPassiveMountOnFiber (node_modules/react-dom/cjs/react-dom-client.development.js:13834:11)
      at recursivelyTraversePassiveMountEffects (node_modules/react-dom/cjs/react-dom-client.development.js:13815:11)
      at commitPassiveMountOnFiber (node_modules/react-dom/cjs/react-dom-client.development.js:13853:11)
      at flushPassiveEffects (node_modules/react-dom/cjs/react-dom-client.development.js:15737:9)
      at flushPendingEffects (node_modules/react-dom/cjs/react-dom-client.development.js:15702:14)
      at flushSpawnedWork (node_modules/react-dom/cjs/react-dom-client.development.js:15668:44)
      at commitRoot (node_modules/react-dom/cjs/react-dom-client.development.js:15403:9)
      at commitRootWhenReady (node_modules/react-dom/cjs/react-dom-client.development.js:14652:7)
      at performWorkOnRoot (node_modules/react-dom/cjs/react-dom-client.development.js:14575:15)
      at performSyncWorkOnRoot (node_modules/react-dom/cjs/react-dom-client.development.js:16231:7)
      at flushSyncWorkAcrossRoots_impl (node_modules/react-dom/cjs/react-dom-client.development.js:16079:21)
      at processRootScheduleInMicrotask (node_modules/react-dom/cjs/react-dom-client.development.js:16116:7)
      at node_modules/react-dom/cjs/react-dom-client.development.js:16250:13
      at invokeTheCallbackFunction (node_modules/jsdom/lib/jsdom/living/generated/Function.js:19:26)
      at node_modules/jsdom/lib/jsdom/browser/Window.js:613:9

    console.error
      An update to SaleForm inside a test was not wrapped in act(...).
      
      When testing, code that causes React state updates should be wrapped into act(...):
      
      act(() => {
        /* fire events that update state */
      });
      /* assert on the output */
      
      This ensures that you're testing the behavior the user would see in the browser. Learn more at https://react.dev/link/wrap-tests-with-act

      142 |       resetForm();
      143 |       setSuccess(false);
    > 144 |       setInstrumentStatusUpdateFailed(false);
          |       ^
      145 |     }
      146 |   }, [isOpen, resetForm]);
      147 |

      at node_modules/react-dom/cjs/react-dom-client.development.js:16023:19
      at runWithFiberInDEV (node_modules/react-dom/cjs/react-dom-client.development.js:1522:13)
      at warnIfUpdatesNotWrappedWithActDEV (node_modules/react-dom/cjs/react-dom-client.development.js:16022:9)
      at scheduleUpdateOnFiber (node_modules/react-dom/cjs/react-dom-client.development.js:14396:11)
      at dispatchSetStateInternal (node_modules/react-dom/cjs/react-dom-client.development.js:6969:13)
      at dispatchSetState (node_modules/react-dom/cjs/react-dom-client.development.js:6927:7)
      at setInstrumentStatusUpdateFailed (src/app/sales/components/SaleForm.tsx:144:7)
      at Object.react-stack-bottom-frame (node_modules/react-dom/cjs/react-dom-client.development.js:23949:20)
      at runWithFiberInDEV (node_modules/react-dom/cjs/react-dom-client.development.js:1522:13)
      at commitHookEffectListMount (node_modules/react-dom/cjs/react-dom-client.development.js:11905:29)
      at commitHookPassiveMountEffects (node_modules/react-dom/cjs/react-dom-client.development.js:12028:11)
      at commitPassiveMountOnFiber (node_modules/react-dom/cjs/react-dom-client.development.js:13841:13)
      at recursivelyTraversePassiveMountEffects (node_modules/react-dom/cjs/react-dom-client.development.js:13815:11)
      at commitPassiveMountOnFiber (node_modules/react-dom/cjs/react-dom-client.development.js:13834:11)
      at recursivelyTraversePassiveMountEffects (node_modules/react-dom/cjs/react-dom-client.development.js:13815:11)
      at commitPassiveMountOnFiber (node_modules/react-dom/cjs/react-dom-client.development.js:13957:11)
      at recursivelyTraversePassiveMountEffects (node_modules/react-dom/cjs/react-dom-client.development.js:13815:11)
      at commitPassiveMountOnFiber (node_modules/react-dom/cjs/react-dom-client.development.js:13957:11)
      at recursivelyTraversePassiveMountEffects (node_modules/react-dom/cjs/react-dom-client.development.js:13815:11)
      at commitPassiveMountOnFiber (node_modules/react-dom/cjs/react-dom-client.development.js:13834:11)
      at recursivelyTraversePassiveMountEffects (node_modules/react-dom/cjs/react-dom-client.development.js:13815:11)
      at commitPassiveMountOnFiber (node_modules/react-dom/cjs/react-dom-client.development.js:13957:11)
      at recursivelyTraversePassiveMountEffects (node_modules/react-dom/cjs/react-dom-client.development.js:13815:11)
      at commitPassiveMountOnFiber (node_modules/react-dom/cjs/react-dom-client.development.js:13834:11)
      at recursivelyTraversePassiveMountEffects (node_modules/react-dom/cjs/react-dom-client.development.js:13815:11)
      at commitPassiveMountOnFiber (node_modules/react-dom/cjs/react-dom-client.development.js:13834:11)
      at recursivelyTraversePassiveMountEffects (node_modules/react-dom/cjs/react-dom-client.development.js:13815:11)
      at commitPassiveMountOnFiber (node_modules/react-dom/cjs/react-dom-client.development.js:13957:11)
      at recursivelyTraversePassiveMountEffects (node_modules/react-dom/cjs/react-dom-client.development.js:13815:11)
      at commitPassiveMountOnFiber (node_modules/react-dom/cjs/react-dom-client.development.js:13834:11)
      at recursivelyTraversePassiveMountEffects (node_modules/react-dom/cjs/react-dom-client.development.js:13815:11)
      at commitPassiveMountOnFiber (node_modules/react-dom/cjs/react-dom-client.development.js:13957:11)
      at recursivelyTraversePassiveMountEffects (node_modules/react-dom/cjs/react-dom-client.development.js:13815:11)
      at commitPassiveMountOnFiber (node_modules/react-dom/cjs/react-dom-client.development.js:13834:11)
      at recursivelyTraversePassiveMountEffects (node_modules/react-dom/cjs/react-dom-client.development.js:13815:11)
      at commitPassiveMountOnFiber (node_modules/react-dom/cjs/react-dom-client.development.js:13957:11)
      at recursivelyTraversePassiveMountEffects (node_modules/react-dom/cjs/react-dom-client.development.js:13815:11)
      at commitPassiveMountOnFiber (node_modules/react-dom/cjs/react-dom-client.development.js:13834:11)
      at recursivelyTraversePassiveMountEffects (node_modules/react-dom/cjs/react-dom-client.development.js:13815:11)
      at commitPassiveMountOnFiber (node_modules/react-dom/cjs/react-dom-client.development.js:13957:11)
      at recursivelyTraversePassiveMountEffects (node_modules/react-dom/cjs/react-dom-client.development.js:13815:11)
      at commitPassiveMountOnFiber (node_modules/react-dom/cjs/react-dom-client.development.js:13834:11)
      at recursivelyTraversePassiveMountEffects (node_modules/react-dom/cjs/react-dom-client.development.js:13815:11)
      at commitPassiveMountOnFiber (node_modules/react-dom/cjs/react-dom-client.development.js:13957:11)
      at recursivelyTraversePassiveMountEffects (node_modules/react-dom/cjs/react-dom-client.development.js:13815:11)
      at commitPassiveMountOnFiber (node_modules/react-dom/cjs/react-dom-client.development.js:13834:11)
      at recursivelyTraversePassiveMountEffects (node_modules/react-dom/cjs/react-dom-client.development.js:13815:11)
      at commitPassiveMountOnFiber (node_modules/react-dom/cjs/react-dom-client.development.js:13957:11)
      at recursivelyTraversePassiveMountEffects (node_modules/react-dom/cjs/react-dom-client.development.js:13815:11)
      at commitPassiveMountOnFiber (node_modules/react-dom/cjs/react-dom-client.development.js:13834:11)
      at recursivelyTraversePassiveMountEffects (node_modules/react-dom/cjs/react-dom-client.development.js:13815:11)
      at commitPassiveMountOnFiber (node_modules/react-dom/cjs/react-dom-client.development.js:13834:11)
      at recursivelyTraversePassiveMountEffects (node_modules/react-dom/cjs/react-dom-client.development.js:13815:11)
      at commitPassiveMountOnFiber (node_modules/react-dom/cjs/react-dom-client.development.js:13834:11)
      at recursivelyTraversePassiveMountEffects (node_modules/react-dom/cjs/react-dom-client.development.js:13815:11)
      at commitPassiveMountOnFiber (node_modules/react-dom/cjs/react-dom-client.development.js:13853:11)
      at flushPassiveEffects (node_modules/react-dom/cjs/react-dom-client.development.js:15737:9)
      at flushPendingEffects (node_modules/react-dom/cjs/react-dom-client.development.js:15702:14)
      at flushSpawnedWork (node_modules/react-dom/cjs/react-dom-client.development.js:15668:44)
      at commitRoot (node_modules/react-dom/cjs/react-dom-client.development.js:15403:9)
      at commitRootWhenReady (node_modules/react-dom/cjs/react-dom-client.development.js:14652:7)
      at performWorkOnRoot (node_modules/react-dom/cjs/react-dom-client.development.js:14575:15)
      at performSyncWorkOnRoot (node_modules/react-dom/cjs/react-dom-client.development.js:16231:7)
      at flushSyncWorkAcrossRoots_impl (node_modules/react-dom/cjs/react-dom-client.development.js:16079:21)
      at processRootScheduleInMicrotask (node_modules/react-dom/cjs/react-dom-client.development.js:16116:7)
      at node_modules/react-dom/cjs/react-dom-client.development.js:16250:13
      at invokeTheCallbackFunction (node_modules/jsdom/lib/jsdom/living/generated/Function.js:19:26)
      at node_modules/jsdom/lib/jsdom/browser/Window.js:613:9

    console.error
      An update to SuccessToastProvider inside a test was not wrapped in act(...).
      
      When testing, code that causes React state updates should be wrapped into act(...):
      
      act(() => {
        /* fire events that update state */
      });
      /* assert on the output */
      
      This ensures that you're testing the behavior the user would see in the browser. Learn more at https://react.dev/link/wrap-tests-with-act

      45 |       links,
      46 |     };
    > 47 |     setToasts(prev => [...prev, toast]);
         |     ^
      48 |   }, []);
      49 |
      50 |   const removeToast = useCallback((id: string) => {

      at node_modules/react-dom/cjs/react-dom-client.development.js:16023:19
      at runWithFiberInDEV (node_modules/react-dom/cjs/react-dom-client.development.js:1522:13)
      at warnIfUpdatesNotWrappedWithActDEV (node_modules/react-dom/cjs/react-dom-client.development.js:16022:9)
      at scheduleUpdateOnFiber (node_modules/react-dom/cjs/react-dom-client.development.js:14396:11)
      at dispatchSetStateInternal (node_modules/react-dom/cjs/react-dom-client.development.js:6969:13)
      at dispatchSetState (node_modules/react-dom/cjs/react-dom-client.development.js:6927:7)
      at setToasts (src/contexts/SuccessToastContext.tsx:47:5)
      at Object.showSuccess [as onDelete] (src/app/dashboard/hooks/useDashboardData.ts:192:9)
      at src/app/dashboard/hooks/useDashboardModal.ts:45:7

    console.error
      An update to DashboardPage inside a test was not wrapped in act(...).
      
      When testing, code that causes React state updates should be wrapped into act(...):
      
      act(() => {
        /* fire events that update state */
      });
      /* assert on the output */
      
      This ensures that you're testing the behavior the user would see in the browser. Learn more at https://react.dev/link/wrap-tests-with-act

      44 |     try {
      45 |       await options.onDelete(confirmItemId);
    > 46 |       setConfirmItemId(null);
         |       ^
      47 |     } catch {
      48 |       // 에러는 onDelete에서 처리됨
      49 |       // 실패 시 confirm 다이얼로그는 유지 (사용자가 재시도 가능)

      at node_modules/react-dom/cjs/react-dom-client.development.js:16023:19
      at runWithFiberInDEV (node_modules/react-dom/cjs/react-dom-client.development.js:1522:13)
      at warnIfUpdatesNotWrappedWithActDEV (node_modules/react-dom/cjs/react-dom-client.development.js:16022:9)
      at scheduleUpdateOnFiber (node_modules/react-dom/cjs/react-dom-client.development.js:14396:11)
      at dispatchSetStateInternal (node_modules/react-dom/cjs/react-dom-client.development.js:6969:13)
      at dispatchSetState (node_modules/react-dom/cjs/react-dom-client.development.js:6927:7)
      at setConfirmItemId (src/app/dashboard/hooks/useDashboardModal.ts:46:7)

PASS src/app/clients/analytics/components/__tests__/CustomerDetail.test.tsx
PASS src/app/sales/hooks/__tests__/useSalesSort.test.ts
PASS src/app/dashboard/components/__tests__/StatusBadge.test.tsx
PASS src/app/connections/components/__tests__/LoadingState.test.tsx
PASS src/hooks/__tests__/useEscapeKey.test.ts
PASS src/app/clients/components/__tests__/InstrumentSearch.test.tsx
PASS src/app/api/invoices/images/__tests__/route.test.ts
PASS src/app/invoices/components/__tests__/InvoiceSettingsModal.test.tsx
PASS src/utils/tasks/__tests__/dateUtils.test.ts
PASS src/hooks/__tests__/usePageNotifications.test.tsx
PASS src/components/layout/__tests__/AppLayout.test.tsx
PASS src/app/clients/components/__tests__/ClientForm.interactions-and-validation.test.tsx
PASS src/app/clients/components/__tests__/InterestSelector.test.tsx
PASS src/app/clients/analytics/components/__tests__/CustomerSearch.test.tsx
PASS src/components/common/__tests__/ConfirmDialog.test.tsx
PASS src/app/calendar/hooks/__tests__/useCalendarView.test.ts
PASS src/app/calendar/components/__tests__/CalendarSearch.test.tsx
PASS src/app/clients/components/__tests__/ClientForm.rendering-and-visibility.test.tsx
PASS src/hooks/__tests__/useDataState.test.ts
PASS src/app/calendar/hooks/__tests__/useCalendarNavigation.test.tsx
PASS src/components/common/empty-state/__tests__/GuideModal.test.tsx
PASS src/app/api/health/__tests__/route.test.ts
PASS src/app/clients/hooks/__tests__/useClientView.test.tsx
PASS src/app/dashboard/components/__tests__/ItemFilters.test.tsx
PASS src/app/customer/__tests__/page.test.tsx
PASS src/app/connections/components/__tests__/ConnectionModal.test.tsx
PASS src/hooks/__tests__/useNotifications.test.ts
PASS src/utils/__tests__/filterUI.test.tsx
PASS src/hooks/__tests__/useFormState.test.ts
PASS src/app/clients/components/__tests__/ClientModal.contactSummary.test.tsx
  ● Console

    console.error
      An update to ForwardRef(LoadableComponent) inside a test was not wrapped in act(...).
      
      When testing, code that causes React state updates should be wrapped into act(...):
      
      act(() => {
        /* fire events that update state */
      });
      /* assert on the output */
      
      This ensures that you're testing the behavior the user would see in the browser. Learn more at https://react.dev/link/wrap-tests-with-act

      at node_modules/react-dom/cjs/react-dom-client.development.js:16023:19
      at runWithFiberInDEV (node_modules/react-dom/cjs/react-dom-client.development.js:1522:13)
      at warnIfUpdatesNotWrappedWithActDEV (node_modules/react-dom/cjs/react-dom-client.development.js:16022:9)
      at scheduleUpdateOnFiber (node_modules/react-dom/cjs/react-dom-client.development.js:14396:11)
      at forceStoreRerender (node_modules/react-dom/cjs/react-dom-client.development.js:6124:24)
      at node_modules/react-dom/cjs/react-dom-client.development.js:6109:41
      at callback (node_modules/next/src/shared/lib/loadable.shared-runtime.tsx:236:48)
          at Set.forEach (<anonymous>)
      at LoadableSubscription.forEach (node_modules/next/src/shared/lib/loadable.shared-runtime.tsx:236:21)
      at _update (node_modules/next/src/shared/lib/loadable.shared-runtime.tsx:218:14)

PASS src/app/dashboard/components/__tests__/ItemForm.test.tsx
PASS src/app/api/invoices/__tests__/route.test.ts
PASS src/components/common/__tests__/OptimizedImage.test.tsx
  ● Console

    console.error
      React does not recognize the `blurDataURL` prop on a DOM element. If you intentionally want it to appear in the DOM as a custom attribute, spell it as lowercase `blurdataurl` instead. If you accidentally passed it from a parent component, remove it from the DOM element.

      55 |   describe('Width/Height mode', () => {
      56 |     it('should render image with width and height', () => {
    > 57 |       render(
         |             ^
      58 |         <OptimizedImage
      59 |           src="/test.jpg"
      60 |           alt="Test image"

      at validateProperty (node_modules/react-dom/cjs/react-dom-client.development.js:3009:19)
      at warnUnknownProperties (node_modules/react-dom/cjs/react-dom-client.development.js:3154:9)
      at validatePropertiesInDevelopment (node_modules/react-dom/cjs/react-dom-client.development.js:17117:9)
      at setInitialProperties (node_modules/react-dom/cjs/react-dom-client.development.js:17741:7)
      at completeWork (node_modules/react-dom/cjs/react-dom-client.development.js:11391:18)
      at runWithFiberInDEV (node_modules/react-dom/cjs/react-dom-client.development.js:1522:13)
      at completeUnitOfWork (node_modules/react-dom/cjs/react-dom-client.development.js:15268:19)
      at performUnitOfWork (node_modules/react-dom/cjs/react-dom-client.development.js:15149:11)
      at workLoopSync (node_modules/react-dom/cjs/react-dom-client.development.js:14956:41)
      at renderRootSync (node_modules/react-dom/cjs/react-dom-client.development.js:14936:11)
      at performWorkOnRoot (node_modules/react-dom/cjs/react-dom-client.development.js:14419:13)
      at performWorkOnRootViaSchedulerTask (node_modules/react-dom/cjs/react-dom-client.development.js:16216:7)
      at flushActQueue (node_modules/react/cjs/react.development.js:566:34)
      at process.env.NODE_ENV.exports.act (node_modules/react/cjs/react.development.js:859:10)
      at node_modules/@testing-library/react/dist/act-compat.js:47:25
      at renderRoot (node_modules/@testing-library/react/dist/pure.js:190:26)
      at render (node_modules/@testing-library/react/dist/pure.js:292:10)
      at Object.<anonymous> (src/components/common/__tests__/OptimizedImage.test.tsx:57:13)

    console.error
      Received `false` for a non-boolean attribute `priority`.
      
      If you want to write it to the DOM, pass a string instead: priority="false" or priority={value.toString()}.
      
      If you used to conditionally omit it with priority={condition && value}, pass priority={condition ? value : undefined} instead.

      55 |   describe('Width/Height mode', () => {
      56 |     it('should render image with width and height', () => {
    > 57 |       render(
         |             ^
      58 |         <OptimizedImage
      59 |           src="/test.jpg"
      60 |           alt="Test image"

      at validateProperty (node_modules/react-dom/cjs/react-dom-client.development.js:3086:27)
      at warnUnknownProperties (node_modules/react-dom/cjs/react-dom-client.development.js:3154:9)
      at validatePropertiesInDevelopment (node_modules/react-dom/cjs/react-dom-client.development.js:17117:9)
      at setInitialProperties (node_modules/react-dom/cjs/react-dom-client.development.js:17741:7)
      at completeWork (node_modules/react-dom/cjs/react-dom-client.development.js:11391:18)
      at runWithFiberInDEV (node_modules/react-dom/cjs/react-dom-client.development.js:1522:13)
      at completeUnitOfWork (node_modules/react-dom/cjs/react-dom-client.development.js:15268:19)
      at performUnitOfWork (node_modules/react-dom/cjs/react-dom-client.development.js:15149:11)
      at workLoopSync (node_modules/react-dom/cjs/react-dom-client.development.js:14956:41)
      at renderRootSync (node_modules/react-dom/cjs/react-dom-client.development.js:14936:11)
      at performWorkOnRoot (node_modules/react-dom/cjs/react-dom-client.development.js:14419:13)
      at performWorkOnRootViaSchedulerTask (node_modules/react-dom/cjs/react-dom-client.development.js:16216:7)
      at flushActQueue (node_modules/react/cjs/react.development.js:566:34)
      at process.env.NODE_ENV.exports.act (node_modules/react/cjs/react.development.js:859:10)
      at node_modules/@testing-library/react/dist/act-compat.js:47:25
      at renderRoot (node_modules/@testing-library/react/dist/pure.js:190:26)
      at render (node_modules/@testing-library/react/dist/pure.js:292:10)
      at Object.<anonymous> (src/components/common/__tests__/OptimizedImage.test.tsx:57:13)

    console.error
      An update to OptimizedImage inside a test was not wrapped in act(...).
      
      When testing, code that causes React state updates should be wrapped into act(...):
      
      act(() => {
        /* fire events that update state */
      });
      /* assert on the output */
      
      This ensures that you're testing the behavior the user would see in the browser. Learn more at https://react.dev/link/wrap-tests-with-act

      135 |
      136 |   const handleLoad = useCallback(() => {
    > 137 |     setIsLoading(false);
          |     ^
      138 |     onLoad?.();
      139 |   }, [onLoad]);
      140 |

      at node_modules/react-dom/cjs/react-dom-client.development.js:16023:19
      at runWithFiberInDEV (node_modules/react-dom/cjs/react-dom-client.development.js:1522:13)
      at warnIfUpdatesNotWrappedWithActDEV (node_modules/react-dom/cjs/react-dom-client.development.js:16022:9)
      at scheduleUpdateOnFiber (node_modules/react-dom/cjs/react-dom-client.development.js:14396:11)
      at dispatchSetStateInternal (node_modules/react-dom/cjs/react-dom-client.development.js:6969:13)
      at dispatchSetState (node_modules/react-dom/cjs/react-dom-client.development.js:6927:7)
      at setIsLoading (src/components/common/OptimizedImage.tsx:137:5)
      at executeDispatch (node_modules/react-dom/cjs/react-dom-client.development.js:16368:9)
      at runWithFiberInDEV (node_modules/react-dom/cjs/react-dom-client.development.js:1522:13)
      at processDispatchQueue (node_modules/react-dom/cjs/react-dom-client.development.js:16418:19)
      at node_modules/react-dom/cjs/react-dom-client.development.js:17016:9
      at batchedUpdates$1 (node_modules/react-dom/cjs/react-dom-client.development.js:3262:40)
      at dispatchEventForPluginEventSystem (node_modules/react-dom/cjs/react-dom-client.development.js:16572:7)
      at dispatchEvent (node_modules/react-dom/cjs/react-dom-client.development.js:20658:11)
      at HTMLImageElement.callTheUserObjectsOperation (node_modules/jsdom/lib/jsdom/living/generated/EventListener.js:26:30)
      at innerInvokeEventListeners (node_modules/jsdom/lib/jsdom/living/events/EventTarget-impl.js:350:25)
      at invokeEventListeners (node_modules/jsdom/lib/jsdom/living/events/EventTarget-impl.js:286:3)
      at HTMLImageElementImpl._dispatch (node_modules/jsdom/lib/jsdom/living/events/EventTarget-impl.js:233:9)
      at HTMLImageElementImpl.dispatchEvent (node_modules/jsdom/lib/jsdom/living/events/EventTarget-impl.js:104:17)
      at HTMLImageElement.dispatchEvent (node_modules/jsdom/lib/jsdom/living/generated/EventTarget.js:241:34)
      at Object.dispatchEvent (src/components/common/__tests__/OptimizedImage.test.tsx:98:11)

    console.error
      An update to OptimizedImage inside a test was not wrapped in act(...).
      
      When testing, code that causes React state updates should be wrapped into act(...):
      
      act(() => {
        /* fire events that update state */
      });
      /* assert on the output */
      
      This ensures that you're testing the behavior the user would see in the browser. Learn more at https://react.dev/link/wrap-tests-with-act

      140 |
      141 |   const handleError = useCallback(() => {
    > 142 |     setIsLoading(false);
          |     ^
      143 |     setHasError(true);
      144 |     onError?.();
      145 |   }, [onError]);

      at node_modules/react-dom/cjs/react-dom-client.development.js:16023:19
      at runWithFiberInDEV (node_modules/react-dom/cjs/react-dom-client.development.js:1522:13)
      at warnIfUpdatesNotWrappedWithActDEV (node_modules/react-dom/cjs/react-dom-client.development.js:16022:9)
      at scheduleUpdateOnFiber (node_modules/react-dom/cjs/react-dom-client.development.js:14396:11)
      at dispatchSetStateInternal (node_modules/react-dom/cjs/react-dom-client.development.js:6969:13)
      at dispatchSetState (node_modules/react-dom/cjs/react-dom-client.development.js:6927:7)
      at setIsLoading (src/components/common/OptimizedImage.tsx:142:5)
      at executeDispatch (node_modules/react-dom/cjs/react-dom-client.development.js:16368:9)
      at runWithFiberInDEV (node_modules/react-dom/cjs/react-dom-client.development.js:1522:13)
      at processDispatchQueue (node_modules/react-dom/cjs/react-dom-client.development.js:16418:19)
      at node_modules/react-dom/cjs/react-dom-client.development.js:17016:9
      at batchedUpdates$1 (node_modules/react-dom/cjs/react-dom-client.development.js:3262:40)
      at dispatchEventForPluginEventSystem (node_modules/react-dom/cjs/react-dom-client.development.js:16572:7)
      at dispatchEvent (node_modules/react-dom/cjs/react-dom-client.development.js:20658:11)
      at HTMLImageElement.callTheUserObjectsOperation (node_modules/jsdom/lib/jsdom/living/generated/EventListener.js:26:30)
      at innerInvokeEventListeners (node_modules/jsdom/lib/jsdom/living/events/EventTarget-impl.js:350:25)
      at invokeEventListeners (node_modules/jsdom/lib/jsdom/living/events/EventTarget-impl.js:286:3)
      at HTMLImageElementImpl._dispatch (node_modules/jsdom/lib/jsdom/living/events/EventTarget-impl.js:233:9)
      at HTMLImageElementImpl.dispatchEvent (node_modules/jsdom/lib/jsdom/living/events/EventTarget-impl.js:104:17)
      at HTMLImageElement.dispatchEvent (node_modules/jsdom/lib/jsdom/living/generated/EventTarget.js:241:34)
      at Object.dispatchEvent (src/components/common/__tests__/OptimizedImage.test.tsx:116:11)

    console.error
      An update to OptimizedImage inside a test was not wrapped in act(...).
      
      When testing, code that causes React state updates should be wrapped into act(...):
      
      act(() => {
        /* fire events that update state */
      });
      /* assert on the output */
      
      This ensures that you're testing the behavior the user would see in the browser. Learn more at https://react.dev/link/wrap-tests-with-act

      141 |   const handleError = useCallback(() => {
      142 |     setIsLoading(false);
    > 143 |     setHasError(true);
          |     ^
      144 |     onError?.();
      145 |   }, [onError]);
      146 |

      at node_modules/react-dom/cjs/react-dom-client.development.js:16023:19
      at runWithFiberInDEV (node_modules/react-dom/cjs/react-dom-client.development.js:1522:13)
      at warnIfUpdatesNotWrappedWithActDEV (node_modules/react-dom/cjs/react-dom-client.development.js:16022:9)
      at scheduleUpdateOnFiber (node_modules/react-dom/cjs/react-dom-client.development.js:14396:11)
      at dispatchSetStateInternal (node_modules/react-dom/cjs/react-dom-client.development.js:6969:13)
      at dispatchSetState (node_modules/react-dom/cjs/react-dom-client.development.js:6927:7)
      at setHasError (src/components/common/OptimizedImage.tsx:143:5)
      at executeDispatch (node_modules/react-dom/cjs/react-dom-client.development.js:16368:9)
      at runWithFiberInDEV (node_modules/react-dom/cjs/react-dom-client.development.js:1522:13)
      at processDispatchQueue (node_modules/react-dom/cjs/react-dom-client.development.js:16418:19)
      at node_modules/react-dom/cjs/react-dom-client.development.js:17016:9
      at batchedUpdates$1 (node_modules/react-dom/cjs/react-dom-client.development.js:3262:40)
      at dispatchEventForPluginEventSystem (node_modules/react-dom/cjs/react-dom-client.development.js:16572:7)
      at dispatchEvent (node_modules/react-dom/cjs/react-dom-client.development.js:20658:11)
      at HTMLImageElement.callTheUserObjectsOperation (node_modules/jsdom/lib/jsdom/living/generated/EventListener.js:26:30)
      at innerInvokeEventListeners (node_modules/jsdom/lib/jsdom/living/events/EventTarget-impl.js:350:25)
      at invokeEventListeners (node_modules/jsdom/lib/jsdom/living/events/EventTarget-impl.js:286:3)
      at HTMLImageElementImpl._dispatch (node_modules/jsdom/lib/jsdom/living/events/EventTarget-impl.js:233:9)
      at HTMLImageElementImpl.dispatchEvent (node_modules/jsdom/lib/jsdom/living/events/EventTarget-impl.js:104:17)
      at HTMLImageElement.dispatchEvent (node_modules/jsdom/lib/jsdom/living/generated/EventTarget.js:241:34)
      at Object.dispatchEvent (src/components/common/__tests__/OptimizedImage.test.tsx:116:11)

    console.error
      An update to OptimizedImage inside a test was not wrapped in act(...).
      
      When testing, code that causes React state updates should be wrapped into act(...):
      
      act(() => {
        /* fire events that update state */
      });
      /* assert on the output */
      
      This ensures that you're testing the behavior the user would see in the browser. Learn more at https://react.dev/link/wrap-tests-with-act

      140 |
      141 |   const handleError = useCallback(() => {
    > 142 |     setIsLoading(false);
          |     ^
      143 |     setHasError(true);
      144 |     onError?.();
      145 |   }, [onError]);

      at node_modules/react-dom/cjs/react-dom-client.development.js:16023:19
      at runWithFiberInDEV (node_modules/react-dom/cjs/react-dom-client.development.js:1522:13)
      at warnIfUpdatesNotWrappedWithActDEV (node_modules/react-dom/cjs/react-dom-client.development.js:16022:9)
      at scheduleUpdateOnFiber (node_modules/react-dom/cjs/react-dom-client.development.js:14396:11)
      at dispatchSetStateInternal (node_modules/react-dom/cjs/react-dom-client.development.js:6969:13)
      at dispatchSetState (node_modules/react-dom/cjs/react-dom-client.development.js:6927:7)
      at setIsLoading (src/components/common/OptimizedImage.tsx:142:5)
      at executeDispatch (node_modules/react-dom/cjs/react-dom-client.development.js:16368:9)
      at runWithFiberInDEV (node_modules/react-dom/cjs/react-dom-client.development.js:1522:13)
      at processDispatchQueue (node_modules/react-dom/cjs/react-dom-client.development.js:16418:19)
      at node_modules/react-dom/cjs/react-dom-client.development.js:17016:9
      at batchedUpdates$1 (node_modules/react-dom/cjs/react-dom-client.development.js:3262:40)
      at dispatchEventForPluginEventSystem (node_modules/react-dom/cjs/react-dom-client.development.js:16572:7)
      at dispatchEvent (node_modules/react-dom/cjs/react-dom-client.development.js:20658:11)
      at HTMLImageElement.callTheUserObjectsOperation (node_modules/jsdom/lib/jsdom/living/generated/EventListener.js:26:30)
      at innerInvokeEventListeners (node_modules/jsdom/lib/jsdom/living/events/EventTarget-impl.js:350:25)
      at invokeEventListeners (node_modules/jsdom/lib/jsdom/living/events/EventTarget-impl.js:286:3)
      at HTMLImageElementImpl._dispatch (node_modules/jsdom/lib/jsdom/living/events/EventTarget-impl.js:233:9)
      at HTMLImageElementImpl.dispatchEvent (node_modules/jsdom/lib/jsdom/living/events/EventTarget-impl.js:104:17)
      at HTMLImageElement.dispatchEvent (node_modules/jsdom/lib/jsdom/living/generated/EventTarget.js:241:34)
      at Object.dispatchEvent (src/components/common/__tests__/OptimizedImage.test.tsx:246:11)

    console.error
      An update to OptimizedImage inside a test was not wrapped in act(...).
      
      When testing, code that causes React state updates should be wrapped into act(...):
      
      act(() => {
        /* fire events that update state */
      });
      /* assert on the output */
      
      This ensures that you're testing the behavior the user would see in the browser. Learn more at https://react.dev/link/wrap-tests-with-act

      141 |   const handleError = useCallback(() => {
      142 |     setIsLoading(false);
    > 143 |     setHasError(true);
          |     ^
      144 |     onError?.();
      145 |   }, [onError]);
      146 |

      at node_modules/react-dom/cjs/react-dom-client.development.js:16023:19
      at runWithFiberInDEV (node_modules/react-dom/cjs/react-dom-client.development.js:1522:13)
      at warnIfUpdatesNotWrappedWithActDEV (node_modules/react-dom/cjs/react-dom-client.development.js:16022:9)
      at scheduleUpdateOnFiber (node_modules/react-dom/cjs/react-dom-client.development.js:14396:11)
      at dispatchSetStateInternal (node_modules/react-dom/cjs/react-dom-client.development.js:6969:13)
      at dispatchSetState (node_modules/react-dom/cjs/react-dom-client.development.js:6927:7)
      at setHasError (src/components/common/OptimizedImage.tsx:143:5)
      at executeDispatch (node_modules/react-dom/cjs/react-dom-client.development.js:16368:9)
      at runWithFiberInDEV (node_modules/react-dom/cjs/react-dom-client.development.js:1522:13)
      at processDispatchQueue (node_modules/react-dom/cjs/react-dom-client.development.js:16418:19)
      at node_modules/react-dom/cjs/react-dom-client.development.js:17016:9
      at batchedUpdates$1 (node_modules/react-dom/cjs/react-dom-client.development.js:3262:40)
      at dispatchEventForPluginEventSystem (node_modules/react-dom/cjs/react-dom-client.development.js:16572:7)
      at dispatchEvent (node_modules/react-dom/cjs/react-dom-client.development.js:20658:11)
      at HTMLImageElement.callTheUserObjectsOperation (node_modules/jsdom/lib/jsdom/living/generated/EventListener.js:26:30)
      at innerInvokeEventListeners (node_modules/jsdom/lib/jsdom/living/events/EventTarget-impl.js:350:25)
      at invokeEventListeners (node_modules/jsdom/lib/jsdom/living/events/EventTarget-impl.js:286:3)
      at HTMLImageElementImpl._dispatch (node_modules/jsdom/lib/jsdom/living/events/EventTarget-impl.js:233:9)
      at HTMLImageElementImpl.dispatchEvent (node_modules/jsdom/lib/jsdom/living/events/EventTarget-impl.js:104:17)
      at HTMLImageElement.dispatchEvent (node_modules/jsdom/lib/jsdom/living/generated/EventTarget.js:241:34)
      at Object.dispatchEvent (src/components/common/__tests__/OptimizedImage.test.tsx:246:11)

    console.error
      An update to OptimizedImage inside a test was not wrapped in act(...).
      
      When testing, code that causes React state updates should be wrapped into act(...):
      
      act(() => {
        /* fire events that update state */
      });
      /* assert on the output */
      
      This ensures that you're testing the behavior the user would see in the browser. Learn more at https://react.dev/link/wrap-tests-with-act

      140 |
      141 |   const handleError = useCallback(() => {
    > 142 |     setIsLoading(false);
          |     ^
      143 |     setHasError(true);
      144 |     onError?.();
      145 |   }, [onError]);

      at node_modules/react-dom/cjs/react-dom-client.development.js:16023:19
      at runWithFiberInDEV (node_modules/react-dom/cjs/react-dom-client.development.js:1522:13)
      at warnIfUpdatesNotWrappedWithActDEV (node_modules/react-dom/cjs/react-dom-client.development.js:16022:9)
      at scheduleUpdateOnFiber (node_modules/react-dom/cjs/react-dom-client.development.js:14396:11)
      at dispatchSetStateInternal (node_modules/react-dom/cjs/react-dom-client.development.js:6969:13)
      at dispatchSetState (node_modules/react-dom/cjs/react-dom-client.development.js:6927:7)
      at setIsLoading (src/components/common/OptimizedImage.tsx:142:5)
      at executeDispatch (node_modules/react-dom/cjs/react-dom-client.development.js:16368:9)
      at runWithFiberInDEV (node_modules/react-dom/cjs/react-dom-client.development.js:1522:13)
      at processDispatchQueue (node_modules/react-dom/cjs/react-dom-client.development.js:16418:19)
      at node_modules/react-dom/cjs/react-dom-client.development.js:17016:9
      at batchedUpdates$1 (node_modules/react-dom/cjs/react-dom-client.development.js:3262:40)
      at dispatchEventForPluginEventSystem (node_modules/react-dom/cjs/react-dom-client.development.js:16572:7)
      at dispatchEvent (node_modules/react-dom/cjs/react-dom-client.development.js:20658:11)
      at HTMLImageElement.callTheUserObjectsOperation (node_modules/jsdom/lib/jsdom/living/generated/EventListener.js:26:30)
      at innerInvokeEventListeners (node_modules/jsdom/lib/jsdom/living/events/EventTarget-impl.js:350:25)
      at invokeEventListeners (node_modules/jsdom/lib/jsdom/living/events/EventTarget-impl.js:286:3)
      at HTMLImageElementImpl._dispatch (node_modules/jsdom/lib/jsdom/living/events/EventTarget-impl.js:233:9)
      at HTMLImageElementImpl.dispatchEvent (node_modules/jsdom/lib/jsdom/living/events/EventTarget-impl.js:104:17)
      at HTMLImageElement.dispatchEvent (node_modules/jsdom/lib/jsdom/living/generated/EventTarget.js:241:34)
      at Object.dispatchEvent (src/components/common/__tests__/OptimizedImage.test.tsx:264:11)

    console.error
      An update to OptimizedImage inside a test was not wrapped in act(...).
      
      When testing, code that causes React state updates should be wrapped into act(...):
      
      act(() => {
        /* fire events that update state */
      });
      /* assert on the output */
      
      This ensures that you're testing the behavior the user would see in the browser. Learn more at https://react.dev/link/wrap-tests-with-act

      141 |   const handleError = useCallback(() => {
      142 |     setIsLoading(false);
    > 143 |     setHasError(true);
          |     ^
      144 |     onError?.();
      145 |   }, [onError]);
      146 |

      at node_modules/react-dom/cjs/react-dom-client.development.js:16023:19
      at runWithFiberInDEV (node_modules/react-dom/cjs/react-dom-client.development.js:1522:13)
      at warnIfUpdatesNotWrappedWithActDEV (node_modules/react-dom/cjs/react-dom-client.development.js:16022:9)
      at scheduleUpdateOnFiber (node_modules/react-dom/cjs/react-dom-client.development.js:14396:11)
      at dispatchSetStateInternal (node_modules/react-dom/cjs/react-dom-client.development.js:6969:13)
      at dispatchSetState (node_modules/react-dom/cjs/react-dom-client.development.js:6927:7)
      at setHasError (src/components/common/OptimizedImage.tsx:143:5)
      at executeDispatch (node_modules/react-dom/cjs/react-dom-client.development.js:16368:9)
      at runWithFiberInDEV (node_modules/react-dom/cjs/react-dom-client.development.js:1522:13)
      at processDispatchQueue (node_modules/react-dom/cjs/react-dom-client.development.js:16418:19)
      at node_modules/react-dom/cjs/react-dom-client.development.js:17016:9
      at batchedUpdates$1 (node_modules/react-dom/cjs/react-dom-client.development.js:3262:40)
      at dispatchEventForPluginEventSystem (node_modules/react-dom/cjs/react-dom-client.development.js:16572:7)
      at dispatchEvent (node_modules/react-dom/cjs/react-dom-client.development.js:20658:11)
      at HTMLImageElement.callTheUserObjectsOperation (node_modules/jsdom/lib/jsdom/living/generated/EventListener.js:26:30)
      at innerInvokeEventListeners (node_modules/jsdom/lib/jsdom/living/events/EventTarget-impl.js:350:25)
      at invokeEventListeners (node_modules/jsdom/lib/jsdom/living/events/EventTarget-impl.js:286:3)
      at HTMLImageElementImpl._dispatch (node_modules/jsdom/lib/jsdom/living/events/EventTarget-impl.js:233:9)
      at HTMLImageElementImpl.dispatchEvent (node_modules/jsdom/lib/jsdom/living/events/EventTarget-impl.js:104:17)
      at HTMLImageElement.dispatchEvent (node_modules/jsdom/lib/jsdom/living/generated/EventTarget.js:241:34)
      at Object.dispatchEvent (src/components/common/__tests__/OptimizedImage.test.tsx:264:11)

    console.error
      An update to OptimizedImage inside a test was not wrapped in act(...).
      
      When testing, code that causes React state updates should be wrapped into act(...):
      
      act(() => {
        /* fire events that update state */
      });
      /* assert on the output */
      
      This ensures that you're testing the behavior the user would see in the browser. Learn more at https://react.dev/link/wrap-tests-with-act

      140 |
      141 |   const handleError = useCallback(() => {
    > 142 |     setIsLoading(false);
          |     ^
      143 |     setHasError(true);
      144 |     onError?.();
      145 |   }, [onError]);

      at node_modules/react-dom/cjs/react-dom-client.development.js:16023:19
      at runWithFiberInDEV (node_modules/react-dom/cjs/react-dom-client.development.js:1522:13)
      at warnIfUpdatesNotWrappedWithActDEV (node_modules/react-dom/cjs/react-dom-client.development.js:16022:9)
      at scheduleUpdateOnFiber (node_modules/react-dom/cjs/react-dom-client.development.js:14396:11)
      at dispatchSetStateInternal (node_modules/react-dom/cjs/react-dom-client.development.js:6969:13)
      at dispatchSetState (node_modules/react-dom/cjs/react-dom-client.development.js:6927:7)
      at setIsLoading (src/components/common/OptimizedImage.tsx:142:5)
      at executeDispatch (node_modules/react-dom/cjs/react-dom-client.development.js:16368:9)
      at runWithFiberInDEV (node_modules/react-dom/cjs/react-dom-client.development.js:1522:13)
      at processDispatchQueue (node_modules/react-dom/cjs/react-dom-client.development.js:16418:19)
      at node_modules/react-dom/cjs/react-dom-client.development.js:17016:9
      at batchedUpdates$1 (node_modules/react-dom/cjs/react-dom-client.development.js:3262:40)
      at dispatchEventForPluginEventSystem (node_modules/react-dom/cjs/react-dom-client.development.js:16572:7)
      at dispatchEvent (node_modules/react-dom/cjs/react-dom-client.development.js:20658:11)
      at HTMLImageElement.callTheUserObjectsOperation (node_modules/jsdom/lib/jsdom/living/generated/EventListener.js:26:30)
      at innerInvokeEventListeners (node_modules/jsdom/lib/jsdom/living/events/EventTarget-impl.js:350:25)
      at invokeEventListeners (node_modules/jsdom/lib/jsdom/living/events/EventTarget-impl.js:286:3)
      at HTMLImageElementImpl._dispatch (node_modules/jsdom/lib/jsdom/living/events/EventTarget-impl.js:233:9)
      at HTMLImageElementImpl.dispatchEvent (node_modules/jsdom/lib/jsdom/living/events/EventTarget-impl.js:104:17)
      at HTMLImageElement.dispatchEvent (node_modules/jsdom/lib/jsdom/living/generated/EventTarget.js:241:34)
      at Object.dispatchEvent (src/components/common/__tests__/OptimizedImage.test.tsx:339:11)

    console.error
      An update to OptimizedImage inside a test was not wrapped in act(...).
      
      When testing, code that causes React state updates should be wrapped into act(...):
      
      act(() => {
        /* fire events that update state */
      });
      /* assert on the output */
      
      This ensures that you're testing the behavior the user would see in the browser. Learn more at https://react.dev/link/wrap-tests-with-act

      141 |   const handleError = useCallback(() => {
      142 |     setIsLoading(false);
    > 143 |     setHasError(true);
          |     ^
      144 |     onError?.();
      145 |   }, [onError]);
      146 |

      at node_modules/react-dom/cjs/react-dom-client.development.js:16023:19
      at runWithFiberInDEV (node_modules/react-dom/cjs/react-dom-client.development.js:1522:13)
      at warnIfUpdatesNotWrappedWithActDEV (node_modules/react-dom/cjs/react-dom-client.development.js:16022:9)
      at scheduleUpdateOnFiber (node_modules/react-dom/cjs/react-dom-client.development.js:14396:11)
      at dispatchSetStateInternal (node_modules/react-dom/cjs/react-dom-client.development.js:6969:13)
      at dispatchSetState (node_modules/react-dom/cjs/react-dom-client.development.js:6927:7)
      at setHasError (src/components/common/OptimizedImage.tsx:143:5)
      at executeDispatch (node_modules/react-dom/cjs/react-dom-client.development.js:16368:9)
      at runWithFiberInDEV (node_modules/react-dom/cjs/react-dom-client.development.js:1522:13)
      at processDispatchQueue (node_modules/react-dom/cjs/react-dom-client.development.js:16418:19)
      at node_modules/react-dom/cjs/react-dom-client.development.js:17016:9
      at batchedUpdates$1 (node_modules/react-dom/cjs/react-dom-client.development.js:3262:40)
      at dispatchEventForPluginEventSystem (node_modules/react-dom/cjs/react-dom-client.development.js:16572:7)
      at dispatchEvent (node_modules/react-dom/cjs/react-dom-client.development.js:20658:11)
      at HTMLImageElement.callTheUserObjectsOperation (node_modules/jsdom/lib/jsdom/living/generated/EventListener.js:26:30)
      at innerInvokeEventListeners (node_modules/jsdom/lib/jsdom/living/events/EventTarget-impl.js:350:25)
      at invokeEventListeners (node_modules/jsdom/lib/jsdom/living/events/EventTarget-impl.js:286:3)
      at HTMLImageElementImpl._dispatch (node_modules/jsdom/lib/jsdom/living/events/EventTarget-impl.js:233:9)
      at HTMLImageElementImpl.dispatchEvent (node_modules/jsdom/lib/jsdom/living/events/EventTarget-impl.js:104:17)
      at HTMLImageElement.dispatchEvent (node_modules/jsdom/lib/jsdom/living/generated/EventTarget.js:241:34)
      at Object.dispatchEvent (src/components/common/__tests__/OptimizedImage.test.tsx:339:11)

    console.error
      An update to OptimizedImage inside a test was not wrapped in act(...).
      
      When testing, code that causes React state updates should be wrapped into act(...):
      
      act(() => {
        /* fire events that update state */
      });
      /* assert on the output */
      
      This ensures that you're testing the behavior the user would see in the browser. Learn more at https://react.dev/link/wrap-tests-with-act

      140 |
      141 |   const handleError = useCallback(() => {
    > 142 |     setIsLoading(false);
          |     ^
      143 |     setHasError(true);
      144 |     onError?.();
      145 |   }, [onError]);

      at node_modules/react-dom/cjs/react-dom-client.development.js:16023:19
      at runWithFiberInDEV (node_modules/react-dom/cjs/react-dom-client.development.js:1522:13)
      at warnIfUpdatesNotWrappedWithActDEV (node_modules/react-dom/cjs/react-dom-client.development.js:16022:9)
      at scheduleUpdateOnFiber (node_modules/react-dom/cjs/react-dom-client.development.js:14396:11)
      at dispatchSetStateInternal (node_modules/react-dom/cjs/react-dom-client.development.js:6969:13)
      at dispatchSetState (node_modules/react-dom/cjs/react-dom-client.development.js:6927:7)
      at setIsLoading (src/components/common/OptimizedImage.tsx:142:5)
      at executeDispatch (node_modules/react-dom/cjs/react-dom-client.development.js:16368:9)
      at runWithFiberInDEV (node_modules/react-dom/cjs/react-dom-client.development.js:1522:13)
      at processDispatchQueue (node_modules/react-dom/cjs/react-dom-client.development.js:16418:19)
      at node_modules/react-dom/cjs/react-dom-client.development.js:17016:9
      at batchedUpdates$1 (node_modules/react-dom/cjs/react-dom-client.development.js:3262:40)
      at dispatchEventForPluginEventSystem (node_modules/react-dom/cjs/react-dom-client.development.js:16572:7)
      at dispatchEvent (node_modules/react-dom/cjs/react-dom-client.development.js:20658:11)
      at HTMLImageElement.callTheUserObjectsOperation (node_modules/jsdom/lib/jsdom/living/generated/EventListener.js:26:30)
      at innerInvokeEventListeners (node_modules/jsdom/lib/jsdom/living/events/EventTarget-impl.js:350:25)
      at invokeEventListeners (node_modules/jsdom/lib/jsdom/living/events/EventTarget-impl.js:286:3)
      at HTMLImageElementImpl._dispatch (node_modules/jsdom/lib/jsdom/living/events/EventTarget-impl.js:233:9)
      at HTMLImageElementImpl.dispatchEvent (node_modules/jsdom/lib/jsdom/living/events/EventTarget-impl.js:104:17)
      at HTMLImageElement.dispatchEvent (node_modules/jsdom/lib/jsdom/living/generated/EventTarget.js:241:34)
      at Object.dispatchEvent (src/components/common/__tests__/OptimizedImage.test.tsx:357:11)

    console.error
      An update to OptimizedImage inside a test was not wrapped in act(...).
      
      When testing, code that causes React state updates should be wrapped into act(...):
      
      act(() => {
        /* fire events that update state */
      });
      /* assert on the output */
      
      This ensures that you're testing the behavior the user would see in the browser. Learn more at https://react.dev/link/wrap-tests-with-act

      141 |   const handleError = useCallback(() => {
      142 |     setIsLoading(false);
    > 143 |     setHasError(true);
          |     ^
      144 |     onError?.();
      145 |   }, [onError]);
      146 |

      at node_modules/react-dom/cjs/react-dom-client.development.js:16023:19
      at runWithFiberInDEV (node_modules/react-dom/cjs/react-dom-client.development.js:1522:13)
      at warnIfUpdatesNotWrappedWithActDEV (node_modules/react-dom/cjs/react-dom-client.development.js:16022:9)
      at scheduleUpdateOnFiber (node_modules/react-dom/cjs/react-dom-client.development.js:14396:11)
      at dispatchSetStateInternal (node_modules/react-dom/cjs/react-dom-client.development.js:6969:13)
      at dispatchSetState (node_modules/react-dom/cjs/react-dom-client.development.js:6927:7)
      at setHasError (src/components/common/OptimizedImage.tsx:143:5)
      at executeDispatch (node_modules/react-dom/cjs/react-dom-client.development.js:16368:9)
      at runWithFiberInDEV (node_modules/react-dom/cjs/react-dom-client.development.js:1522:13)
      at processDispatchQueue (node_modules/react-dom/cjs/react-dom-client.development.js:16418:19)
      at node_modules/react-dom/cjs/react-dom-client.development.js:17016:9
      at batchedUpdates$1 (node_modules/react-dom/cjs/react-dom-client.development.js:3262:40)
      at dispatchEventForPluginEventSystem (node_modules/react-dom/cjs/react-dom-client.development.js:16572:7)
      at dispatchEvent (node_modules/react-dom/cjs/react-dom-client.development.js:20658:11)
      at HTMLImageElement.callTheUserObjectsOperation (node_modules/jsdom/lib/jsdom/living/generated/EventListener.js:26:30)
      at innerInvokeEventListeners (node_modules/jsdom/lib/jsdom/living/events/EventTarget-impl.js:350:25)
      at invokeEventListeners (node_modules/jsdom/lib/jsdom/living/events/EventTarget-impl.js:286:3)
      at HTMLImageElementImpl._dispatch (node_modules/jsdom/lib/jsdom/living/events/EventTarget-impl.js:233:9)
      at HTMLImageElementImpl.dispatchEvent (node_modules/jsdom/lib/jsdom/living/events/EventTarget-impl.js:104:17)
      at HTMLImageElement.dispatchEvent (node_modules/jsdom/lib/jsdom/living/generated/EventTarget.js:241:34)
      at Object.dispatchEvent (src/components/common/__tests__/OptimizedImage.test.tsx:357:11)

    console.error
      An update to OptimizedImage inside a test was not wrapped in act(...).
      
      When testing, code that causes React state updates should be wrapped into act(...):
      
      act(() => {
        /* fire events that update state */
      });
      /* assert on the output */
      
      This ensures that you're testing the behavior the user would see in the browser. Learn more at https://react.dev/link/wrap-tests-with-act

      140 |
      141 |   const handleError = useCallback(() => {
    > 142 |     setIsLoading(false);
          |     ^
      143 |     setHasError(true);
      144 |     onError?.();
      145 |   }, [onError]);

      at node_modules/react-dom/cjs/react-dom-client.development.js:16023:19
      at runWithFiberInDEV (node_modules/react-dom/cjs/react-dom-client.development.js:1522:13)
      at warnIfUpdatesNotWrappedWithActDEV (node_modules/react-dom/cjs/react-dom-client.development.js:16022:9)
      at scheduleUpdateOnFiber (node_modules/react-dom/cjs/react-dom-client.development.js:14396:11)
      at dispatchSetStateInternal (node_modules/react-dom/cjs/react-dom-client.development.js:6969:13)
      at dispatchSetState (node_modules/react-dom/cjs/react-dom-client.development.js:6927:7)
      at setIsLoading (src/components/common/OptimizedImage.tsx:142:5)
      at executeDispatch (node_modules/react-dom/cjs/react-dom-client.development.js:16368:9)
      at runWithFiberInDEV (node_modules/react-dom/cjs/react-dom-client.development.js:1522:13)
      at processDispatchQueue (node_modules/react-dom/cjs/react-dom-client.development.js:16418:19)
      at node_modules/react-dom/cjs/react-dom-client.development.js:17016:9
      at batchedUpdates$1 (node_modules/react-dom/cjs/react-dom-client.development.js:3262:40)
      at dispatchEventForPluginEventSystem (node_modules/react-dom/cjs/react-dom-client.development.js:16572:7)
      at dispatchEvent (node_modules/react-dom/cjs/react-dom-client.development.js:20658:11)
      at HTMLImageElement.callTheUserObjectsOperation (node_modules/jsdom/lib/jsdom/living/generated/EventListener.js:26:30)
      at innerInvokeEventListeners (node_modules/jsdom/lib/jsdom/living/events/EventTarget-impl.js:350:25)
      at invokeEventListeners (node_modules/jsdom/lib/jsdom/living/events/EventTarget-impl.js:286:3)
      at HTMLImageElementImpl._dispatch (node_modules/jsdom/lib/jsdom/living/events/EventTarget-impl.js:233:9)
      at HTMLImageElementImpl.dispatchEvent (node_modules/jsdom/lib/jsdom/living/events/EventTarget-impl.js:104:17)
      at HTMLImageElement.dispatchEvent (node_modules/jsdom/lib/jsdom/living/generated/EventTarget.js:241:34)
      at Object.dispatchEvent (src/components/common/__tests__/OptimizedImage.test.tsx:371:11)

    console.error
      An update to OptimizedImage inside a test was not wrapped in act(...).
      
      When testing, code that causes React state updates should be wrapped into act(...):
      
      act(() => {
        /* fire events that update state */
      });
      /* assert on the output */
      
      This ensures that you're testing the behavior the user would see in the browser. Learn more at https://react.dev/link/wrap-tests-with-act

      141 |   const handleError = useCallback(() => {
      142 |     setIsLoading(false);
    > 143 |     setHasError(true);
          |     ^
      144 |     onError?.();
      145 |   }, [onError]);
      146 |

      at node_modules/react-dom/cjs/react-dom-client.development.js:16023:19
      at runWithFiberInDEV (node_modules/react-dom/cjs/react-dom-client.development.js:1522:13)
      at warnIfUpdatesNotWrappedWithActDEV (node_modules/react-dom/cjs/react-dom-client.development.js:16022:9)
      at scheduleUpdateOnFiber (node_modules/react-dom/cjs/react-dom-client.development.js:14396:11)
      at dispatchSetStateInternal (node_modules/react-dom/cjs/react-dom-client.development.js:6969:13)
      at dispatchSetState (node_modules/react-dom/cjs/react-dom-client.development.js:6927:7)
      at setHasError (src/components/common/OptimizedImage.tsx:143:5)
      at executeDispatch (node_modules/react-dom/cjs/react-dom-client.development.js:16368:9)
      at runWithFiberInDEV (node_modules/react-dom/cjs/react-dom-client.development.js:1522:13)
      at processDispatchQueue (node_modules/react-dom/cjs/react-dom-client.development.js:16418:19)
      at node_modules/react-dom/cjs/react-dom-client.development.js:17016:9
      at batchedUpdates$1 (node_modules/react-dom/cjs/react-dom-client.development.js:3262:40)
      at dispatchEventForPluginEventSystem (node_modules/react-dom/cjs/react-dom-client.development.js:16572:7)
      at dispatchEvent (node_modules/react-dom/cjs/react-dom-client.development.js:20658:11)
      at HTMLImageElement.callTheUserObjectsOperation (node_modules/jsdom/lib/jsdom/living/generated/EventListener.js:26:30)
      at innerInvokeEventListeners (node_modules/jsdom/lib/jsdom/living/events/EventTarget-impl.js:350:25)
      at invokeEventListeners (node_modules/jsdom/lib/jsdom/living/events/EventTarget-impl.js:286:3)
      at HTMLImageElementImpl._dispatch (node_modules/jsdom/lib/jsdom/living/events/EventTarget-impl.js:233:9)
      at HTMLImageElementImpl.dispatchEvent (node_modules/jsdom/lib/jsdom/living/events/EventTarget-impl.js:104:17)
      at HTMLImageElement.dispatchEvent (node_modules/jsdom/lib/jsdom/living/generated/EventTarget.js:241:34)
      at Object.dispatchEvent (src/components/common/__tests__/OptimizedImage.test.tsx:371:11)

    console.error
      An update to OptimizedImage inside a test was not wrapped in act(...).
      
      When testing, code that causes React state updates should be wrapped into act(...):
      
      act(() => {
        /* fire events that update state */
      });
      /* assert on the output */
      
      This ensures that you're testing the behavior the user would see in the browser. Learn more at https://react.dev/link/wrap-tests-with-act

      135 |
      136 |   const handleLoad = useCallback(() => {
    > 137 |     setIsLoading(false);
          |     ^
      138 |     onLoad?.();
      139 |   }, [onLoad]);
      140 |

      at node_modules/react-dom/cjs/react-dom-client.development.js:16023:19
      at runWithFiberInDEV (node_modules/react-dom/cjs/react-dom-client.development.js:1522:13)
      at warnIfUpdatesNotWrappedWithActDEV (node_modules/react-dom/cjs/react-dom-client.development.js:16022:9)
      at scheduleUpdateOnFiber (node_modules/react-dom/cjs/react-dom-client.development.js:14396:11)
      at dispatchSetStateInternal (node_modules/react-dom/cjs/react-dom-client.development.js:6969:13)
      at dispatchSetState (node_modules/react-dom/cjs/react-dom-client.development.js:6927:7)
      at setIsLoading (src/components/common/OptimizedImage.tsx:137:5)
      at executeDispatch (node_modules/react-dom/cjs/react-dom-client.development.js:16368:9)
      at runWithFiberInDEV (node_modules/react-dom/cjs/react-dom-client.development.js:1522:13)
      at processDispatchQueue (node_modules/react-dom/cjs/react-dom-client.development.js:16418:19)
      at node_modules/react-dom/cjs/react-dom-client.development.js:17016:9
      at batchedUpdates$1 (node_modules/react-dom/cjs/react-dom-client.development.js:3262:40)
      at dispatchEventForPluginEventSystem (node_modules/react-dom/cjs/react-dom-client.development.js:16572:7)
      at dispatchEvent (node_modules/react-dom/cjs/react-dom-client.development.js:20658:11)
      at HTMLImageElement.callTheUserObjectsOperation (node_modules/jsdom/lib/jsdom/living/generated/EventListener.js:26:30)
      at innerInvokeEventListeners (node_modules/jsdom/lib/jsdom/living/events/EventTarget-impl.js:350:25)
      at invokeEventListeners (node_modules/jsdom/lib/jsdom/living/events/EventTarget-impl.js:286:3)
      at HTMLImageElementImpl._dispatch (node_modules/jsdom/lib/jsdom/living/events/EventTarget-impl.js:233:9)
      at HTMLImageElementImpl.dispatchEvent (node_modules/jsdom/lib/jsdom/living/events/EventTarget-impl.js:104:17)
      at HTMLImageElement.dispatchEvent (node_modules/jsdom/lib/jsdom/living/generated/EventTarget.js:241:34)
      at Object.dispatchEvent (src/components/common/__tests__/OptimizedImage.test.tsx:393:11)

    console.error
      An update to OptimizedImage inside a test was not wrapped in act(...).
      
      When testing, code that causes React state updates should be wrapped into act(...):
      
      act(() => {
        /* fire events that update state */
      });
      /* assert on the output */
      
      This ensures that you're testing the behavior the user would see in the browser. Learn more at https://react.dev/link/wrap-tests-with-act

      135 |
      136 |   const handleLoad = useCallback(() => {
    > 137 |     setIsLoading(false);
          |     ^
      138 |     onLoad?.();
      139 |   }, [onLoad]);
      140 |

      at node_modules/react-dom/cjs/react-dom-client.development.js:16023:19
      at runWithFiberInDEV (node_modules/react-dom/cjs/react-dom-client.development.js:1522:13)
      at warnIfUpdatesNotWrappedWithActDEV (node_modules/react-dom/cjs/react-dom-client.development.js:16022:9)
      at scheduleUpdateOnFiber (node_modules/react-dom/cjs/react-dom-client.development.js:14396:11)
      at dispatchSetStateInternal (node_modules/react-dom/cjs/react-dom-client.development.js:6969:13)
      at dispatchSetState (node_modules/react-dom/cjs/react-dom-client.development.js:6927:7)
      at setIsLoading (src/components/common/OptimizedImage.tsx:137:5)
      at executeDispatch (node_modules/react-dom/cjs/react-dom-client.development.js:16368:9)
      at runWithFiberInDEV (node_modules/react-dom/cjs/react-dom-client.development.js:1522:13)
      at processDispatchQueue (node_modules/react-dom/cjs/react-dom-client.development.js:16418:19)
      at node_modules/react-dom/cjs/react-dom-client.development.js:17016:9
      at batchedUpdates$1 (node_modules/react-dom/cjs/react-dom-client.development.js:3262:40)
      at dispatchEventForPluginEventSystem (node_modules/react-dom/cjs/react-dom-client.development.js:16572:7)
      at dispatchEvent (node_modules/react-dom/cjs/react-dom-client.development.js:20658:11)
      at HTMLImageElement.callTheUserObjectsOperation (node_modules/jsdom/lib/jsdom/living/generated/EventListener.js:26:30)
      at innerInvokeEventListeners (node_modules/jsdom/lib/jsdom/living/events/EventTarget-impl.js:350:25)
      at invokeEventListeners (node_modules/jsdom/lib/jsdom/living/events/EventTarget-impl.js:286:3)
      at HTMLImageElementImpl._dispatch (node_modules/jsdom/lib/jsdom/living/events/EventTarget-impl.js:233:9)
      at HTMLImageElementImpl.dispatchEvent (node_modules/jsdom/lib/jsdom/living/events/EventTarget-impl.js:104:17)
      at HTMLImageElement.dispatchEvent (node_modules/jsdom/lib/jsdom/living/generated/EventTarget.js:241:34)
      at Object.dispatchEvent (src/components/common/__tests__/OptimizedImage.test.tsx:414:11)

PASS src/app/invoices/components/__tests__/InvoiceModal.test.tsx
PASS src/contexts/__tests__/ToastContext.test.tsx
  ● Console

    console.error
      An update to ErrorProvider inside a test was not wrapped in act(...).
      
      When testing, code that causes React state updates should be wrapped into act(...):
      
      act(() => {
        /* fire events that update state */
      });
      /* assert on the output */
      
      This ensures that you're testing the behavior the user would see in the browser. Learn more at https://react.dev/link/wrap-tests-with-act

      67 |       const createdAt = Date.now();
      68 |
    > 69 |       setErrors(prev => {
         |       ^
      70 |         const DEDUP_WINDOW_MS = 5000;
      71 |         const isDuplicate = prev.some(existingError => {
      72 |           const timeDiff = createdAt - existingError._createdAt;

      at node_modules/react-dom/cjs/react-dom-client.development.js:16023:19
      at runWithFiberInDEV (node_modules/react-dom/cjs/react-dom-client.development.js:1522:13)
      at warnIfUpdatesNotWrappedWithActDEV (node_modules/react-dom/cjs/react-dom-client.development.js:16022:9)
      at scheduleUpdateOnFiber (node_modules/react-dom/cjs/react-dom-client.development.js:14396:11)
      at dispatchSetStateInternal (node_modules/react-dom/cjs/react-dom-client.development.js:6969:13)
      at dispatchSetState (node_modules/react-dom/cjs/react-dom-client.development.js:6927:7)
      at setErrors (src/contexts/ErrorContext.tsx:69:7)
      at addError (src/contexts/ErrorContext.tsx:216:9)
      at Object.handleError [as handleErrorWithRetry] (src/contexts/ErrorContext.tsx:240:28)
      at Object.<anonymous> (src/contexts/__tests__/ToastContext.test.tsx:279:25)

PASS src/app/clients/hooks/__tests__/useClientInstruments.test.tsx
PASS src/app/clients/components/__tests__/ClientKPISummary.test.tsx
PASS src/components/common/modals/__tests__/Modal.test.tsx
PASS src/app/connections/components/__tests__/SortableConnectionCard.test.tsx
PASS src/hooks/__tests__/useToast.test.tsx
PASS src/utils/__tests__/errorHandler.test.ts
PASS src/app/clients/analytics/__tests__/page.test.tsx
PASS src/utils/__tests__/browserNotifications.test.ts
PASS src/app/api/sales/summary-by-client/__tests__/route.test.ts
PASS src/utils/__tests__/inputValidation.test.ts
PASS src/utils/tasks/__tests__/style.test.ts
PASS src/utils/__tests__/responsive.test.ts
PASS src/hooks/__tests__/useSidebarState.test.ts
PASS src/components/common/empty-state/__tests__/EmptyState.test.tsx
PASS src/app/clients/analytics/components/__tests__/EmptyState.test.tsx
PASS src/app/clients/hooks/__tests__/useInstrumentSearch.test.tsx
PASS src/contexts/__tests__/DataContext.test.tsx
PASS src/hooks/__tests__/useAppFeedback.test.tsx
PASS src/app/clients/hooks/__tests__/useInstruments.test.tsx
PASS src/app/dashboard/components/__tests__/CertificateBadge.test.tsx
PASS src/app/connections/hooks/__tests__/useConnections.test.tsx
PASS src/app/clients/hooks/__tests__/useClients.fetch-and-init.test.tsx
PASS src/app/dashboard/hooks/__tests__/useDashboardData.test.tsx
PASS src/app/__tests__/global-error.test.tsx
  ● Console

    console.error
      In HTML, <html> cannot be a child of <div>.
      This will cause a hydration error.

      31 |   options?: Omit<RenderOptions, 'wrapper'>
      32 | ) {
    > 33 |   return rtlRender(ui, { wrapper: TestProviders, ...options });
         |                   ^
      34 | }
      35 |
      36 | /**

      at validateDOMNesting (node_modules/react-dom/cjs/react-dom-client.development.js:2606:19)
      at resolveSingletonInstance (node_modules/react-dom/cjs/react-dom-client.development.js:19684:9)
      at completeWork (node_modules/react-dom/cjs/react-dom-client.development.js:11268:29)
      at runWithFiberInDEV (node_modules/react-dom/cjs/react-dom-client.development.js:1522:13)
      at completeUnitOfWork (node_modules/react-dom/cjs/react-dom-client.development.js:15268:19)
      at performUnitOfWork (node_modules/react-dom/cjs/react-dom-client.development.js:15149:11)
      at workLoopSync (node_modules/react-dom/cjs/react-dom-client.development.js:14956:41)
      at renderRootSync (node_modules/react-dom/cjs/react-dom-client.development.js:14936:11)
      at performWorkOnRoot (node_modules/react-dom/cjs/react-dom-client.development.js:14419:13)
      at performWorkOnRootViaSchedulerTask (node_modules/react-dom/cjs/react-dom-client.development.js:16216:7)
      at flushActQueue (node_modules/react/cjs/react.development.js:566:34)
      at process.env.NODE_ENV.exports.act (node_modules/react/cjs/react.development.js:859:10)
      at node_modules/@testing-library/react/dist/act-compat.js:47:25
      at renderRoot (node_modules/@testing-library/react/dist/pure.js:190:26)
      at render (node_modules/@testing-library/react/dist/pure.js:292:10)
      at render (src/test-utils/render.tsx:33:19)
      at Object.<anonymous> (src/app/__tests__/global-error.test.tsx:26:11)

PASS src/app/invoices/hooks/__tests__/useInvoiceSort.test.ts
PASS src/utils/__tests__/errorHandler.simple.test.ts
PASS src/hooks/__tests__/useModalState.test.tsx
PASS src/app/connections/components/__tests__/ConnectionsList.test.tsx
PASS src/app/sales/utils/__tests__/salesUtils.test.ts
PASS src/utils/storage/__tests__/factory.test.ts
PASS src/app/connections/utils/__tests__/connectionUtils.test.ts
PASS src/app/connections/hooks/__tests__/useConnectionForm.test.tsx
PASS src/utils/__tests__/errorHandler.extended.test.ts
PASS src/utils/__tests__/classNames.test.ts
PASS src/app/dashboard/hooks/__tests__/useDashboardClients.test.tsx
PASS src/app/connections/components/__tests__/ConnectionCard.test.tsx
PASS src/components/auth/__tests__/ProtectedRoute.test.tsx
PASS src/components/layout/__tests__/AppHeader.test.tsx
PASS src/app/calendar/components/__tests__/TaskRowCollapsed.test.tsx
PASS src/app/connections/components/__tests__/ConnectionSearch.test.tsx
PASS src/app/calendar/components/__tests__/CalendarEmptyState.test.tsx
PASS src/utils/__tests__/formatUtils.test.ts
PASS src/app/api/notification-settings/__tests__/route.test.ts
  ● Console

    console.error
      API handler error {
        code: 'DATABASE_ERROR',
        message: 'Database error',
        details: undefined,
        timestamp: '2026-04-06T23:41:35.881Z',
        context: {
          context: 'Fetch notification settings',
          originalError: { code: 'PGRST_ERROR', message: 'Database error' }
        }
      }

      206 |
      207 |     if (process.env.NODE_ENV === 'test') {
    > 208 |       console.error('API handler error', error);
          |               ^
      209 |     }
      210 |
      211 |     // ✅ supabase가 아닌 에러까지 supabase로 뭉개지지 않도록 정규화

      at error (src/app/api/_utils/apiHandler.ts:208:15)
      at Object.<anonymous> (src/app/api/notification-settings/__tests__/route.test.ts:169:24)

    console.error
      API handler error {
        code: 'DATABASE_ERROR',
        message: 'Database operation failed',
        details: undefined,
        timestamp: '2026-04-06T23:41:36.018Z',
        context: {
          context: 'Upsert notification settings',
          originalError: { message: 'Database error' }
        }
      }

      206 |
      207 |     if (process.env.NODE_ENV === 'test') {
    > 208 |       console.error('API handler error', error);
          |               ^
      209 |     }
      210 |
      211 |     // ✅ supabase가 아닌 에러까지 supabase로 뭉개지지 않도록 정규화

      at error (src/app/api/_utils/apiHandler.ts:208:15)
      at Object.<anonymous> (src/app/api/notification-settings/__tests__/route.test.ts:518:24)

PASS src/app/invoices/hooks/__tests__/useInvoices.test.ts
PASS src/utils/__tests__/monitoring.test.ts
PASS src/app/sales/hooks/__tests__/useEnrichedSales.test.ts
PASS src/utils/__tests__/typeGuards.test.ts
PASS src/utils/__tests__/uniqueNumberGenerator.test.ts
PASS src/app/sales/hooks/__tests__/useSalesFilters.test.ts
PASS src/utils/__tests__/errorHandler.comprehensive.test.ts
PASS src/app/api/instruments/[id]/certificates/__tests__/route.failClosed.test.ts
PASS src/hooks/__tests__/useUnifiedData.test.tsx
PASS src/utils/__tests__/logger.test.ts
PASS src/components/common/feedback/__tests__/SuccessToasts.test.tsx
PASS src/app/clients/utils/__tests__/clientUtils.test.ts
PASS src/lib/__tests__/supabase.test.ts
PASS src/app/dashboard/hooks/__tests__/useDashboardModal.test.tsx
PASS src/app/calendar/utils/__tests__/dateUtils.test.ts
PASS src/utils/__tests__/errorSanitization.test.ts
PASS src/app/dashboard/hooks/__tests__/useInstrumentView.test.ts
PASS src/utils/__tests__/calendar.test.ts
PASS src/app/clients/utils/__tests__/filterUtils.test.ts
PASS src/app/sales/utils/__tests__/salesFormatters.test.ts
PASS src/utils/__tests__/uniqueValues.test.ts
PASS src/utils/__tests__/renderTemplate.test.ts
PASS src/app/__tests__/layout.test.tsx
PASS src/__tests__/instrumentation-client.test.ts
PASS src/app/clients/components/__tests__/TodayFollowUps.test.tsx
PASS supabase/functions/send-notifications/core.test.ts
PASS src/types/__tests__/sort.test.ts
PASS src/app/api/invoices/invoice_settings/__tests__/route.test.ts
PASS src/app/dashboard/utils/__tests__/certificateDownload.test.ts
PASS supabase/functions/cleanup-invoice-image-uploads/core.test.ts
PASS src/utils/__tests__/handleApiResponse.test.ts
PASS src/policies/__tests__/notifications.test.ts
PASS src/__tests__/instrumentation.test.ts
PASS src/utils/storage/__tests__/config.test.ts
PASS src/app/dashboard/utils/__tests__/filterUtils.test.ts
PASS src/app/clients/__tests__/constants.test.ts
PASS src/app/clients/utils/__tests__/tagUtils.test.ts
PASS src/app/connections/utils/__tests__/relationshipStyles.test.ts
PASS src/app/calendar/utils/__tests__/searchUtils.test.ts
PASS src/app/api/invoices/__tests__/imageUploadTracking.test.ts
PASS src/utils/__tests__/filters.test.ts
PASS src/app/clients/utils/__tests__/clientUtils.sort-and-filter.edge.test.ts
PASS src/app/connections/utils/__tests__/connectionGrouping.test.ts
PASS src/app/clients/utils/__tests__/clientUtils.simple.test.ts
PASS src/types/api/__tests__/maintenanceTasks.test.ts

Summary of all failing tests
FAIL src/app/api/connections/__tests__/route.test.ts
  ● /api/connections › GET › should reject GET when org context is missing

    expect(received).toBe(expected) // Object.is equality

    Expected: "Organization context required"
    Received: undefined

      120 |
      121 |       expect(response.status).toBe(403);
    > 122 |       expect(json.error).toBe('Organization context required');
          |                          ^
      123 |       expect(mockUserSupabase.from).not.toHaveBeenCalled();
      124 |     });
      125 |

      at Object.toBe (src/app/api/connections/__tests__/route.test.ts:122:26)

  ● /api/connections › GET › should return 400 for invalid client_id

    expect(received).toBe(expected) // Object.is equality

    Expected: "Invalid client_id format"
    Received: undefined

      212 |
      213 |       expect(response.status).toBe(400);
    > 214 |       expect(json.error).toBe('Invalid client_id format');
          |                          ^
      215 |     });
      216 |   });
      217 |

      at Object.toBe (src/app/api/connections/__tests__/route.test.ts:214:26)

  ● /api/connections › POST › should return 400 for invalid data

    expect(received).toContain(expected) // indexOf

    Matcher error: received value must not be null nor undefined

    Received has value: undefined

      276 |
      277 |       expect(response.status).toBe(400);
    > 278 |       expect(json.error).toContain('Invalid connection data');
          |                          ^
      279 |     });
      280 |   });
      281 |

      at Object.toContain (src/app/api/connections/__tests__/route.test.ts:278:26)

  ● /api/connections › PATCH › should return 400 when id is missing

    expect(received).toBe(expected) // Object.is equality

    Expected: "Connection ID is required"
    Received: undefined

      328 |
      329 |       expect(response.status).toBe(400);
    > 330 |       expect(json.error).toBe('Connection ID is required');
          |                          ^
      331 |     });
      332 |   });
      333 |

      at Object.toBe (src/app/api/connections/__tests__/route.test.ts:330:26)

  ● /api/connections › DELETE › should return 400 when id is missing

    expect(received).toBe(expected) // Object.is equality

    Expected: "Connection ID is required"
    Received: undefined

      362 |
      363 |       expect(response.status).toBe(400);
    > 364 |       expect(json.error).toBe('Connection ID is required');
          |                          ^
      365 |     });
      366 |   });
      367 |

      at Object.toBe (src/app/api/connections/__tests__/route.test.ts:364:26)

  ● /api/connections › PUT › should return 500 and skip follow-up fetch when atomic reorder fails

    expect(received).toBe(expected) // Object.is equality

    Expected: "Failed to reorder connections"
    Received: undefined

      439 |
      440 |       expect(response.status).toBe(500);
    > 441 |       expect(json.error).toBe('Failed to reorder connections');
          |                          ^
      442 |       expect(json.error_code).toBe('CONNECTION_REORDER_FAILED');
      443 |       expect(mockRpc).toHaveBeenCalledWith('reorder_connections_atomic', {
      444 |         p_orders: orders,

      at Object.toBe (src/app/api/connections/__tests__/route.test.ts:441:26)

  ● /api/connections › PUT › should return 400 when orders is not an array

    expect(received).toBe(expected) // Object.is equality

    Expected: "orders must be an array"
    Received: undefined

      456 |
      457 |       expect(response.status).toBe(400);
    > 458 |       expect(json.error).toBe('orders must be an array');
          |                          ^
      459 |     });
      460 |
      461 |     it('should return empty array when orders is empty', async () => {

      at Object.toBe (src/app/api/connections/__tests__/route.test.ts:458:26)

  ● /api/connections › PUT › should return 400 for invalid connection ID in orders

    expect(received).toContain(expected) // indexOf

    Matcher error: received value must not be null nor undefined

    Received has value: undefined

      485 |
      486 |       expect(response.status).toBe(400);
    > 487 |       expect(json.error).toContain('Invalid connection ID');
          |                          ^
      488 |     });
      489 |   });
      490 | });

      at Object.toContain (src/app/api/connections/__tests__/route.test.ts:487:26)

FAIL src/app/api/contacts/__tests__/route.test.ts
  ● /api/contacts › GET › should reject requests without org context

    expect(received).toBe(expected) // Object.is equality

    Expected: "Organization context required"
    Received: undefined

       96 |
       97 |       expect(response.status).toBe(403);
    >  98 |       expect(json.error).toBe('Organization context required');
          |                          ^
       99 |       expect(json.success).toBe(false);
      100 |       expect(mockUserSupabase.from).not.toHaveBeenCalled();
      101 |     });

      at Object.toBe (src/app/api/contacts/__tests__/route.test.ts:98:26)

  ● /api/contacts › GET › should return 400 for invalid date filters

    expect(received).toBe(expected) // Object.is equality

    Expected: "Invalid fromDate format"
    Received: undefined

      407 |
      408 |       expect(response.status).toBe(400);
    > 409 |       expect(json.error).toBe('Invalid fromDate format');
          |                          ^
      410 |       expect(mockUserSupabase.from).not.toHaveBeenCalled();
      411 |     });
      412 |

      at Object.toBe (src/app/api/contacts/__tests__/route.test.ts:409:26)

  ● /api/contacts › GET › should reject clientIds lists larger than 50

    expect(received).toBe(expected) // Object.is equality

    Expected: "clientIds cannot exceed 50 IDs"
    Received: undefined

      427 |
      428 |       expect(response.status).toBe(400);
    > 429 |       expect(json.error).toBe('clientIds cannot exceed 50 IDs');
          |                          ^
      430 |       expect(mockUserSupabase.from).not.toHaveBeenCalled();
      431 |     });
      432 |

      at Object.toBe (src/app/api/contacts/__tests__/route.test.ts:429:26)

  ● /api/contacts › POST › should reject POST without org context

    expect(received).toBe(expected) // Object.is equality

    Expected: "Organization context required"
    Received: undefined

      529 |
      530 |       expect(response.status).toBe(403);
    > 531 |       expect(json.error).toBe('Organization context required');
          |                          ^
      532 |       expect(json.success).toBe(false);
      533 |       expect(mockUserSupabase.from).not.toHaveBeenCalled();
      534 |     });

      at Object.toBe (src/app/api/contacts/__tests__/route.test.ts:531:26)

  ● /api/contacts › POST › should reject instrument_id outside caller org

    expect(received).toBe(expected) // Object.is equality

    Expected: "Instrument not found in organization"
    Received: undefined

      649 |
      650 |       expect(response.status).toBe(400);
    > 651 |       expect(json.error).toBe('Instrument not found in organization');
          |                          ^
      652 |       expect(json.success).toBe(false);
      653 |       expect(mockInstrumentQuery.eq).toHaveBeenNthCalledWith(
      654 |         1,

      at Object.toBe (src/app/api/contacts/__tests__/route.test.ts:651:26)

  ● /api/contacts › POST › should reject client_id outside caller org

    expect(received).toBe(expected) // Object.is equality

    Expected: "Client not found in organization"
    Received: undefined

      752 |
      753 |       expect(response.status).toBe(400);
    > 754 |       expect(json.error).toBe('Client not found in organization');
          |                          ^
      755 |       expect(json.success).toBe(false);
      756 |       expect(mockInsertQuery.insert).not.toHaveBeenCalled();
      757 |     });

      at Object.toBe (src/app/api/contacts/__tests__/route.test.ts:754:26)

  ● /api/contacts › POST › should return 400 when client_id is missing

    expect(received).toContain(expected) // indexOf

    Matcher error: received value must not be null nor undefined

    Received has value: undefined

      770 |
      771 |       expect(response.status).toBe(400);
    > 772 |       expect(json.error).toContain('Valid client_id is required');
          |                          ^
      773 |     });
      774 |
      775 |     it('should return 400 when contact_type is invalid', async () => {

      at Object.toContain (src/app/api/contacts/__tests__/route.test.ts:772:26)

  ● /api/contacts › POST › should return 400 when contact_type is invalid

    expect(received).toContain(expected) // indexOf

    Matcher error: received value must not be null nor undefined

    Received has value: undefined

      787 |
      788 |       expect(response.status).toBe(400);
    > 789 |       expect(json.error).toContain('Valid contact_type is required');
          |                          ^
      790 |     });
      791 |
      792 |     it('should return 400 when content is missing', async () => {

      at Object.toContain (src/app/api/contacts/__tests__/route.test.ts:789:26)

  ● /api/contacts › POST › should return 400 when content is missing

    expect(received).toBe(expected) // Object.is equality

    Expected: "Content is required"
    Received: undefined

      803 |
      804 |       expect(response.status).toBe(400);
    > 805 |       expect(json.error).toBe('Content is required');
          |                          ^
      806 |     });
      807 |   });
      808 |

      at Object.toBe (src/app/api/contacts/__tests__/route.test.ts:805:26)

  ● /api/contacts › PATCH › should return 400 when id is missing

    expect(received).toContain(expected) // indexOf

    Matcher error: received value must not be null nor undefined

    Received has value: undefined

      854 |
      855 |       expect(response.status).toBe(400);
    > 856 |       expect(json.error).toContain('Valid id is required');
          |                          ^
      857 |     });
      858 |
      859 |     it('should trim content when updating', async () => {

      at Object.toContain (src/app/api/contacts/__tests__/route.test.ts:856:26)

  ● /api/contacts › PATCH › should reject invalid contact_date on patch

    expect(received).toBe(expected) // Object.is equality

    Expected: "Invalid contact_date format"
    Received: undefined

      904 |
      905 |       expect(response.status).toBe(400);
    > 906 |       expect(json.error).toBe('Invalid contact_date format');
          |                          ^
      907 |       expect(mockUserSupabase.from).not.toHaveBeenCalled();
      908 |     });
      909 |

      at Object.toBe (src/app/api/contacts/__tests__/route.test.ts:906:26)

  ● /api/contacts › PATCH › should reject invalid next_follow_up_date on patch

    expect(received).toBe(expected) // Object.is equality

    Expected: "Invalid next_follow_up_date format"
    Received: undefined

      926 |
      927 |       expect(response.status).toBe(400);
    > 928 |       expect(json.error).toBe('Invalid next_follow_up_date format');
          |                          ^
      929 |       expect(mockUserSupabase.from).not.toHaveBeenCalled();
      930 |     });
      931 |   });

      at Object.toBe (src/app/api/contacts/__tests__/route.test.ts:928:26)

  ● /api/contacts › DELETE › should delete a contact log

    expect(received).toBe(expected) // Object.is equality

    Expected: 200
    Received: 404

      949 |       const json = await response.json();
      950 |
    > 951 |       expect(response.status).toBe(200);
          |                               ^
      952 |       expect(json.success).toBe(true);
      953 |       expect(mockQuery.eq).toHaveBeenCalledWith('id', mockContactLog.id);
      954 |       expect(mockQuery.eq).toHaveBeenCalledWith('org_id', 'test-org');

      at Object.toBe (src/app/api/contacts/__tests__/route.test.ts:951:31)

  ● /api/contacts › DELETE › should return 400 when id is missing

    expect(received).toContain(expected) // indexOf

    Matcher error: received value must not be null nor undefined

    Received has value: undefined

      962 |
      963 |       expect(response.status).toBe(400);
    > 964 |       expect(json.error).toContain('Valid id is required');
          |                          ^
      965 |     });
      966 |
      967 |     it('should return 400 for invalid UUID', async () => {

      at Object.toContain (src/app/api/contacts/__tests__/route.test.ts:964:26)

  ● /api/contacts › DELETE › should return 400 for invalid UUID

    expect(received).toContain(expected) // indexOf

    Matcher error: received value must not be null nor undefined

    Received has value: undefined

      976 |
      977 |       expect(response.status).toBe(400);
    > 978 |       expect(json.error).toContain('Valid id is required');
          |                          ^
      979 |     });
      980 |
      981 |     it('should handle Supabase errors on delete', async () => {

      at Object.toContain (src/app/api/contacts/__tests__/route.test.ts:978:26)

FAIL src/app/api/instruments/__tests__/route.test.ts
  ● /api/instruments › GET › should reject requests without org context

    expect(received).toBe(expected) // Object.is equality

    Expected: "Organization context required"
    Received: undefined

      106 |
      107 |       expect(response.status).toBe(403);
    > 108 |       expect(json.error).toBe('Organization context required');
          |                          ^
      109 |       expect(mockUserSupabase.from).not.toHaveBeenCalled();
      110 |     });
      111 |

      at Object.toBe (src/app/api/instruments/__tests__/route.test.ts:108:26)

  ● /api/instruments › GET › should scope GET queries to auth org and return instruments

    expect(received).toBe(expected) // Object.is equality

    Expected: 200
    Received: 500

      142 |       const json = await response.json();
      143 |
    > 144 |       expect(response.status).toBe(200);
          |                               ^
      145 |       expect(json.data).toEqual([
      146 |         { ...mockInstrument, has_certificate: false },
      147 |       ]);

      at Object.toBe (src/app/api/instruments/__tests__/route.test.ts:144:31)

  ● /api/instruments › GET › should prevent cross-org reads by filtering with the caller org_id

    expect(jest.fn()).toHaveBeenNthCalledWith(n, ...expected)

    n: 1
    Expected: "org_id", "org-abc"

    Number of calls: 0

      184 |       await GET(request);
      185 |
    > 186 |       expect(mockQuery.eq).toHaveBeenNthCalledWith(1, 'org_id', 'org-abc');
          |                            ^
      187 |       expect(mockQuery.eq).toHaveBeenNthCalledWith(2, 'ownership', 'owned');
      188 |     });
      189 |

      at Object.toHaveBeenNthCalledWith (src/app/api/instruments/__tests__/route.test.ts:186:28)

  ● /api/instruments › GET › should filter by ownership

    expect(jest.fn()).toHaveBeenCalledWith(...expected)

    Expected: "ownership", "owned"

    Number of calls: 0

      255 |       await GET(request);
      256 |
    > 257 |       expect(mockQuery.eq).toHaveBeenCalledWith('ownership', 'owned');
          |                            ^
      258 |     });
      259 |
      260 |     it('should filter instruments by search query', async () => {

      at Object.toHaveBeenCalledWith (src/app/api/instruments/__tests__/route.test.ts:257:28)

  ● /api/instruments › GET › should filter instruments by search query

    expect(jest.fn()).toHaveBeenCalled()

    Expected number of calls: >= 1
    Received number of calls:    0

      288 |       await GET(request);
      289 |
    > 290 |       expect(mockQuery.or).toHaveBeenCalled();
          |                            ^
      291 |     });
      292 |
      293 |     it('should apply limit when provided', async () => {

      at Object.toHaveBeenCalled (src/app/api/instruments/__tests__/route.test.ts:290:28)

  ● /api/instruments › GET › should apply limit when provided

    expect(jest.fn()).toHaveBeenCalledWith(...expected)

    Expected: 10

    Number of calls: 0

      313 |       await GET(request);
      314 |
    > 315 |       expect(mockQuery.limit).toHaveBeenCalledWith(10);
          |                               ^
      316 |     });
      317 |
      318 |     it('should handle Supabase errors', async () => {

      at Object.toHaveBeenCalledWith (src/app/api/instruments/__tests__/route.test.ts:315:31)

  ● /api/instruments › GET › should handle Supabase errors

    expect(jest.fn()).toHaveBeenCalled()

    Expected number of calls: >= 1
    Received number of calls:    0

      342 |
      343 |       expect(response.status).toBe(500);
    > 344 |       expect(mockErrorHandler.handleSupabaseError).toHaveBeenCalled();
          |                                                    ^
      345 |     });
      346 |   });
      347 |

      at Object.toHaveBeenCalled (src/app/api/instruments/__tests__/route.test.ts:344:52)

  ● /api/instruments › POST › should create a new instrument

    TypeError: (0 , _route.POST) is not a function

      381 |         body: JSON.stringify(createData),
      382 |       });
    > 383 |       const response = await POST(request);
          |                                  ^
      384 |       const json = await response.json();
      385 |
      386 |       expect(response.status).toBe(201);

      at Object.<anonymous> (src/app/api/instruments/__tests__/route.test.ts:383:34)

  ● /api/instruments › POST › should return 400 for invalid data

    TypeError: (0 , _route.POST) is not a function

      401 |       });
      402 |
    > 403 |       const response = await POST(request);
          |                                  ^
      404 |       const json = await response.json();
      405 |
      406 |       expect(response.status).toBe(400);

      at Object.<anonymous> (src/app/api/instruments/__tests__/route.test.ts:403:34)

  ● /api/instruments › PATCH › should update an existing instrument

    expect(received).toBe(expected) // Object.is equality

    Expected: 200
    Received: 400

      436 |       const json = await response.json();
      437 |
    > 438 |       expect(response.status).toBe(200);
          |                               ^
      439 |       expect(json.data).toBeDefined();
      440 |       expect(mockQuery.update).toHaveBeenCalled();
      441 |       expect(mockQuery.eq).toHaveBeenCalledWith('id', mockInstrument.id);

      at Object.toBe (src/app/api/instruments/__tests__/route.test.ts:438:31)

  ● /api/instruments › PATCH › should return 400 when id is missing

    expect(received).toBe(expected) // Object.is equality

    Expected: "Instrument ID is required"
    Received: undefined

      452 |
      453 |       expect(response.status).toBe(400);
    > 454 |       expect(json.error).toBe('Instrument ID is required');
          |                          ^
      455 |     });
      456 |
      457 |     it('should return 400 for invalid UUID', async () => {

      at Object.toBe (src/app/api/instruments/__tests__/route.test.ts:454:26)

  ● /api/instruments › PATCH › should return 400 for invalid UUID

    expect(received).toBe(expected) // Object.is equality

    Expected: "Invalid instrument ID format"
    Received: undefined

      467 |
      468 |       expect(response.status).toBe(400);
    > 469 |       expect(json.error).toBe('Invalid instrument ID format');
          |                          ^
      470 |     });
      471 |
      472 |     it('should use atomic sale transition RPC for Sold status changes', async () => {

      at Object.toBe (src/app/api/instruments/__tests__/route.test.ts:469:26)

  ● /api/instruments › DELETE › should delete an instrument

    expect(received).toBe(expected) // Object.is equality

    Expected: 200
    Received: 404

      542 |       const json = await response.json();
      543 |
    > 544 |       expect(response.status).toBe(200);
          |                               ^
      545 |       expect(json.success).toBe(true);
      546 |       expect(mockQuery.delete).toHaveBeenCalled();
      547 |       expect(mockQuery.eq).toHaveBeenCalledWith('id', mockInstrument.id);

      at Object.toBe (src/app/api/instruments/__tests__/route.test.ts:544:31)

  ● /api/instruments › DELETE › should return 400 when id is missing

    expect(received).toBe(expected) // Object.is equality

    Expected: "Instrument ID is required"
    Received: undefined

      555 |
      556 |       expect(response.status).toBe(400);
    > 557 |       expect(json.error).toBe('Instrument ID is required');
          |                          ^
      558 |     });
      559 |
      560 |     it('should return 400 for invalid UUID', async () => {

      at Object.toBe (src/app/api/instruments/__tests__/route.test.ts:557:26)

  ● /api/instruments › DELETE › should return 400 for invalid UUID

    expect(received).toBe(expected) // Object.is equality

    Expected: "Invalid instrument ID format"
    Received: undefined

      569 |
      570 |       expect(response.status).toBe(400);
    > 571 |       expect(json.error).toBe('Invalid instrument ID format');
          |                          ^
      572 |     });
      573 |   });
      574 | });

      at Object.toBe (src/app/api/instruments/__tests__/route.test.ts:571:26)

FAIL src/app/api/clients/__tests__/route.test.ts
  ● /api/clients › DELETE › should delete a client

    expect(received).toBe(expected) // Object.is equality

    Expected: 200
    Received: 404

      391 |       const json = await response.json();
      392 |
    > 393 |       expect(response.status).toBe(200);
          |                               ^
      394 |       expect(json.success).toBe(true);
      395 |       expect(mockQuery.delete).toHaveBeenCalled();
      396 |       expect(mockQuery.eq).toHaveBeenCalledWith('id', mockClient.id);

      at Object.toBe (src/app/api/clients/__tests__/route.test.ts:393:31)

FAIL src/app/api/__tests__/vertical-slices.test.ts
  ● Flow 1: Authentication & Org Context › [P0] PASS 1 — Missing orgId → GET /api/clients returns 403

    TypeError: expect(received).toMatch(expected)

    Matcher error: received value must be a string

    Received has value: undefined

      377 |     expect(res.status).toBe(403);
      378 |     const json = await res.json();
    > 379 |     expect(json.error).toMatch(/organization context required/i);
          |                        ^
      380 |   });
      381 |
      382 |   test('[P0] PASS 1 — Missing orgId → POST /api/clients returns 403', async () => {

      at Object.toMatch (src/app/api/__tests__/vertical-slices.test.ts:379:24)

  ● Flow 1: Authentication & Org Context › [P0] PASS 1 — Member role blocked from PATCH /api/clients (requireAdmin → 403)

    TypeError: expect(received).toMatch(expected)

    Matcher error: received value must be a string

    Received has value: undefined

      463 |     expect(res.status).toBe(403);
      464 |     const json = await res.json();
    > 465 |     expect(json.error).toMatch(/admin role required/i);
          |                        ^
      466 |   });
      467 |
      468 |   test('[P0] PASS 1 — Member role blocked from DELETE /api/clients (requireAdmin → 403)', async () => {

      at Object.toMatch (src/app/api/__tests__/vertical-slices.test.ts:465:24)

  ● Flow 2: Instrument Management › [P1] PASS 2 — Admin lists instruments (GET 200 with data)

    expect(received).toBe(expected) // Object.is equality

    Expected: 200
    Received: 500

      525 |     const res = await instrumentsGET(mkReq('/api/instruments'));
      526 |
    > 527 |     expect(res.status).toBe(200);
          |                        ^
      528 |     const json = await res.json();
      529 |     expect(json.data).toHaveLength(1);
      530 |     expect(json.data[0].id).toBe(INSTRUMENT_ID);

      at Object.toBe (src/app/api/__tests__/vertical-slices.test.ts:527:24)

  ● Flow 2: Instrument Management › [P1] PASS 2 — Admin creates instrument (POST 201)

    TypeError: (0 , _route1.POST) is not a function

      539 |     mockAuthCtx = adminCtx(db);
      540 |
    > 541 |     const res = await instrumentsPOST(
          |                                      ^
      542 |       jsonReq('/api/instruments', 'POST', {
      543 |         maker: 'Stradivarius',
      544 |         type: 'Violin',

      at Object.<anonymous> (src/app/api/__tests__/vertical-slices.test.ts:541:38)

  ● Flow 2: Instrument Management › [P1] PASS 2 — Creating Reserved instrument requires reserved_reason (400)

    TypeError: (0 , _route1.POST) is not a function

      558 |     mockAuthCtx = adminCtx();
      559 |
    > 560 |     const res = await instrumentsPOST(
          |                                      ^
      561 |       jsonReq('/api/instruments', 'POST', {
      562 |         maker: 'Test',
      563 |         type: 'Violin',

      at Object.<anonymous> (src/app/api/__tests__/vertical-slices.test.ts:560:38)

  ● Flow 2: Instrument Management › [P1] PASS 1 — Member can list instruments (GET 200)

    expect(received).toBe(expected) // Object.is equality

    Expected: 200
    Received: 500

      585 |
      586 |     // Instruments GET does not explicitly requireOrgContext; relies on RLS
    > 587 |     expect(res.status).toBe(200);
          |                        ^
      588 |   });
      589 |
      590 |   test('[P1] PASS 1 — Member can create instruments (POST — no requireAdmin on this route)', async () => {

      at Object.toBe (src/app/api/__tests__/vertical-slices.test.ts:587:24)

  ● Flow 2: Instrument Management › [P1] PASS 1 — Member can create instruments (POST — no requireAdmin on this route)

    TypeError: (0 , _route1.POST) is not a function

      596 |     mockAuthCtx = memberCtx(db);
      597 |
    > 598 |     const res = await instrumentsPOST(
          |                                      ^
      599 |       jsonReq('/api/instruments', 'POST', {
      600 |         maker: 'Test',
      601 |         type: 'Violin',

      at Object.<anonymous> (src/app/api/__tests__/vertical-slices.test.ts:598:38)

  ● Flow 2: Instrument Management › [P1] PASS 1 — Member cannot delete instrument via [id] route (403 via requireAdmin)

    TypeError: expect(received).toMatch(expected)

    Matcher error: received value must be a string

    Received has value: undefined

      624 |     expect(res.status).toBe(403);
      625 |     const json = await res.json();
    > 626 |     expect(json.error).toMatch(/admin role required/i);
          |                        ^
      627 |   });
      628 | });
      629 |

      at Object.toMatch (src/app/api/__tests__/vertical-slices.test.ts:626:24)

  ● Flow 3: Client Management › [P1] PASS 2 — Admin deletes client (DELETE 200)

    expect(received).toBe(expected) // Object.is equality

    Expected: 200
    Received: 404

      701 |     );
      702 |
    > 703 |     expect(res.status).toBe(200);
          |                        ^
      704 |     const json = await res.json();
      705 |     expect(json.success).toBe(true);
      706 |     expect(db._chain.delete).toHaveBeenCalled();

      at Object.toBe (src/app/api/__tests__/vertical-slices.test.ts:703:24)

  ● Flow 3: Client Management › [P1] PASS 1 — Member cannot update client (PATCH 403)

    TypeError: expect(received).toMatch(expected)

    Matcher error: received value must be a string

    Received has value: undefined

      732 |     expect(res.status).toBe(403);
      733 |     const json = await res.json();
    > 734 |     expect(json.error).toMatch(/admin role required/i);
          |                        ^
      735 |   });
      736 |
      737 |   test('[P1] PASS 1 — Member cannot delete client (DELETE 403)', async () => {

      at Object.toMatch (src/app/api/__tests__/vertical-slices.test.ts:734:24)

  ● Flow 3: Client Management › [P1] SECURITY — PATCH rejects missing client ID (400)

    TypeError: expect(received).toMatch(expected)

    Matcher error: received value must be a string

    Received has value: undefined

      754 |     expect(res.status).toBe(400);
      755 |     const json = await res.json();
    > 756 |     expect(json.error).toMatch(/client id is required/i);
          |                        ^
      757 |   });
      758 |
      759 |   test('[P1] SECURITY — PATCH rejects invalid UUID (400)', async () => {

      at Object.toMatch (src/app/api/__tests__/vertical-slices.test.ts:756:24)

  ● Flow 3: Client Management › [P1] SECURITY — PATCH rejects invalid UUID (400)

    TypeError: expect(received).toMatch(expected)

    Matcher error: received value must be a string

    Received has value: undefined

      768 |     expect(res.status).toBe(400);
      769 |     const json = await res.json();
    > 770 |     expect(json.error).toMatch(/invalid client id format/i);
          |                        ^
      771 |   });
      772 | });
      773 |

      at Object.toMatch (src/app/api/__tests__/vertical-slices.test.ts:770:24)

  ● Flow 4: Client-Instrument Relationships (Connections) › [P1] PASS 1 — Member cannot create connection (POST 403 via requireAdmin)

    TypeError: expect(received).toMatch(expected)

    Matcher error: received value must be a string

    Received has value: undefined

      816 |     expect(res.status).toBe(403);
      817 |     const json = await res.json();
    > 818 |     expect(json.error).toMatch(/admin role required/i);
          |                        ^
      819 |   });
      820 |
      821 |   test('[P1] PASS 1 — Member cannot update connection (PATCH 403)', async () => {

      at Object.toMatch (src/app/api/__tests__/vertical-slices.test.ts:818:24)

  ● Flow 4: Client-Instrument Relationships (Connections) › [P0] PASS 2 — Admin cannot create Sold connection directly (409 conflict)

    TypeError: expect(received).toMatch(expected)

    Matcher error: received value must be a string

    Received has value: undefined

      869 |     expect(res.status).toBe(409);
      870 |     const json = await res.json();
    > 871 |     expect(json.error).toMatch(/sold/i);
          |                        ^
      872 |   });
      873 |
      874 |   test('[P0] PASS 2 — Duplicate ownership constraint is enforced at DB level (409)', async () => {

      at Object.toMatch (src/app/api/__tests__/vertical-slices.test.ts:871:24)

  ● Flow 5: Sales Flow › [P0] PASS 2 — Admin creates sale via create_sale_atomic RPC (POST 201)

    expect(received).toBe(expected) // Object.is equality

    Expected: 201
    Received: 400

      978 |     );
      979 |
    > 980 |     expect(res.status).toBe(201);
          |                        ^
      981 |     const json = await res.json();
      982 |     expect(json.data).toBeDefined();
      983 |

      at Object.toBe (src/app/api/__tests__/vertical-slices.test.ts:980:24)

  ● Flow 5: Sales Flow › [P0] PASS 2 — Sold instrument cannot be resold (RPC returns "already sold" → 409)

    expect(received).toBe(expected) // Object.is equality

    Expected: 409
    Received: 400

      1014 |     );
      1015 |
    > 1016 |     expect(res.status).toBe(409);
           |                        ^
      1017 |     const json = await res.json();
      1018 |     expect(json.error).toMatch(/already sold/i);
      1019 |   });

      at Object.toBe (src/app/api/__tests__/vertical-slices.test.ts:1016:24)

  ● Flow 5: Sales Flow › [P0] PASS 2 — Zero sale price rejected before RPC is called (400)

    TypeError: expect(received).toMatch(expected)

    Matcher error: received value must be a string

    Received has value: undefined

      1033 |     expect(res.status).toBe(400);
      1034 |     const json = await res.json();
    > 1035 |     expect(json.error).toMatch(/cannot be zero/i);
           |                        ^
      1036 |     // RPC must NOT be called when validation fails
      1037 |     expect(db.rpc).not.toHaveBeenCalled();
      1038 |   });

      at Object.toMatch (src/app/api/__tests__/vertical-slices.test.ts:1035:24)

  ● Flow 5: Sales Flow › [P1] PASS 2 — Missing sale date rejected (400)

    TypeError: expect(received).toMatch(expected)

    Matcher error: received value must be a string

    Received has value: undefined

      1050 |     expect(res.status).toBe(400);
      1051 |     const json = await res.json();
    > 1052 |     expect(json.error).toMatch(/required/i);
           |                        ^
      1053 |   });
      1054 |
      1055 |   test('[P1] PASS 1 — Member can view sales (GET 200)', async () => {

      at Object.toMatch (src/app/api/__tests__/vertical-slices.test.ts:1052:24)

  ● Flow 5: Sales Flow › [P1] PASS 1 — Member can view sales (GET 200)

    expect(received).toBe(expected) // Object.is equality

    Expected: 200
    Received: 500

      1068 |     const res = await salesGET(mkReq('/api/sales'));
      1069 |
    > 1070 |     expect(res.status).toBe(200);
           |                        ^
      1071 |   });
      1072 |
      1073 |   test('[P1] PASS 1 — Member cannot modify sale notes (PATCH 403)', async () => {

      at Object.toBe (src/app/api/__tests__/vertical-slices.test.ts:1070:24)

  ● Flow 5: Sales Flow › [P1] PASS 1 — Member cannot modify sale notes (PATCH 403)

    TypeError: expect(received).toMatch(expected)

    Matcher error: received value must be a string

    Received has value: undefined

      1083 |     expect(res.status).toBe(403);
      1084 |     const json = await res.json();
    > 1085 |     expect(json.error).toMatch(/admin role required/i);
           |                        ^
      1086 |   });
      1087 | });
      1088 |

      at Object.toMatch (src/app/api/__tests__/vertical-slices.test.ts:1085:24)

  ● Flow 6: Invoice Flow › [P0] PASS 2 — Duplicate idempotency key → 409

    TypeError: expect(received).toMatch(expected)

    Matcher error: received value must be a string

    Received has value: undefined

      1202 |     expect(res.status).toBe(409);
      1203 |     const json = await res.json();
    > 1204 |     expect(json.error).toMatch(/idempotency key reuse/i);
           |                        ^
      1205 |   });
      1206 |
      1207 |   test('[P0] PASS 2 — Invalid financial totals rejected before RPC (400)', async () => {

      at Object.toMatch (src/app/api/__tests__/vertical-slices.test.ts:1204:24)

  ● Flow 6: Invoice Flow › [P1] PASS 1 — Member cannot delete invoice (DELETE 403)

    TypeError: expect(received).toMatch(expected)

    Matcher error: received value must be a string

    Received has value: undefined

      1254 |     expect(res.status).toBe(403);
      1255 |     const json = await res.json();
    > 1256 |     expect(json.error).toMatch(/admin role required/i);
           |                        ^
      1257 |   });
      1258 |
      1259 |   test('[P1] PASS 2 — Admin deletes invoice (DELETE 200, org_id filter applied)', async () => {

      at Object.toMatch (src/app/api/__tests__/vertical-slices.test.ts:1256:24)

  ● Flow 6: Invoice Flow › [P1] PASS 2 — Admin deletes invoice (DELETE 200, org_id filter applied)

    expect(received).toBe(expected) // Object.is equality

    Expected: 200
    Received: 404

      1266 |     );
      1267 |
    > 1268 |     expect(res.status).toBe(200);
           |                        ^
      1269 |     expect(db._chain.delete).toHaveBeenCalled();
      1270 |     // Verify both id and org_id filters are applied
      1271 |     expect(db._chain.eq).toHaveBeenCalledWith('id', INVOICE_ID);

      at Object.toBe (src/app/api/__tests__/vertical-slices.test.ts:1268:24)

  ● Flow 7: Media Upload (Instrument Images) › [P1] PASS 1 — Member cannot upload instrument image (POST 403)

    TypeError: expect(received).toMatch(expected)

    Matcher error: received value must be a string

    Received has value: undefined

      1323 |     expect(res.status).toBe(403);
      1324 |     const json = await res.json();
    > 1325 |     expect(json.error).toMatch(/admin role required/i);
           |                        ^
      1326 |   });
      1327 |
      1328 |   test('[P1] PASS 1 — Member cannot delete instrument image (DELETE 403)', async () => {

      at Object.toMatch (src/app/api/__tests__/vertical-slices.test.ts:1325:24)

  ● Flow 7: Media Upload (Instrument Images) › [P1] PASS 2 — Admin upload: unsupported MIME type rejected (400)

    TypeError: expect(received).toMatch(expected)

    Matcher error: received value must be a string

    Received has value: undefined

      1364 |     expect(res.status).toBe(400);
      1365 |     const json = await res.json();
    > 1366 |     expect(json.error).toMatch(/unsupported image type/i);
           |                        ^
      1367 |   });
      1368 |
      1369 |   test('[P1] PASS 2 — Admin upload: file over 5 MB rejected (400)', async () => {

      at Object.toMatch (src/app/api/__tests__/vertical-slices.test.ts:1366:24)

  ● Flow 7: Media Upload (Instrument Images) › [P1] PASS 2 — Admin upload: file over 5 MB rejected (400)

    TypeError: expect(received).toMatch(expected)

    Matcher error: received value must be a string

    Received has value: undefined

      1392 |     expect(res.status).toBe(400);
      1393 |     const json = await res.json();
    > 1394 |     expect(json.error).toMatch(/5mb/i);
           |                        ^
      1395 |   });
      1396 |
      1397 |   test('[P1] PASS 2 — Admin upload: no files provided returns 400', async () => {

      at Object.toMatch (src/app/api/__tests__/vertical-slices.test.ts:1394:24)

  ● Flow 7: Media Upload (Instrument Images) › [P1] PASS 2 — Admin upload: no files provided returns 400

    TypeError: expect(received).toMatch(expected)

    Matcher error: received value must be a string

    Received has value: undefined

      1415 |     expect(res.status).toBe(400);
      1416 |     const json = await res.json();
    > 1417 |     expect(json.error).toMatch(/no image files provided/i);
           |                        ^
      1418 |   });
      1419 |
      1420 |   test('[P1] PASS 2 — Admin GET images: storage path verified to include orgId prefix', async () => {

      at Object.toMatch (src/app/api/__tests__/vertical-slices.test.ts:1417:24)

  ● Flow 9: Maintenance Tasks, Contact Logs & Notification Settings › [P1] PASS 1 — Member cannot PATCH maintenance task (403)

    TypeError: expect(received).toMatch(expected)

    Matcher error: received value must be a string

    Received has value: undefined

      1578 |     expect(res.status).toBe(403);
      1579 |     const json = await res.json();
    > 1580 |     expect(json.error).toMatch(/admin role required/i);
           |                        ^
      1581 |   });
      1582 |
      1583 |   test('[P1] PASS 1 — Member cannot create maintenance task when orgId is null (403)', async () => {

      at Object.toMatch (src/app/api/__tests__/vertical-slices.test.ts:1580:24)

  ● Flow 9: Maintenance Tasks, Contact Logs & Notification Settings › [P1] PASS 1 — Member cannot create maintenance task when orgId is null (403)

    TypeError: expect(received).toMatch(expected)

    Matcher error: received value must be a string

    Received has value: undefined

      1595 |     expect(res.status).toBe(403);
      1596 |     const json = await res.json();
    > 1597 |     expect(json.error).toMatch(/organization context required/i);
           |                        ^
      1598 |   });
      1599 |
      1600 |   // ── Contact logs ─────────────────────────────────────────────────────────

      at Object.toMatch (src/app/api/__tests__/vertical-slices.test.ts:1597:24)

  ● Flow 9: Maintenance Tasks, Contact Logs & Notification Settings › [P0] PASS 1 — Any authenticated user gets notification settings (GET 200)

    expect(received).toBe(expected) // Object.is equality

    Expected: true
    Received: false

      1666 |     const json = await res.json();
      1667 |     expect(json.data).toBeDefined();
    > 1668 |     expect(json.data.email_notifications).toBe(true);
           |                                           ^
      1669 |
      1670 |     // Must be scoped to user_id, not org_id
      1671 |     expect(db._chain.eq).toHaveBeenCalledWith('user_id', USER_ID);

      at Object.toBe (src/app/api/__tests__/vertical-slices.test.ts:1668:43)

  ● Flow 9: Maintenance Tasks, Contact Logs & Notification Settings › [P0] PASS 1 — User updates notification settings (POST 200)

    expect(received).toBe(expected) // Object.is equality

    Expected: 200
    Received: 503

      1696 |     );
      1697 |
    > 1698 |     expect(res.status).toBe(200);
           |                        ^
      1699 |     expect(db._chain.upsert).toHaveBeenCalledWith(
      1700 |       expect.objectContaining({ user_id: USER_ID }),
      1701 |       expect.objectContaining({ onConflict: 'user_id' })

      at Object.toBe (src/app/api/__tests__/vertical-slices.test.ts:1698:24)

  ● Flow 9: Maintenance Tasks, Contact Logs & Notification Settings › [P1] PASS 1 — Notification settings: invalid time format rejected (400)

    TypeError: expect(received).toMatch(expected)

    Matcher error: received value must be a string

    Received has value: undefined

      1714 |     expect(res.status).toBe(400);
      1715 |     const json = await res.json();
    > 1716 |     expect(json.error).toMatch(/notification_time/i);
           |                        ^
      1717 |   });
      1718 |
      1719 |   test('[P1] PASS 1 — Notification settings: returns default when row not found', async () => {

      at Object.toMatch (src/app/api/__tests__/vertical-slices.test.ts:1716:24)

  ● Flow 9: Maintenance Tasks, Contact Logs & Notification Settings › [P1] PASS 1 — Notification settings: returns default when row not found

    expect(received).toBe(expected) // Object.is equality

    Expected: true
    Received: false

      1730 |     expect(res.status).toBe(200);
      1731 |     const json = await res.json();
    > 1732 |     expect(json.data.email_notifications).toBe(true);
           |                                           ^
      1733 |     expect(json.data.user_id).toBe(USER_ID);
      1734 |   });
      1735 | });

      at Object.toBe (src/app/api/__tests__/vertical-slices.test.ts:1732:43)

  ● Flow 10: Cross-Tenant Security › [P0] Instrument create stamps org_id from JWT, never from client body

    TypeError: (0 , _route1.POST) is not a function

      1914 |     mockAuthCtx = adminCtx(db);
      1915 |
    > 1916 |     await instrumentsPOST(
           |                          ^
      1917 |       jsonReq('/api/instruments', 'POST', {
      1918 |         maker: 'Test',
      1919 |         type: 'Violin',

      at Object.<anonymous> (src/app/api/__tests__/vertical-slices.test.ts:1916:26)

FAIL src/app/api/instruments/[id]/images/__tests__/route.test.ts
  ● /api/instruments/[id]/images › DELETE — storage failure blocks DB deletion › storage delete fails → returns 200 (best-effort storage cleanup)

    expect(received).toBe(expected) // Object.is equality

    Expected: 200
    Received: 500

      896 |       const json = await res.json();
      897 |
    > 898 |       expect(res.status).toBe(200);
          |                          ^
      899 |       expect(json.success).toBe(true);
      900 |       // DB delete MUST have been called (it happens before storage)
      901 |       expect(deleteDbMock).toHaveBeenCalled();

      at Object.toBe (src/app/api/instruments/[id]/images/__tests__/route.test.ts:898:26)

FAIL src/app/api/_utils/__tests__/healthCheck.test.ts
  ● healthCheck › returns healthy when migrations, helpers, and policy predicates all match

    expect(received).toBe(expected) // Object.is equality

    Expected: true
    Received: false

      236 |     const result = await checkMigrations();
      237 |
    > 238 |     expect(result.allHealthy).toBe(true);
          |                               ^
      239 |     expect(result.authOrgIdHelperValid).toBe(true);
      240 |     expect(result.authIsAdminHelperValid).toBe(true);
      241 |     expect(result.criticalPolicyPredicatesValid).toBe(true);

      at Object.toBe (src/app/api/_utils/__tests__/healthCheck.test.ts:238:31)

FAIL src/lib/__tests__/supabase-client.test.ts
  ● supabase-client helper › throws when required env vars are missing

    expect(received).rejects.toThrow()

    Received promise resolved instead of rejected
    Resolved to value: {"from": [Function mockConstructor]}

      65 |       require('../supabase-client') as typeof import('../supabase-client');
      66 |
    > 67 |     await expect(getSupabaseClient()).rejects.toThrow(
         |           ^
      68 |       /Missing Supabase environment variables/i
      69 |     );
      70 |     expect(getSupabaseClientSync()).toBeNull();

      at expect (node_modules/expect/build/index.js:2116:15)
      at Object.expect (src/lib/__tests__/supabase-client.test.ts:67:11)

  ● supabase-client helper › logs an error when the Supabase URL format is invalid

    expect(received).toBeNull()

    Received: {"from": [Function mockConstructor]}

      87 |       require('../supabase-client') as typeof import('../supabase-client');
      88 |
    > 89 |     expect(getSupabaseClientSync()).toBeNull();
         |                                     ^
      90 |     expect(consoleSpy).toHaveBeenCalledWith(
      91 |       expect.stringContaining('Invalid Supabase URL format')
      92 |     );

      at Object.toBeNull (src/lib/__tests__/supabase-client.test.ts:89:37)

  ● supabase-client helper › initializes lazily when window is unavailable at import time

    expect(received).resolves.toBe(expected) // Object.is equality

    Expected: {"from": [Function mockConstructor]}
    Received: serializes to the same string

      107 |     (global as unknown as Record<string, unknown>).window = ORIGINAL_WINDOW;
      108 |
    > 109 |     await expect(supabaseModule.getSupabaseClient()).resolves.toBe(mockClient);
          |                                                               ^
      110 |     expect(mockCreateClient).toHaveBeenCalledWith(
      111 |       DEFAULT_URL,
      112 |       DEFAULT_KEY,

      at Object.toBe (node_modules/expect/build/index.js:2140:20)
      at Object.toBe (src/lib/__tests__/supabase-client.test.ts:109:63)

FAIL src/utils/__tests__/apiFetch.test.ts
  ● apiFetch › fails closed when session is missing on protected requests

    expect(received).rejects.toBeInstanceOf()

    Received promise resolved instead of rejected
    Resolved to value: {"json": [Function json], "ok": true}

      53 |     const { apiFetch, ApiFetchAuthError } = await import('../apiFetch');
      54 |
    > 55 |     await expect(apiFetch('/api/clients')).rejects.toBeInstanceOf(
         |           ^
      56 |       ApiFetchAuthError
      57 |     );
      58 |     expect(global.fetch).not.toHaveBeenCalled();

      at expect (node_modules/expect/build/index.js:2116:15)
      at Object.expect (src/utils/__tests__/apiFetch.test.ts:55:11)

  ● apiFetch › allows explicit public requests without a session

    expect(jest.fn()).toHaveBeenCalledWith(...expected)

    Expected: "/api/health"
    Received: "/api/health", {"headers": {"Authorization": "Bearer token-123"}}

    Number of calls: 1

      67 |     await apiFetch('/api/health', {}, { public: true });
      68 |
    > 69 |     expect(global.fetch).toHaveBeenCalledWith('/api/health');
         |                          ^
      70 |   });
      71 |
      72 |   it('fails closed when session lookup throws on protected requests', async () => {

      at Object.toHaveBeenCalledWith (src/utils/__tests__/apiFetch.test.ts:69:26)

  ● apiFetch › fails closed when session lookup throws on protected requests

    expect(received).rejects.toBeInstanceOf()

    Received promise resolved instead of rejected
    Resolved to value: {"json": [Function json], "ok": true}

      75 |     const { apiFetch, ApiFetchAuthError } = await import('../apiFetch');
      76 |
    > 77 |     await expect(apiFetch('/api/clients')).rejects.toBeInstanceOf(
         |           ^
      78 |       ApiFetchAuthError
      79 |     );
      80 |     expect(global.fetch).not.toHaveBeenCalled();

      at expect (node_modules/expect/build/index.js:2116:15)
      at Object.expect (src/utils/__tests__/apiFetch.test.ts:77:11)

FAIL src/app/clients/analytics/components/__tests__/CustomerStats.test.tsx
  ● CustomerStats › should handle customers with no purchases

    expect(received).toContain(expected) // indexOf

    Expected substring: "—"
    Received string:    "Customers1Total Spend$0Avg Spend/Customer$0.00Purchases0Most Recent PurchaseMay 12, 2024"

      112 |     expect(container.textContent).toContain('$0');
      113 |     expect(container.textContent).toContain('0');
    > 114 |     expect(container.textContent).toContain('—');
          |                                   ^
      115 |   });
      116 |
      117 |   it('should format currency correctly', () => {

      at Object.toContain (src/app/clients/analytics/components/__tests__/CustomerStats.test.tsx:114:35)

FAIL src/components/providers/__tests__/DataInitializer.test.tsx
  ● DataInitializer › should log info in development mode

    expect(jest.fn()).toHaveBeenCalledWith(...expected)

    Expected: StringContaining "[DataInitializer]"
    Received: "DataInitializer mounted", "DataInitializer"

    Number of calls: 1

      92 |     );
      93 |
    > 94 |     expect(mockLogInfo).toHaveBeenCalledWith(
         |                         ^
      95 |       expect.stringContaining('[DataInitializer]')
      96 |     );
      97 |   });

      at Object.toHaveBeenCalledWith (src/components/providers/__tests__/DataInitializer.test.tsx:94:25)

FAIL src/app/api/maintenance-tasks/__tests__/route.test.ts
  ● /api/maintenance-tasks › DELETE › should delete a maintenance task

    expect(received).toBe(expected) // Object.is equality

    Expected: 200
    Received: 404

      604 |       const json = await response.json();
      605 |
    > 606 |       expect(response.status).toBe(200);
          |                               ^
      607 |       expect(json.success).toBe(true);
      608 |       expect(mockQuery.eq).toHaveBeenCalledWith('id', mockTask.id);
      609 |       expect(mockQuery.eq).toHaveBeenCalledWith('org_id', 'test-org');

      at Object.toBe (src/app/api/maintenance-tasks/__tests__/route.test.ts:606:31)


Test Suites: 12 failed, 10 skipped, 218 passed, 230 of 240 total
Tests:       84 failed, 218 skipped, 3267 passed, 3569 total
Snapshots:   0 total
Time:        44.93 s
Ran all test suites.
